03-26 12:30:21.096  3810  3810 W ViewRootImpl[Launcher]: Dropping event due to no window focus: KeyEvent { action=ACTION_DOWN, keyCode=KEYCODE_BACK, scanCode=0, metaState=0, flags=0x48, repeatCount=0, eventTime=292583341, downTime=292583341, deviceId=-1, source=0x101 }
03-26 12:30:21.314  1979  2290 I chatty  : uid=1000(system) NetdConnector expire 6 lines
03-26 12:30:21.356  1333  1493 E NetlinkEvent: NetlinkEvent::FindParam(): Parameter 'INTERFACE' not found
03-26 12:30:21.356  1333  1493 E NetlinkEvent: NetlinkEvent::FindParam(): Parameter 'STATE' not found
03-26 12:30:21.356  1333  1493 E NetlinkEvent: NetlinkEvent::FindParam(): Parameter 'TIME_NS' not found
03-26 12:30:21.356  1333  1493 E NetlinkEvent: NetlinkEvent::FindParam(): Parameter 'UID' not found
03-26 12:30:21.387  1979  2282 I chatty  : uid=1000(system) InputDispatcher expire 7 lines
03-26 12:30:21.416  1979  4966 I chatty  : uid=1000(system) Binder:1979_14 expire 33 lines
03-26 12:30:21.417  1979  2012 I chatty  : uid=1000(system) android.ui expire 23 lines
03-26 12:30:21.420  1979 27393 I chatty  : uid=1000(system) Binder:1979_1E expire 15 lines
03-26 12:30:21.953 19354 19354 E SchedPolicy: set_timerslack_ns write failed: Operation not permitted
03-26 12:30:22.030  1979  3771 I chatty  : uid=1000(system) Binder:1979_D expire 57 lines
03-26 12:30:23.348  1979  2011 I chatty  : uid=1000(system) ActivityManager expire 11 lines
03-26 12:30:23.386  1979  2040 I chatty  : uid=1000(system) PowerManagerSer expire 1 line
03-26 12:30:24.053  1979  2224 I chatty  : uid=1000(system) android.anim expire 3 lines
03-26 12:30:24.091  1979  2386 I chatty  : uid=1000(system) AutobacklightTh expire 8 lines
03-26 12:30:24.095  1979  2042 I chatty  : uid=1000(system) WakelockControl expire 1 line
03-26 12:30:24.354  1979  2333 I chatty  : uid=1000(system) VivoPermission expire 1 line
03-26 12:30:24.662  2744 11057 W ContextImpl: Calling a method in the system process without a qualified user: android.app.ContextImpl.startService:1480 android.content.ContextWrapper.startService:650 com.vivo.smartmultiwindow.l1l.lllll.lll1ll:503 com.vivo.smartmultiwindow.services.ll111.run:284 java.lang.Thread.run:764 
03-26 12:30:24.834  1979  6068 I chatty  : uid=1000(system) Binder:1979_15 expire 7 lines
03-26 12:30:25.324 11038 11038 I FtBuild : getRomVersion mRomVer=4.0
03-26 12:30:25.514 11038 11038 D PhoneWindow: DEBUG_ALIENSCREEN:getRotation mRotation=0
03-26 12:30:25.564  1979  2303 I chatty  : uid=1000(system) ConnectivitySer expire 59 lines
03-26 12:30:25.831 14894 14924 W ContextImpl: Calling a method in the system process without a qualified user: android.app.ContextImpl.sendBroadcast:970 android.content.ContextWrapper.sendBroadcast:437 com.vivo.contentcatcher.server.specialtreatment.vtouch.VTouch.onTopActivityChanged:69 java.lang.reflect.Method.invoke:-2 com.vivo.contentcatcher.catcher.engine.rx.RxBus$1.a:65 
03-26 12:30:26.509  1335  1335 I wificond: Enters wifigbk_ageOutHistory
03-26 12:30:26.511  1335  1335 I wificond: Enters wifigbk_ageOutHistory
03-26 12:30:26.511 11038 11038 D PhoneWindow: DEBUG_ALIENSCREEN:getRotation mRotation=0
03-26 12:30:26.514  1333  1493 E NetlinkEvent: NetlinkEvent::FindParam(): Parameter 'INTERFACE' not found
03-26 12:30:26.514  1333  1493 E NetlinkEvent: NetlinkEvent::FindParam(): Parameter 'STATE' not found
03-26 12:30:26.514  1333  1493 E NetlinkEvent: NetlinkEvent::FindParam(): Parameter 'TIME_NS' not found
03-26 12:30:26.514  1333  1493 E NetlinkEvent: NetlinkEvent::FindParam(): Parameter 'UID' not found
03-26 12:30:27.377 11038 11038 I View    : updateSystemUiVisibility, blackBackground = true, getVisibility() = 0, getWindowVisibility() = 0, viewBounds = Rect(0, 0 - 0, 0), windowBounds = Rect(0, 0 - 0, 0), view = TextureView:com.tencent.qqlive.mediaplayer.renderview.QQLiveTextureView{af9fdf5 V.ED..... ......ID 0,0-0,0}
03-26 12:30:27.378 11038 11038 I View    : updateSystemUiVisibility, blackBackground = true, getVisibility() = 0, getWindowVisibility() = 0, viewBounds = Rect(0, 0 - 0, 0), windowBounds = Rect(0, 0 - 0, 0), view = TextureView:com.tencent.qqlive.mediaplayer.renderview.QQLiveTextureView{af9fdf5 V.ED..... ......ID 0,0-0,0}
03-26 12:30:28.257  1335  1335 I wificond: Enters wifigbk_ageOutHistory
03-26 12:30:28.258  1335  1335 I wificond: Enters wifigbk_ageOutHistory
03-26 12:30:28.753  2744 11348 W ContextImpl: Calling a method in the system process without a qualified user: android.app.ContextImpl.stopService:1492 android.content.ContextWrapper.stopService:660 com.vivo.smartmultiwindow.l1l.lllll.llll11:523 com.vivo.smartmultiwindow.services.ll111.run:295 java.lang.Thread.run:764 
03-26 12:30:28.758  1979 25807 I chatty  : uid=1000(system) Binder:1979_1C expire 22 lines
03-26 12:30:29.202  1979  2291 I chatty  : uid=1000(system) NetworkStats expire 7 lines
03-26 12:30:30.414  1979  2250 I chatty  : uid=1000(system) AlarmManager expire 1 line
03-26 12:30:30.428  1979  1979 I chatty  : uid=1000 system_server expire 5 lines
03-26 12:30:30.796 11471 11471 I VivoSystemReflect: add vivoBackupManager
03-26 12:30:30.995  1979  2303 I chatty  : uid=1000(system) ConnectivitySer expire 37 lines
03-26 12:30:31.338  1979 25808 I chatty  : uid=1000(system) Binder:1979_1D expire 4 lines
03-26 12:30:31.653  1333  1493 E NetlinkEvent: NetlinkEvent::FindParam(): Parameter 'INTERFACE' not found
03-26 12:30:31.654  1333  1493 E NetlinkEvent: NetlinkEvent::FindParam(): Parameter 'STATE' not found
03-26 12:30:31.654  1333  1493 E NetlinkEvent: NetlinkEvent::FindParam(): Parameter 'TIME_NS' not found
03-26 12:30:31.654  1333  1493 E NetlinkEvent: NetlinkEvent::FindParam(): Parameter 'UID' not found
03-26 12:30:31.977  1979  2011 I chatty  : uid=1000(system) ActivityManager expire 3 lines
03-26 12:30:31.986  1979  2282 I chatty  : uid=1000(system) InputDispatcher expire 15 lines
03-26 12:30:32.085  1979  2012 I chatty  : uid=1000(system) android.ui expire 9 lines
03-26 12:30:32.141  1979  3802 I chatty  : uid=1000(system) Binder:1979_10 expire 1 line
03-26 12:30:32.236  1979  6068 I chatty  : uid=1000(system) Binder:1979_15 expire 16 lines
03-26 12:30:32.238  1979  2386 I chatty  : uid=1000(system) AutobacklightTh expire 8 lines
03-26 12:30:32.242  1979  2313 I chatty  : uid=1000(system) VivoLocationUti expire 1 line
03-26 12:30:32.659  1979 27393 I chatty  : uid=1000(system) Binder:1979_1E expire 11 lines
03-26 12:30:33.994  1979  4966 I chatty  : uid=1000(system) Binder:1979_14 expire 28 lines
03-26 12:30:34.287  1979  2020 I chatty  : uid=1000(system) batterystats-wo expire 1 line
03-26 12:30:35.381  1979  2290 I chatty  : uid=1000(system) NetdConnector expire 10 lines
03-26 12:30:36.818  1333  1493 E NetlinkEvent: NetlinkEvent::FindParam(): Parameter 'INTERFACE' not found
03-26 12:30:36.818  1333  1493 E NetlinkEvent: NetlinkEvent::FindParam(): Parameter 'STATE' not found
03-26 12:30:36.818  1333  1493 E NetlinkEvent: NetlinkEvent::FindParam(): Parameter 'TIME_NS' not found
03-26 12:30:36.818  1333  1493 E NetlinkEvent: NetlinkEvent::FindParam(): Parameter 'UID' not found
03-26 12:30:38.901  1979 21765 I chatty  : uid=1000(system) Binder:1979_19 expire 35 lines
03-26 12:30:38.929  1979  2032 I chatty  : uid=1000(system) android.display expire 1 line
03-26 12:30:39.587  1979  2291 I chatty  : uid=1000(system) NetworkStats expire 14 lines
03-26 12:30:39.888  1979  2467 I chatty  : uid=1000(system) Binder:1979_5 expire 8 lines
03-26 12:30:41.676  1979  4538 I chatty  : uid=1000(system) Binder:1979_13 expire 7 lines
03-26 12:30:41.900 11654 11654 I VivoSystemReflect: add vivoBackupManager
03-26 12:30:41.933  1333  1493 E NetlinkEvent: NetlinkEvent::FindParam(): Parameter 'INTERFACE' not found
03-26 12:30:41.933  1333  1493 E NetlinkEvent: NetlinkEvent::FindParam(): Parameter 'STATE' not found
03-26 12:30:41.933  1333  1493 E NetlinkEvent: NetlinkEvent::FindParam(): Parameter 'TIME_NS' not found
03-26 12:30:41.933  1333  1493 E NetlinkEvent: NetlinkEvent::FindParam(): Parameter 'UID' not found
03-26 12:30:44.675  1979 28301 I chatty  : uid=1000(system) Binder:1979_20 expire 1 line
03-26 12:30:45.416  1979  2283 I chatty  : uid=1000(system) InputReader expire 16 lines
03-26 12:30:45.545  1979  2040 I chatty  : uid=1000(system) PowerManagerSer expire 9 lines
03-26 12:30:45.547  1979  5026 I chatty  : uid=1000(system) pool-8-thread-1 expire 1 line
03-26 12:30:45.551  1979  2389 I chatty  : uid=1000(system) AntiMisoperatio expire 3 lines
03-26 12:30:45.557  1979  2257 I chatty  : uid=1000(system) KeyguardUpdateM expire 43 lines
03-26 12:30:45.717  1979  2040 I chatty  : uid=1000(system) PowerManagerSer expire 24 lines
03-26 12:30:45.717  1979  2392 I chatty  : uid=1000(system) PhotonicModulat expire 18 lines
03-26 12:30:45.717  1979  2386 I chatty  : uid=1000(system) AutobacklightTh expire 3 lines
03-26 12:30:45.718  1979 27398 I chatty  : uid=1000(system) Binder:1979_1F expire 37 lines
03-26 12:30:45.727  1979  2331 I chatty  : uid=1000(system) TSLcdState expire 18 lines
03-26 12:30:45.782  1979  2467 I chatty  : uid=1000(system) Binder:1979_5 expire 1 line
03-26 12:30:45.827  1979  2347 I chatty  : uid=1000(system) FaceDirection expire 2 lines
03-26 12:30:45.840  1979  2032 I chatty  : uid=1000(system) android.display expire 4 lines
03-26 12:30:45.889  1979  2011 I chatty  : uid=1000(system) ActivityManager expire 10 lines
03-26 12:30:45.889  1979  1995 I chatty  : uid=1000(system) Binder:1979_2 expire 1 line
03-26 12:30:45.899  1979 11205 I chatty  : uid=1000(system) Binder:1979_17 expire 9 lines
03-26 12:30:45.902  1979 28301 I chatty  : uid=1000(system) Binder:1979_20 expire 10 lines
03-26 12:30:45.924  1979  2707 I chatty  : uid=1000(system) Binder:1979_8 expire 13 lines
03-26 12:30:45.946  2471  2471 I View    : updateSystemUiVisibility, blackBackground = false, getVisibility() = 8, getWindowVisibility() = 0, viewBounds = Rect(0, 0 - 0, 0), windowBounds = Rect(0, 0 - 0, 0), view = TextureView:com.vivo.common.widget.BlurRenderView{f83c4d2 G.ED..... ......ID 0,0-1080,2160}
03-26 12:30:45.947  2471  2471 I View    : updateSystemUiVisibility, blackBackground = false, getVisibility() = 8, getWindowVisibility() = 0, viewBounds = Rect(0, 0 - 0, 0), windowBounds = Rect(0, 0 - 0, 0), view = TextureView:com.vivo.systemui.statusbar.policy.render.SafeBlurRenderView{ba4eacc G.ED..... ......I. 0,0-1080,2160 #7f0a0478 app:id/vivo_render_view}
03-26 12:30:45.953  2471  2471 I View    : updateSystemUiVisibility, blackBackground = false, getVisibility() = 8, getWindowVisibility() = 0, viewBounds = Rect(0, 0 - 0, 0), windowBounds = Rect(0, 0 - 0, 0), view = TextureView:com.vivo.common.widget.BlurRenderView{f83c4d2 G.ED..... ......ID 0,0-1080,2160}
03-26 12:30:45.976  1979  1979 I chatty  : uid=1000 system_server expire 51 lines
03-26 12:30:45.984  2471  2471 V KeyguardDisplayManager: show
03-26 12:30:46.147  1979  2030 I chatty  : uid=1000(system) android.fg expire 1 line
03-26 12:30:46.218  1979  2290 I chatty  : uid=1000(system) NetdConnector expire 8 lines
03-26 12:30:46.381  1979  2313 I chatty  : uid=1000(system) VivoLocationUti expire 1 line
03-26 12:30:46.620  1979 23420 I chatty  : uid=1000(system) Binder:1979_1B expire 4 lines
03-26 12:30:46.734  1979  2958 I chatty  : uid=1000(system) Binder:1979_A expire 20 lines
03-26 12:30:49.003 10894 11796 E DexLoadReporter: Could not create the profile directory: /data/app/com.alibaba.android.rimet-1/lib/arm/oat/libsgmain.so.cur.prof
03-26 12:30:49.975  1979  2389 I chatty  : uid=1000(system) AntiMisoperatio expire 4 lines
03-26 12:30:51.142 10894 11822 E DexLoadReporter: Could not create the profile directory: /data/app/com.alibaba.android.rimet-1/lib/arm/oat/libsgsecuritybody.so.cur.prof
03-26 12:30:51.260 10894 11822 E DexLoadReporter: Could not create the profile directory: /data/app/com.alibaba.android.rimet-1/lib/arm/oat/libsgmisc.so.cur.prof
03-26 12:31:34.712  1333  1493 E NetlinkEvent: NetlinkEvent::FindParam(): Parameter 'INTERFACE' not found
03-26 12:31:34.713  1333  1493 E NetlinkEvent: NetlinkEvent::FindParam(): Parameter 'STATE' not found
03-26 12:31:34.713  1333  1493 E NetlinkEvent: NetlinkEvent::FindParam(): Parameter 'TIME_NS' not found
03-26 12:31:34.713  1333  1493 E NetlinkEvent: NetlinkEvent::FindParam(): Parameter 'UID' not found
03-26 12:31:34.716  1979  2290 I chatty  : uid=1000(system) NetdConnector expire 4 lines
03-26 12:31:34.818  1979 27398 I chatty  : uid=1000(system) Binder:1979_1F expire 7 lines
03-26 12:31:34.867  1333  1493 E NetlinkEvent: NetlinkEvent::FindParam(): Parameter 'INTERFACE' not found
03-26 12:31:34.867  1333  1493 E NetlinkEvent: NetlinkEvent::FindParam(): Parameter 'STATE' not found
03-26 12:31:34.867  1333  1493 E NetlinkEvent: NetlinkEvent::FindParam(): Parameter 'TIME_NS' not found
03-26 12:31:34.867  1333  1493 E NetlinkEvent: NetlinkEvent::FindParam(): Parameter 'UID' not found
03-26 12:31:52.532  1333  1493 E NetlinkEvent: NetlinkEvent::FindParam(): Parameter 'INTERFACE' not found
03-26 12:31:52.532  1333  1493 E NetlinkEvent: NetlinkEvent::FindParam(): Parameter 'STATE' not found
03-26 12:31:52.532  1333  1493 E NetlinkEvent: NetlinkEvent::FindParam(): Parameter 'TIME_NS' not found
03-26 12:31:52.532  1333  1493 E NetlinkEvent: NetlinkEvent::FindParam(): Parameter 'UID' not found
03-26 12:31:58.014  1333  1493 E NetlinkEvent: NetlinkEvent::FindParam(): Parameter 'INTERFACE' not found
03-26 12:31:58.014  1333  1493 E NetlinkEvent: NetlinkEvent::FindParam(): Parameter 'STATE' not found
03-26 12:31:58.014  1333  1493 E NetlinkEvent: NetlinkEvent::FindParam(): Parameter 'TIME_NS' not found
03-26 12:31:58.014  1333  1493 E NetlinkEvent: NetlinkEvent::FindParam(): Parameter 'UID' not found
03-26 12:32:02.888  1333  1493 E NetlinkEvent: NetlinkEvent::FindParam(): Parameter 'INTERFACE' not found
03-26 12:32:02.888  1333  1493 E NetlinkEvent: NetlinkEvent::FindParam(): Parameter 'STATE' not found
03-26 12:32:02.888  1333  1493 E NetlinkEvent: NetlinkEvent::FindParam(): Parameter 'TIME_NS' not found
03-26 12:32:02.888  1333  1493 E NetlinkEvent: NetlinkEvent::FindParam(): Parameter 'UID' not found
03-26 12:32:03.372  1979  2030 I chatty  : uid=1000(system) android.fg expire 2 lines
03-26 12:32:05.259  1979  2958 I chatty  : uid=1000(system) Binder:1979_A expire 4 lines
03-26 12:32:10.330  1333  1493 E NetlinkEvent: NetlinkEvent::FindParam(): Parameter 'INTERFACE' not found
03-26 12:32:10.330  1333  1493 E NetlinkEvent: NetlinkEvent::FindParam(): Parameter 'STATE' not found
03-26 12:32:10.330  1333  1493 E NetlinkEvent: NetlinkEvent::FindParam(): Parameter 'TIME_NS' not found
03-26 12:32:10.330  1333  1493 E NetlinkEvent: NetlinkEvent::FindParam(): Parameter 'UID' not found
03-26 12:32:12.808  1979  2257 I chatty  : uid=1000(system) KeyguardUpdateM expire 19 lines
03-26 12:32:12.808  1979  2336 I chatty  : uid=1000(system) ProximityExcept expire 1 line
03-26 12:32:12.812  1979  1979 I chatty  : uid=1000 system_server expire 43 lines
03-26 12:32:12.958  1979  2283 I chatty  : uid=1000(system) InputReader expire 7 lines
03-26 12:32:12.959  1979  2261 I chatty  : uid=1000(system) WakeupByWho expire 4 lines
03-26 12:32:12.973  1979  2259 I chatty  : uid=1000(system) VivoPhonePositi expire 2 lines
03-26 12:32:13.157  1979  2040 I chatty  : uid=1000(system) PowerManagerSer expire 88 lines
03-26 12:32:13.159  1979  2382 I chatty  : uid=1000(system) FingerprintWake expire 9 lines
03-26 12:32:13.160  1979  2392 I chatty  : uid=1000(system) PhotonicModulat expire 19 lines
03-26 12:32:13.160  1979  2386 I chatty  : uid=1000(system) AutobacklightTh expire 2 lines
03-26 12:32:13.161  1979  2032 I chatty  : uid=1000(system) android.display expire 2 lines
03-26 12:32:13.179  1979  2317 I chatty  : uid=1000(system) Binder:1979_3 expire 6 lines
03-26 12:32:13.235  1979 28301 I chatty  : uid=1000(system) Binder:1979_20 expire 7 lines
03-26 12:32:13.253  1979  5026 I chatty  : uid=1000(system) pool-8-thread-1 expire 1 line
03-26 12:32:13.259  1979  2250 I chatty  : uid=1000(system) AlarmManager expire 3 lines
03-26 12:32:13.264  1335  1335 I wificond: Pno scan started
03-26 12:32:13.265  1979  2707 I chatty  : uid=1000(system) Binder:1979_8 expire 11 lines
03-26 12:32:13.284  2471  2471 I View    : updateSystemUiVisibility, blackBackground = false, getVisibility() = 8, getWindowVisibility() = 0, viewBounds = Rect(0, 0 - 0, 0), windowBounds = Rect(0, 0 - 0, 0), view = TextureView:com.vivo.common.widget.BlurRenderView{f83c4d2 G.ED..... ......ID 0,0-1080,2160}
03-26 12:32:13.413  1979  2331 I chatty  : uid=1000(system) TSLcdState expire 3 lines
03-26 12:32:13.414  1979  2391 I chatty  : uid=1000(system) FingerprintAnal expire 12 lines
03-26 12:32:13.414  1979  2392 I chatty  : uid=1000(system) PhotonicModulat expire 1 line
03-26 12:32:13.414  1979  2040 I chatty  : uid=1000(system) PowerManagerSer expire 114 lines
03-26 12:32:13.426  1979  2958 I chatty  : uid=1000(system) Binder:1979_A expire 12 lines
03-26 12:32:13.427  1979  2688 I chatty  : uid=1000(system) Binder:1979_7 expire 7 lines
03-26 12:32:13.433  1979 27398 I chatty  : uid=1000(system) Binder:1979_1F expire 11 lines
03-26 12:32:13.440  1979  2293 I chatty  : uid=1000(system) NetworkPolicy expire 2 lines
03-26 12:32:13.442  1979  2032 I chatty  : uid=1000(system) android.display expire 8 lines
03-26 12:32:13.454  1979  2290 I chatty  : uid=1000(system) NetdConnector expire 1 line
03-26 12:32:13.465  1979  2317 I chatty  : uid=1000(system) Binder:1979_3 expire 10 lines
03-26 12:32:13.472  1979 28301 I chatty  : uid=1000(system) Binder:1979_20 expire 8 lines
03-26 12:32:13.497  2471  2471 I View    : updateSystemUiVisibility, blackBackground = false, getVisibility() = 8, getWindowVisibility() = 0, viewBounds = Rect(0, 0 - 0, 0), windowBounds = Rect(0, 0 - 0, 0), view = TextureView:com.vivo.common.widget.BlurRenderView{f83c4d2 G.ED..... ......ID 0,0-1080,2160}
03-26 12:32:13.497  2471  2471 I View    : updateSystemUiVisibility, blackBackground = false, getVisibility() = 8, getWindowVisibility() = 0, viewBounds = Rect(0, 0 - 0, 0), windowBounds = Rect(0, 0 - 0, 0), view = TextureView:com.vivo.systemui.statusbar.policy.render.SafeBlurRenderView{ba4eacc G.ED..... ......I. 0,0-1080,2160 #7f0a0478 app:id/vivo_render_view}
03-26 12:32:13.504  2471  2471 V KeyguardDisplayManager: hide
03-26 12:32:13.509  1979  2707 I chatty  : uid=1000(system) Binder:1979_8 expire 11 lines
03-26 12:32:13.529  1979  2012 I chatty  : uid=1000(system) android.ui expire 15 lines
03-26 12:32:13.596  1979  2257 I chatty  : uid=1000(system) KeyguardUpdateM expire 39 lines
03-26 12:32:13.610  1979  2010 I chatty  : uid=1000(system) android.bg expire 8 lines
03-26 12:32:13.622  1979  2347 I chatty  : uid=1000(system) FaceDirection expire 2 lines
03-26 12:32:13.658 14894 14924 W ContextImpl: Calling a method in the system process without a qualified user: android.app.ContextImpl.sendBroadcast:970 android.content.ContextWrapper.sendBroadcast:437 com.vivo.contentcatcher.server.specialtreatment.vtouch.VTouch.onTopActivityChanged:69 java.lang.reflect.Method.invoke:-2 com.vivo.contentcatcher.catcher.engine.rx.RxBus$1.a:65 
03-26 12:32:13.701  1979 23420 I chatty  : uid=1000(system) Binder:1979_1B expire 5 lines
03-26 12:32:13.702  1979  1979 I chatty  : uid=1000 system_server expire 4 lines
03-26 12:32:13.746  1979 11205 I chatty  : uid=1000(system) Binder:1979_17 expire 2 lines
03-26 12:32:13.749  2664  2664 W ContextImpl: Calling a method in the system process without a qualified user: android.app.ContextImpl.startService:1480 android.content.ContextWrapper.startService:650 com.vivo.daemonService.lll.onReceive:2827 android.app.LoadedApk$ReceiverDispatcher$Args.lambda$-android_app_LoadedApk$ReceiverDispatcher$Args_53080:1329 android.app.-$Lambda$aS31cHIhRx41653CMnd4gZqshIQ.$m$7:4 
03-26 12:32:13.753  1979  2313 I chatty  : uid=1000(system) VivoLocationUti expire 2 lines
03-26 12:32:13.792  1979  2011 I chatty  : uid=1000(system) ActivityManager expire 55 lines
03-26 12:32:13.904  2682  2682 D FtColorManager: getActiveMode mode0
03-26 12:32:13.910  2664 12010 W ContextImpl: Calling a method in the system process without a qualified user: android.app.ContextImpl.sendBroadcast:970 android.content.ContextWrapper.sendBroadcast:437 com.vivo.daemonService.calendar.CalendarService.llll11:197 com.vivo.daemonService.calendar.CalendarService.onHandleIntent:74 android.app.IntentService$ServiceHandler.handleMessage:76 
03-26 12:32:13.914  1979  2257 I chatty  : uid=1000(system) KeyguardUpdateM expire 33 lines
03-26 12:32:13.915  1979  1979 I chatty  : uid=1000 system_server expire 4 lines
03-26 12:32:13.919  1979 28301 I chatty  : uid=1000(system) Binder:1979_20 expire 5 lines
03-26 12:32:13.921  1979  2386 I chatty  : uid=1000(system) AutobacklightTh expire 2 lines
03-26 12:32:13.940  1335  1335 I wificond: Pno scan stopped
03-26 12:32:13.959  1979  2040 I chatty  : uid=1000(system) PowerManagerSer expire 25 lines
03-26 12:32:13.980  1979 23420 I chatty  : uid=1000(system) Binder:1979_1B expire 20 lines
03-26 12:32:13.991  1979  7848 I chatty  : uid=1000(system) Binder:1979_16 expire 2 lines
03-26 12:32:13.995  1979  2707 I chatty  : uid=1000(system) Binder:1979_8 expire 3 lines
03-26 12:32:14.000  1979  2688 I chatty  : uid=1000(system) Binder:1979_7 expire 38 lines
03-26 12:32:14.241  1335  1335 I wificond: Enters wifigbk_ageOutHistory
03-26 12:32:14.241  1335  1335 I wificond: Enters wifigbk_ageOutHistory
03-26 12:32:14.257  1979  2958 I chatty  : uid=1000(system) Binder:1979_A expire 32 lines
03-26 12:32:14.720  1979  2282 I chatty  : uid=1000(system) InputDispatcher expire 43 lines
03-26 12:32:14.731  1335  1335 I wificond: Enters wifigbk_ageOutHistory
03-26 12:32:14.733  1335  1335 I wificond: Enters wifigbk_ageOutHistory
03-26 12:32:14.873  1979  2012 I chatty  : uid=1000(system) android.ui expire 15 lines
03-26 12:32:19.391  1333  1493 E NetlinkEvent: NetlinkEvent::FindParam(): Parameter 'INTERFACE' not found
03-26 12:32:19.391  1333  1493 E NetlinkEvent: NetlinkEvent::FindParam(): Parameter 'STATE' not found
03-26 12:32:19.391  1333  1493 E NetlinkEvent: NetlinkEvent::FindParam(): Parameter 'TIME_NS' not found
03-26 12:32:19.391  1333  1493 E NetlinkEvent: NetlinkEvent::FindParam(): Parameter 'UID' not found
03-26 12:32:23.477  1979  2293 I chatty  : uid=1000(system) NetworkPolicy expire 2 lines
03-26 12:32:23.491  1979  2290 I chatty  : uid=1000(system) NetdConnector expire 7 lines
03-26 12:32:26.589 11038 11038 I View    : updateSystemUiVisibility, blackBackground = false, getVisibility() = 0, getWindowVisibility() = 0, viewBounds = Rect(0, 783 - 0, 783), windowBounds = Rect(0, 0 - 1080, 2160), view = TextureView:com.tencent.qqlive.mediaplayer.renderview.QQLiveTextureView{af9fdf5 V.ED..... ......ID 0,0-0,0}
03-26 12:32:26.770 11038 11038 I View    : updateSystemUiVisibility, blackBackground = false, getVisibility() = 0, getWindowVisibility() = 0, viewBounds = Rect(45, 1119 - 1035, 1680), windowBounds = Rect(0, 0 - 1080, 2160), view = TextureView:com.tencent.qqlive.mediaplayer.renderview.QQLiveTextureView{af9fdf5 V.ED..... ......ID 0,0-990,561}
03-26 12:32:26.880 11038 11038 I View    : updateSystemUiVisibility, blackBackground = false, getVisibility() = 0, getWindowVisibility() = 0, viewBounds = Rect(8, 783 - 1072, 1386), windowBounds = Rect(0, 0 - 1080, 2160), view = TextureView:com.tencent.qqlive.mediaplayer.renderview.QQLiveTextureView{af9fdf5 V.ED..... ......ID 0,0-1064,603}
03-26 12:32:26.916 11038 11038 I View    : updateSystemUiVisibility, blackBackground = false, getVisibility() = 0, getWindowVisibility() = 0, viewBounds = Rect(4, 726 - 1076, 1333), windowBounds = Rect(0, 0 - 1080, 2160), view = TextureView:com.tencent.qqlive.mediaplayer.renderview.QQLiveTextureView{af9fdf5 V.ED..... ......ID 0,0-1072,607}
03-26 12:32:26.926 11038 11038 I View    : updateSystemUiVisibility, blackBackground = false, getVisibility() = 0, getWindowVisibility() = 0, viewBounds = Rect(3, 700 - 1077, 1308), windowBounds = Rect(0, 0 - 1080, 2160), view = TextureView:com.tencent.qqlive.mediaplayer.renderview.QQLiveTextureView{af9fdf5 V.ED..... ......ID 0,0-1074,608}
03-26 12:32:26.938 11038 11038 I View    : updateSystemUiVisibility, blackBackground = false, getVisibility() = 0, getWindowVisibility() = 0, viewBounds = Rect(2, 677 - 1078, 1287), windowBounds = Rect(0, 0 - 1080, 2160), view = TextureView:com.tencent.qqlive.mediaplayer.renderview.QQLiveTextureView{af9fdf5 V.ED..... ......ID 0,0-1076,610}
03-26 12:32:26.950 11038 11038 I View    : updateSystemUiVisibility, blackBackground = false, getVisibility() = 0, getWindowVisibility() = 0, viewBounds = Rect(1, 656 - 1079, 1267), windowBounds = Rect(0, 0 - 1080, 2160), view = TextureView:com.tencent.qqlive.mediaplayer.renderview.QQLiveTextureView{af9fdf5 V.ED..... ......ID 0,0-1078,611}
03-26 12:32:26.965 11038 11038 I View    : updateSystemUiVisibility, blackBackground = false, getVisibility() = 0, getWindowVisibility() = 0, viewBounds = Rect(0, 638 - 1080, 1250), windowBounds = Rect(0, 0 - 1080, 2160), view = TextureView:com.tencent.qqlive.mediaplayer.renderview.QQLiveTextureView{af9fdf5 V.ED..... ......ID 0,0-1080,612}
03-26 12:32:28.503 11038 11038 I View    : updateSystemUiVisibility, blackBackground = false, getVisibility() = 0, getWindowVisibility() = 0, viewBounds = Rect(0, 523 - 1080, 1135), windowBounds = Rect(0, 0 - 1080, 2160), view = TextureView:com.tencent.qqlive.mediaplayer.renderview.QQLiveTextureView{af9fdf5 V.ED..... ........ 0,0-1080,612}
03-26 12:32:28.506 11038 11038 I View    : updateSystemUiVisibility, blackBackground = false, getVisibility() = 0, getWindowVisibility() = 0, viewBounds = Rect(0, 523 - 0, 523), windowBounds = Rect(0, 0 - 1080, 2160), view = TextureView:com.tencent.qqlive.mediaplayer.renderview.QQLiveTextureView{1664085 V.ED..... ......ID 0,0-0,0}
03-26 12:32:28.506 11038 11038 I View    : updateSystemUiVisibility, blackBackground = false, getVisibility() = 0, getWindowVisibility() = 0, viewBounds = Rect(0, 523 - 0, 523), windowBounds = Rect(0, 0 - 1080, 2160), view = TextureView:com.tencent.qqlive.mediaplayer.renderview.QQLiveTextureView{1664085 V.ED..... ......ID 0,0-0,0}
03-26 12:32:28.553 11038 11038 I View    : updateSystemUiVisibility, blackBackground = false, getVisibility() = 0, getWindowVisibility() = 0, viewBounds = Rect(0, 523 - 1080, 1135), windowBounds = Rect(0, 0 - 1080, 2160), view = TextureView:com.tencent.qqlive.mediaplayer.renderview.QQLiveTextureView{1664085 V.ED..... ......ID 0,0-1080,612}
03-26 12:32:28.579 11038 11038 I View    : updateSystemUiVisibility, blackBackground = false, getVisibility() = 0, getWindowVisibility() = 0, viewBounds = Rect(0, 523 - 1080, 1135), windowBounds = Rect(0, 0 - 1080, 2160), view = TextureView:com.tencent.qqlive.mediaplayer.renderview.QQLiveTextureView{1664085 V.ED..... ......I. 0,0-1080,612}
03-26 12:32:28.772  1979  2224 I chatty  : uid=1000(system) android.anim expire 3 lines
03-26 12:32:28.773  1979  2389 I chatty  : uid=1000(system) AntiMisoperatio expire 1 line
03-26 12:32:29.035  1979  2291 I chatty  : uid=1000(system) NetworkStats expire 58 lines
03-26 12:32:29.112  1979 23420 I chatty  : uid=1000(system) Binder:1979_1B expire 68 lines
03-26 12:32:29.135  1979  2958 I chatty  : uid=1000(system) Binder:1979_A expire 42 lines
03-26 12:32:29.179 11038 11038 I View    : updateSystemUiVisibility, blackBackground = false, getVisibility() = 0, getWindowVisibility() = 0, viewBounds = Rect(0, 525 - 1080, 1132), windowBounds = Rect(0, 0 - 1080, 2160), view = TextureView:com.tencent.qqlive.mediaplayer.renderview.QQLiveTextureView{1664085 V.ED..... ......ID 0,2-1080,609}
03-26 12:32:29.302  1979  2250 I chatty  : uid=1000(system) AlarmManager expire 2 lines
03-26 12:32:29.305  1979  2011 I chatty  : uid=1000(system) ActivityManager expire 1 line
03-26 12:32:29.392  1979  1979 I chatty  : uid=1000 system_server expire 3 lines
03-26 12:32:29.564  1979  2290 I chatty  : uid=1000(system) NetdConnector expire 30 lines
03-26 12:32:32.026  1979  2688 I chatty  : uid=1000(system) Binder:1979_7 expire 35 lines
03-26 12:32:34.552  1335  1335 I wificond: Enters wifigbk_ageOutHistory
03-26 12:32:34.554  1335  1335 I wificond: Enters wifigbk_ageOutHistory
03-26 12:32:35.484  1979  2707 I chatty  : uid=1000(system) Binder:1979_8 expire 7 lines
03-26 12:32:35.634  1979  7848 I chatty  : uid=1000(system) Binder:1979_16 expire 11 lines
03-26 12:32:39.292  1979 11205 I chatty  : uid=1000(system) Binder:1979_17 expire 70 lines
03-26 12:32:41.762  1979  2290 I chatty  : uid=1000(system) NetdConnector expire 32 lines
03-26 12:32:41.763  1979  2291 I chatty  : uid=1000(system) NetworkStats expire 33 lines
03-26 12:32:41.839  1979  7848 I chatty  : uid=1000(system) Binder:1979_16 expire 34 lines
03-26 12:32:43.335  1979  2688 I chatty  : uid=1000(system) Binder:1979_7 expire 55 lines
03-26 12:32:46.231  1979  2250 I chatty  : uid=1000(system) AlarmManager expire 7 lines
03-26 12:32:46.252  1979  1979 I chatty  : uid=1000 system_server expire 3 lines
03-26 12:32:46.337  1979  2707 I chatty  : uid=1000(system) Binder:1979_8 expire 33 lines
03-26 12:32:53.965  1979  2296 I chatty  : uid=1000(system) WifiStateMachin expire 1 line
03-26 12:32:54.546  1335  1335 I wificond: Enters wifigbk_ageOutHistory
03-26 12:32:54.549  1335  1335 I wificond: Enters wifigbk_ageOutHistory
03-26 12:32:59.321  1979  2293 I chatty  : uid=1000(system) NetworkPolicy expire 4 lines
03-26 12:33:09.926  1979  2011 I chatty  : uid=1000(system) ActivityManager expire 2 lines
03-26 12:33:09.930  2664  2664 W ContextImpl: Calling a method in the system process without a qualified user: android.app.ContextImpl.sendBroadcast:970 android.content.ContextWrapper.sendBroadcast:437 com.vivo.daemonService.ewarranty.l11l1$l1l.onServiceStateChanged:194 android.telephony.PhoneStateListener$1.handleMessage:309 android.os.Handler.dispatchMessage:106 
03-26 12:33:09.964  2664  2664 W ContextImpl: Calling a method in the system process without a qualified user: android.app.ContextImpl.sendBroadcast:970 android.content.ContextWrapper.sendBroadcast:437 com.vivo.daemonService.ewarranty.l11l1$l1l.onServiceStateChanged:194 android.telephony.PhoneStateListener$1.handleMessage:309 android.os.Handler.dispatchMessage:106 
03-26 12:33:09.984  2664  2664 W ContextImpl: Calling a method in the system process without a qualified user: android.app.ContextImpl.startService:1480 android.content.ContextWrapper.startService:650 android.content.ContextWrapper.startService:650 com.vivo.daemonService.netStateStat.NetStateStatReceiver.onReceive:56 android.app.ActivityThread.handleReceiver:3372 
03-26 12:33:09.988  1979  2958 I chatty  : uid=1000(system) Binder:1979_A expire 1 line
03-26 12:33:10.038  1979  2707 I chatty  : uid=1000(system) Binder:1979_8 expire 23 lines
03-26 12:33:10.381  1979  7848 I chatty  : uid=1000(system) Binder:1979_16 expire 6 lines
03-26 12:33:11.164  1979  2290 I chatty  : uid=1000(system) NetdConnector expire 26 lines
03-26 12:33:11.223  1979  2688 I chatty  : uid=1000(system) Binder:1979_7 expire 101 lines
03-26 12:33:13.315  1333  1493 E NetlinkEvent: NetlinkEvent::FindParam(): Parameter 'INTERFACE' not found
03-26 12:33:13.315  1333  1493 E NetlinkEvent: NetlinkEvent::FindParam(): Parameter 'STATE' not found
03-26 12:33:13.315  1333  1493 E NetlinkEvent: NetlinkEvent::FindParam(): Parameter 'TIME_NS' not found
03-26 12:33:13.315  1333  1493 E NetlinkEvent: NetlinkEvent::FindParam(): Parameter 'UID' not found
03-26 12:33:13.962  1979  2250 I chatty  : uid=1000(system) AlarmManager expire 1 line
03-26 12:33:13.964  1979  2296 I chatty  : uid=1000(system) WifiStateMachin expire 1 line
03-26 12:33:13.970  1333  1493 E NetlinkEvent: NetlinkEvent::FindParam(): Parameter 'INTERFACE' not found
03-26 12:33:13.970  1333  1493 E NetlinkEvent: NetlinkEvent::FindParam(): Parameter 'STATE' not found
03-26 12:33:13.970  1333  1493 E NetlinkEvent: NetlinkEvent::FindParam(): Parameter 'TIME_NS' not found
03-26 12:33:13.970  1333  1493 E NetlinkEvent: NetlinkEvent::FindParam(): Parameter 'UID' not found
03-26 12:33:14.228  1979 11205 I chatty  : uid=1000(system) Binder:1979_17 expire 48 lines
03-26 12:33:14.552  1335  1335 I wificond: Enters wifigbk_ageOutHistory
03-26 12:33:14.555  1335  1335 I wificond: Enters wifigbk_ageOutHistory
03-26 12:33:19.706  1979  2282 I chatty  : uid=1000(system) InputDispatcher expire 15 lines
03-26 12:33:19.803  1979  2012 I chatty  : uid=1000(system) android.ui expire 4 lines
03-26 12:33:19.968 11038 11038 I View    : updateSystemUiVisibility, blackBackground = false, getVisibility() = 0, getWindowVisibility() = 0, viewBounds = Rect(0, -86 - 1080, 521), windowBounds = Rect(0, 0 - 1080, 2160), view = TextureView:com.tencent.qqlive.mediaplayer.renderview.QQLiveTextureView{1664085 V.ED..... ........ 0,2-1080,609}
03-26 12:33:19.980 11038 11038 I View    : updateSystemUiVisibility, blackBackground = false, getVisibility() = 0, getWindowVisibility() = 0, viewBounds = Rect(0, -88 - 0, -88), windowBounds = Rect(0, 0 - 1080, 2160), view = TextureView:com.tencent.qqlive.mediaplayer.renderview.QQLiveTextureView{b47500a V.ED..... ......ID 0,0-0,0}
03-26 12:33:19.980 11038 11038 I View    : updateSystemUiVisibility, blackBackground = false, getVisibility() = 0, getWindowVisibility() = 0, viewBounds = Rect(0, -88 - 0, -88), windowBounds = Rect(0, 0 - 1080, 2160), view = TextureView:com.tencent.qqlive.mediaplayer.renderview.QQLiveTextureView{b47500a V.ED..... ......ID 0,0-0,0}
03-26 12:33:20.359 11038 11038 I View    : updateSystemUiVisibility, blackBackground = false, getVisibility() = 0, getWindowVisibility() = 0, viewBounds = Rect(0, 734 - 1080, 1341), windowBounds = Rect(0, 0 - 1080, 2160), view = TextureView:com.tencent.qqlive.mediaplayer.renderview.QQLiveTextureView{1664085 V.ED..... ......ID 0,2-1080,609}
03-26 12:33:20.359 11038 11038 I View    : updateSystemUiVisibility, blackBackground = false, getVisibility() = 0, getWindowVisibility() = 0, viewBounds = Rect(0, 732 - 0, 732), windowBounds = Rect(0, 0 - 1080, 2160), view = TextureView:com.tencent.qqlive.mediaplayer.renderview.QQLiveTextureView{b47500a V.ED..... ......ID 0,0-0,0}
03-26 12:33:20.365 11038 11038 I View    : updateSystemUiVisibility, blackBackground = false, getVisibility() = 0, getWindowVisibility() = 0, viewBounds = Rect(0, 734 - 1080, 1341), windowBounds = Rect(0, 0 - 1080, 2160), view = TextureView:com.tencent.qqlive.mediaplayer.renderview.QQLiveTextureView{1664085 V.ED..... ......ID 0,2-1080,609}
03-26 12:33:20.365 11038 11038 I View    : updateSystemUiVisibility, blackBackground = false, getVisibility() = 0, getWindowVisibility() = 0, viewBounds = Rect(0, 732 - 0, 732), windowBounds = Rect(0, 0 - 1080, 2160), view = TextureView:com.tencent.qqlive.mediaplayer.renderview.QQLiveTextureView{b47500a V.ED..... ......ID 0,0-0,0}
03-26 12:33:20.366 11038 11038 I View    : updateSystemUiVisibility, blackBackground = false, getVisibility() = 0, getWindowVisibility() = 0, viewBounds = Rect(0, 732 - 0, 732), windowBounds = Rect(0, 0 - 1080, 2160), view = TextureView:com.tencent.qqlive.mediaplayer.renderview.QQLiveTextureView{f63efdc V.ED..... ......ID 0,0-0,0}
03-26 12:33:20.366 11038 11038 I View    : updateSystemUiVisibility, blackBackground = false, getVisibility() = 0, getWindowVisibility() = 0, viewBounds = Rect(0, 732 - 0, 732), windowBounds = Rect(0, 0 - 1080, 2160), view = TextureView:com.tencent.qqlive.mediaplayer.renderview.QQLiveTextureView{f63efdc V.ED..... ......ID 0,0-0,0}
03-26 12:33:20.392 11038 11038 I View    : updateSystemUiVisibility, blackBackground = false, getVisibility() = 0, getWindowVisibility() = 0, viewBounds = Rect(0, 732 - 1080, 1344), windowBounds = Rect(0, 0 - 1080, 2160), view = TextureView:com.tencent.qqlive.mediaplayer.renderview.QQLiveTextureView{f63efdc V.ED..... ......ID 0,0-1080,612}
03-26 12:33:20.402 11038 11038 I View    : updateSystemUiVisibility, blackBackground = false, getVisibility() = 0, getWindowVisibility() = 0, viewBounds = Rect(0, 732 - 1080, 1344), windowBounds = Rect(0, 0 - 1080, 2160), view = TextureView:com.tencent.qqlive.mediaplayer.renderview.QQLiveTextureView{f63efdc V.ED..... ......I. 0,0-1080,612}
03-26 12:33:20.523  1979  2224 I chatty  : uid=1000(system) android.anim expire 3 lines
03-26 12:33:20.524  1979  2389 I chatty  : uid=1000(system) AntiMisoperatio expire 1 line
03-26 12:33:20.559 12097 12281 E DexLoadReporter: Could not create the profile directory: /data/app/com.alibaba.android.rimet-1/lib/arm/oat/libsgmain.so.cur.prof
03-26 12:33:21.088 11038 11038 I View    : updateSystemUiVisibility, blackBackground = false, getVisibility() = 0, getWindowVisibility() = 0, viewBounds = Rect(0, 734 - 1080, 1341), windowBounds = Rect(0, 0 - 1080, 2160), view = TextureView:com.tencent.qqlive.mediaplayer.renderview.QQLiveTextureView{f63efdc V.ED..... ......ID 0,2-1080,609}
03-26 12:33:21.292  1979  2291 I chatty  : uid=1000(system) NetworkStats expire 28 lines
03-26 12:33:22.448  1979  1979 I chatty  : uid=1000 system_server expire 1 line
03-26 12:33:22.625 12097 12381 E DexLoadReporter: Could not create the profile directory: /data/app/com.alibaba.android.rimet-1/lib/arm/oat/libsgsecuritybody.so.cur.prof
03-26 12:33:22.653 12097 12381 E DexLoadReporter: Could not create the profile directory: /data/app/com.alibaba.android.rimet-1/lib/arm/oat/libsgmisc.so.cur.prof
03-26 12:33:23.162  1979  2707 I chatty  : uid=1000(system) Binder:1979_8 expire 17 lines
03-26 12:33:23.225  1979  2282 I chatty  : uid=1000(system) InputDispatcher expire 22 lines
03-26 12:33:23.335  1979 11205 I chatty  : uid=1000(system) Binder:1979_17 expire 56 lines
03-26 12:33:23.511  1979  2290 I chatty  : uid=1000(system) NetdConnector expire 28 lines
03-26 12:33:23.513  1979  2291 I chatty  : uid=1000(system) NetworkStats expire 49 lines
03-26 12:33:23.578  1979  2688 I chatty  : uid=1000(system) Binder:1979_7 expire 43 lines
03-26 12:33:23.744  1979  2012 I chatty  : uid=1000(system) android.ui expire 6 lines
03-26 12:33:25.470  1979  7848 I chatty  : uid=1000(system) Binder:1979_16 expire 80 lines
03-26 12:33:28.195 11038 11038 I View    : updateSystemUiVisibility, blackBackground = false, getVisibility() = 0, getWindowVisibility() = 0, viewBounds = Rect(0, -93 - 1080, 514), windowBounds = Rect(0, 0 - 1080, 2160), view = TextureView:com.tencent.qqlive.mediaplayer.renderview.QQLiveTextureView{f63efdc V.ED..... ........ 0,2-1080,609}
03-26 12:33:28.201 11038 11038 I View    : updateSystemUiVisibility, blackBackground = false, getVisibility() = 0, getWindowVisibility() = 0, viewBounds = Rect(0, -95 - 0, -95), windowBounds = Rect(0, 0 - 1080, 2160), view = TextureView:com.tencent.qqlive.mediaplayer.renderview.QQLiveTextureView{620e145 V.ED..... ......ID 0,0-0,0}
03-26 12:33:28.201 11038 11038 I View    : updateSystemUiVisibility, blackBackground = false, getVisibility() = 0, getWindowVisibility() = 0, viewBounds = Rect(0, -95 - 0, -95), windowBounds = Rect(0, 0 - 1080, 2160), view = TextureView:com.tencent.qqlive.mediaplayer.renderview.QQLiveTextureView{620e145 V.ED..... ......ID 0,0-0,0}
03-26 12:33:28.386 11038 11038 I View    : updateSystemUiVisibility, blackBackground = false, getVisibility() = 0, getWindowVisibility() = 0, viewBounds = Rect(0, 848 - 1080, 1455), windowBounds = Rect(0, 0 - 1080, 2160), view = TextureView:com.tencent.qqlive.mediaplayer.renderview.QQLiveTextureView{f63efdc V.ED..... ......ID 0,2-1080,609}
03-26 12:33:28.386 11038 11038 I View    : updateSystemUiVisibility, blackBackground = false, getVisibility() = 0, getWindowVisibility() = 0, viewBounds = Rect(0, 846 - 0, 846), windowBounds = Rect(0, 0 - 1080, 2160), view = TextureView:com.tencent.qqlive.mediaplayer.renderview.QQLiveTextureView{620e145 V.ED..... ......ID 0,0-0,0}
03-26 12:33:28.390 11038 11038 I View    : updateSystemUiVisibility, blackBackground = false, getVisibility() = 0, getWindowVisibility() = 0, viewBounds = Rect(0, 848 - 1080, 1455), windowBounds = Rect(0, 0 - 1080, 2160), view = TextureView:com.tencent.qqlive.mediaplayer.renderview.QQLiveTextureView{f63efdc V.ED..... ......ID 0,2-1080,609}
03-26 12:33:28.391 11038 11038 I View    : updateSystemUiVisibility, blackBackground = false, getVisibility() = 0, getWindowVisibility() = 0, viewBounds = Rect(0, 846 - 0, 846), windowBounds = Rect(0, 0 - 1080, 2160), view = TextureView:com.tencent.qqlive.mediaplayer.renderview.QQLiveTextureView{620e145 V.ED..... ......ID 0,0-0,0}
03-26 12:33:28.391 11038 11038 I View    : updateSystemUiVisibility, blackBackground = false, getVisibility() = 0, getWindowVisibility() = 0, viewBounds = Rect(0, 846 - 0, 846), windowBounds = Rect(0, 0 - 1080, 2160), view = TextureView:com.tencent.qqlive.mediaplayer.renderview.QQLiveTextureView{bf34cc1 V.ED..... ......ID 0,0-0,0}
03-26 12:33:28.391 11038 11038 I View    : updateSystemUiVisibility, blackBackground = false, getVisibility() = 0, getWindowVisibility() = 0, viewBounds = Rect(0, 846 - 0, 846), windowBounds = Rect(0, 0 - 1080, 2160), view = TextureView:com.tencent.qqlive.mediaplayer.renderview.QQLiveTextureView{bf34cc1 V.ED..... ......ID 0,0-0,0}
03-26 12:33:28.413 11038 11038 I View    : updateSystemUiVisibility, blackBackground = false, getVisibility() = 0, getWindowVisibility() = 0, viewBounds = Rect(0, 846 - 1080, 1458), windowBounds = Rect(0, 0 - 1080, 2160), view = TextureView:com.tencent.qqlive.mediaplayer.renderview.QQLiveTextureView{bf34cc1 V.ED..... ......ID 0,0-1080,612}
03-26 12:33:28.426 11038 11038 I View    : updateSystemUiVisibility, blackBackground = false, getVisibility() = 0, getWindowVisibility() = 0, viewBounds = Rect(0, 846 - 1080, 1458), windowBounds = Rect(0, 0 - 1080, 2160), view = TextureView:com.tencent.qqlive.mediaplayer.renderview.QQLiveTextureView{bf34cc1 V.ED..... ......I. 0,0-1080,612}
03-26 12:33:28.442  1979  2688 I chatty  : uid=1000(system) Binder:1979_7 expire 5 lines
03-26 12:33:28.443  1979 11205 I chatty  : uid=1000(system) Binder:1979_17 expire 7 lines
03-26 12:33:28.856  1979  2282 I chatty  : uid=1000(system) InputDispatcher expire 40 lines
03-26 12:33:28.947 11038 11038 I View    : updateSystemUiVisibility, blackBackground = false, getVisibility() = 0, getWindowVisibility() = 0, viewBounds = Rect(0, 699 - 1080, 1306), windowBounds = Rect(0, 0 - 1080, 2160), view = TextureView:com.tencent.qqlive.mediaplayer.renderview.QQLiveTextureView{bf34cc1 V.ED..... ......ID 0,2-1080,609}
03-26 12:33:28.957  1979  2012 I chatty  : uid=1000(system) android.ui expire 14 lines
03-26 12:33:29.033  1979  2290 I chatty  : uid=1000(system) NetdConnector expire 17 lines
03-26 12:33:29.099  1333  1493 E NetlinkEvent: NetlinkEvent::FindParam(): Parameter 'INTERFACE' not found
03-26 12:33:29.099  1333  1493 E NetlinkEvent: NetlinkEvent::FindParam(): Parameter 'STATE' not found
03-26 12:33:29.099  1333  1493 E NetlinkEvent: NetlinkEvent::FindParam(): Parameter 'TIME_NS' not found
03-26 12:33:29.099  1333  1493 E NetlinkEvent: NetlinkEvent::FindParam(): Parameter 'UID' not found
03-26 12:33:29.115  1979  2291 I chatty  : uid=1000(system) NetworkStats expire 25 lines
03-26 12:33:29.144  1979  2707 I chatty  : uid=1000(system) Binder:1979_8 expire 37 lines
03-26 12:33:30.143 11038 11038 I View    : updateSystemUiVisibility, blackBackground = false, getVisibility() = 0, getWindowVisibility() = 0, viewBounds = Rect(0, -73 - 1080, 534), windowBounds = Rect(0, 0 - 1080, 2160), view = TextureView:com.tencent.qqlive.mediaplayer.renderview.QQLiveTextureView{bf34cc1 V.ED..... ......ID 0,2-1080,609}
03-26 12:33:30.154 11038 11038 I View    : updateSystemUiVisibility, blackBackground = false, getVisibility() = 0, getWindowVisibility() = 0, viewBounds = Rect(0, -75 - 0, -75), windowBounds = Rect(0, 0 - 1080, 2160), view = TextureView:com.tencent.qqlive.mediaplayer.renderview.QQLiveTextureView{278c870 V.ED..... ......ID 0,0-0,0}
03-26 12:33:30.154 11038 11038 I View    : updateSystemUiVisibility, blackBackground = false, getVisibility() = 0, getWindowVisibility() = 0, viewBounds = Rect(0, -75 - 0, -75), windowBounds = Rect(0, 0 - 1080, 2160), view = TextureView:com.tencent.qqlive.mediaplayer.renderview.QQLiveTextureView{278c870 V.ED..... ......ID 0,0-0,0}
03-26 12:33:30.449  1979  1979 I chatty  : uid=1000 system_server expire 1 line
03-26 12:33:30.739 11038 11038 I View    : updateSystemUiVisibility, blackBackground = false, getVisibility() = 0, getWindowVisibility() = 0, viewBounds = Rect(0, 277 - 1080, 884), windowBounds = Rect(0, 0 - 1080, 2160), view = TextureView:com.tencent.qqlive.mediaplayer.renderview.QQLiveTextureView{bf34cc1 V.ED..... ......ID 0,2-1080,609}
03-26 12:33:30.739 11038 11038 I View    : updateSystemUiVisibility, blackBackground = false, getVisibility() = 0, getWindowVisibility() = 0, viewBounds = Rect(0, 275 - 0, 275), windowBounds = Rect(0, 0 - 1080, 2160), view = TextureView:com.tencent.qqlive.mediaplayer.renderview.QQLiveTextureView{278c870 V.ED..... ......ID 0,0-0,0}
03-26 12:33:30.744 11038 11038 I View    : updateSystemUiVisibility, blackBackground = false, getVisibility() = 0, getWindowVisibility() = 0, viewBounds = Rect(0, 277 - 1080, 884), windowBounds = Rect(0, 0 - 1080, 2160), view = TextureView:com.tencent.qqlive.mediaplayer.renderview.QQLiveTextureView{bf34cc1 V.ED..... ......ID 0,2-1080,609}
03-26 12:33:30.744 11038 11038 I View    : updateSystemUiVisibility, blackBackground = false, getVisibility() = 0, getWindowVisibility() = 0, viewBounds = Rect(0, 275 - 0, 275), windowBounds = Rect(0, 0 - 1080, 2160), view = TextureView:com.tencent.qqlive.mediaplayer.renderview.QQLiveTextureView{278c870 V.ED..... ......ID 0,0-0,0}
03-26 12:33:30.745 11038 11038 I View    : updateSystemUiVisibility, blackBackground = false, getVisibility() = 0, getWindowVisibility() = 0, viewBounds = Rect(0, 275 - 0, 275), windowBounds = Rect(0, 0 - 1080, 2160), view = TextureView:com.tencent.qqlive.mediaplayer.renderview.QQLiveTextureView{b41d9a5 V.ED..... ......ID 0,0-0,0}
03-26 12:33:30.745 11038 11038 I View    : updateSystemUiVisibility, blackBackground = false, getVisibility() = 0, getWindowVisibility() = 0, viewBounds = Rect(0, 275 - 0, 275), windowBounds = Rect(0, 0 - 1080, 2160), view = TextureView:com.tencent.qqlive.mediaplayer.renderview.QQLiveTextureView{b41d9a5 V.ED..... ......ID 0,0-0,0}
03-26 12:33:30.768 11038 11038 I View    : updateSystemUiVisibility, blackBackground = false, getVisibility() = 0, getWindowVisibility() = 0, viewBounds = Rect(0, 275 - 1080, 887), windowBounds = Rect(0, 0 - 1080, 2160), view = TextureView:com.tencent.qqlive.mediaplayer.renderview.QQLiveTextureView{b41d9a5 V.ED..... ......ID 0,0-1080,612}
03-26 12:33:30.776 11038 11038 I View    : updateSystemUiVisibility, blackBackground = false, getVisibility() = 0, getWindowVisibility() = 0, viewBounds = Rect(0, 275 - 1080, 887), windowBounds = Rect(0, 0 - 1080, 2160), view = TextureView:com.tencent.qqlive.mediaplayer.renderview.QQLiveTextureView{b41d9a5 V.ED..... ......I. 0,0-1080,612}
03-26 12:33:31.059 11038 11038 I View    : updateSystemUiVisibility, blackBackground = false, getVisibility() = 0, getWindowVisibility() = 0, viewBounds = Rect(0, -34 - 1080, 578), windowBounds = Rect(0, 0 - 1080, 2160), view = TextureView:com.tencent.qqlive.mediaplayer.renderview.QQLiveTextureView{b41d9a5 V.ED..... ........ 0,0-1080,612}
03-26 12:33:31.567 11038 11038 I View    : updateSystemUiVisibility, blackBackground = false, getVisibility() = 0, getWindowVisibility() = 0, viewBounds = Rect(0, 379 - 1080, 991), windowBounds = Rect(0, 0 - 1080, 2160), view = TextureView:com.tencent.qqlive.mediaplayer.renderview.QQLiveTextureView{b41d9a5 V.ED..... ........ 0,0-1080,612}
03-26 12:33:31.576 11038 11038 I View    : updateSystemUiVisibility, blackBackground = false, getVisibility() = 0, getWindowVisibility() = 0, viewBounds = Rect(0, 379 - 1080, 991), windowBounds = Rect(0, 0 - 1080, 2160), view = TextureView:com.tencent.qqlive.mediaplayer.renderview.QQLiveTextureView{b41d9a5 V.ED..... ......ID 0,0-1080,612}
03-26 12:33:31.578 11038 11038 I View    : updateSystemUiVisibility, blackBackground = false, getVisibility() = 0, getWindowVisibility() = 0, viewBounds = Rect(0, 379 - 0, 379), windowBounds = Rect(0, 0 - 1080, 2160), view = TextureView:com.tencent.qqlive.mediaplayer.renderview.QQLiveTextureView{c9ac1f0 V.ED..... ......ID 0,0-0,0}
03-26 12:33:31.578 11038 11038 I View    : updateSystemUiVisibility, blackBackground = false, getVisibility() = 0, getWindowVisibility() = 0, viewBounds = Rect(0, 379 - 0, 379), windowBounds = Rect(0, 0 - 1080, 2160), view = TextureView:com.tencent.qqlive.mediaplayer.renderview.QQLiveTextureView{c9ac1f0 V.ED..... ......ID 0,0-0,0}
03-26 12:33:31.585  1979  2958 I chatty  : uid=1000(system) Binder:1979_A expire 33 lines
03-26 12:33:31.609 11038 11038 I View    : updateSystemUiVisibility, blackBackground = false, getVisibility() = 0, getWindowVisibility() = 0, viewBounds = Rect(0, 379 - 1080, 991), windowBounds = Rect(0, 0 - 1080, 2160), view = TextureView:com.tencent.qqlive.mediaplayer.renderview.QQLiveTextureView{c9ac1f0 V.ED..... ......ID 0,0-1080,612}
03-26 12:33:31.624 11038 11038 I View    : updateSystemUiVisibility, blackBackground = false, getVisibility() = 0, getWindowVisibility() = 0, viewBounds = Rect(0, 379 - 1080, 991), windowBounds = Rect(0, 0 - 1080, 2160), view = TextureView:com.tencent.qqlive.mediaplayer.renderview.QQLiveTextureView{c9ac1f0 V.ED..... ......I. 0,0-1080,612}
03-26 12:33:32.212  1979  2224 I chatty  : uid=1000(system) android.anim expire 14 lines
03-26 12:33:32.426 11038 11038 I View    : updateSystemUiVisibility, blackBackground = false, getVisibility() = 0, getWindowVisibility() = 0, viewBounds = Rect(0, -62 - 1080, 550), windowBounds = Rect(0, 0 - 1080, 2160), view = TextureView:com.tencent.qqlive.mediaplayer.renderview.QQLiveTextureView{c9ac1f0 V.ED..... ........ 0,0-1080,612}
