03-26 12:13:07.517  7407  7407 W ViewRootImpl[MainActivity]: Cancelling event due to no window focus: KeyEvent { action=ACTION_UP, keyCode=KEYCODE_BACK, scanCode=0, metaState=0, flags=0x68, repeatCount=0, eventTime=292085761, downTime=292085759, deviceId=-1, source=0x101 }
03-26 12:13:07.533  7407  7407 I chatty  : uid=10158(com.hpbr.bosszhipin) identical 7 lines
03-26 12:13:07.533  7407  7407 W ViewRootImpl[MainActivity]: Cancelling event due to no window focus: KeyEvent { action=ACTION_UP, keyCode=KEYCODE_BACK, scanCode=0, metaState=0, flags=0x68, repeatCount=0, eventTime=292085761, downTime=292085759, deviceId=-1, source=0x101 }
03-26 12:13:08.438  1979  3774 I chatty  : uid=1000(system) Binder:1979_E expire 24 lines
03-26 12:13:09.380  1979  2040 I chatty  : uid=1000(system) PowerManagerSer expire 12 lines
03-26 12:13:11.315  1979  2290 I chatty  : uid=1000(system) NetdConnector expire 3 lines
03-26 12:13:14.135  1979  2250 I chatty  : uid=1000(system) AlarmManager expire 3 lines
03-26 12:13:14.200  1979  1979 I chatty  : uid=1000 system_server expire 7 lines
03-26 12:13:21.058  1979  2389 I chatty  : uid=1000(system) AntiMisoperatio expire 4 lines
03-26 12:13:21.066  1979  2042 I chatty  : uid=1000(system) WakelockControl expire 1 line
03-26 12:13:21.068  1979  2386 I chatty  : uid=1000(system) AutobacklightTh expire 1 line
03-26 12:13:21.073  1979  2313 I chatty  : uid=1000(system) VivoLocationUti expire 1 line
03-26 12:13:21.080  1979  1995 I chatty  : uid=1000(system) Binder:1979_2 expire 3 lines
03-26 12:13:21.083 14894 14924 W ContextImpl: Calling a method in the system process without a qualified user: android.app.ContextImpl.sendBroadcast:970 android.content.ContextWrapper.sendBroadcast:437 com.vivo.contentcatcher.server.specialtreatment.vtouch.VTouch.onTopActivityChanged:69 java.lang.reflect.Method.invoke:-2 com.vivo.contentcatcher.catcher.engine.rx.RxBus$1.a:65 
03-26 12:13:21.084  1979  7848 I chatty  : uid=1000(system) Binder:1979_16 expire 2 lines
03-26 12:13:21.107  3810  3810 W ViewRootImpl[Launcher]: Dropping event due to no window focus: KeyEvent { action=ACTION_DOWN, keyCode=KEYCODE_BACK, scanCode=0, metaState=0, flags=0x48, repeatCount=0, eventTime=292099479, downTime=292099479, deviceId=-1, source=0x101 }
03-26 12:13:21.393  1979  2011 I chatty  : uid=1000(system) ActivityManager expire 4 lines
03-26 12:13:23.460  1979  4966 I chatty  : uid=1000(system) Binder:1979_14 expire 2 lines
03-26 12:13:23.501  1979  2224 I chatty  : uid=1000(system) android.anim expire 2 lines
03-26 12:13:24.951  1979  2283 I chatty  : uid=1000(system) InputReader expire 16 lines
03-26 12:13:25.110  1979  5026 I chatty  : uid=1000(system) pool-8-thread-1 expire 1 line
03-26 12:13:25.120  1979  2257 I chatty  : uid=1000(system) KeyguardUpdateM expire 18 lines
03-26 12:13:25.134  1979  2319 I chatty  : uid=1000(system) Binder:1979_4 expire 1 line
03-26 12:13:25.160  1979  2392 I chatty  : uid=1000(system) PhotonicModulat expire 18 lines
03-26 12:13:25.160  1979  2386 I chatty  : uid=1000(system) AutobacklightTh expire 3 lines
03-26 12:13:25.165  1979  2040 I chatty  : uid=1000(system) PowerManagerSer expire 24 lines
03-26 12:13:25.173  1979  2331 I chatty  : uid=1000(system) TSLcdState expire 18 lines
03-26 12:13:25.190  1979  4966 I chatty  : uid=1000(system) Binder:1979_14 expire 4 lines
03-26 12:13:25.211  1979  2347 I chatty  : uid=1000(system) FaceDirection expire 2 lines
03-26 12:13:25.215  1979  2032 I chatty  : uid=1000(system) android.display expire 4 lines
03-26 12:13:25.222  1979  2011 I chatty  : uid=1000(system) ActivityManager expire 2 lines
03-26 12:13:25.233  1979  3774 I chatty  : uid=1000(system) Binder:1979_E expire 19 lines
03-26 12:13:25.239  1979  1995 I chatty  : uid=1000(system) Binder:1979_2 expire 20 lines
03-26 12:13:25.246  1979 27393 I chatty  : uid=1000(system) Binder:1979_1E expire 10 lines
03-26 12:13:25.297  1979  2389 I chatty  : uid=1000(system) AntiMisoperatio expire 2 lines
03-26 12:13:25.298  1979  2257 I chatty  : uid=1000(system) KeyguardUpdateM expire 27 lines
03-26 12:13:25.314  2471  2471 I View    : updateSystemUiVisibility, blackBackground = false, getVisibility() = 8, getWindowVisibility() = 0, viewBounds = Rect(0, 0 - 0, 0), windowBounds = Rect(0, 0 - 0, 0), view = TextureView:com.vivo.common.widget.BlurRenderView{f83c4d2 G.ED..... ......ID 0,0-1080,2160}
03-26 12:13:25.315  2471  2471 I View    : updateSystemUiVisibility, blackBackground = false, getVisibility() = 8, getWindowVisibility() = 0, viewBounds = Rect(0, 0 - 0, 0), windowBounds = Rect(0, 0 - 0, 0), view = TextureView:com.vivo.systemui.statusbar.policy.render.SafeBlurRenderView{ba4eacc G.ED..... ......I. 0,0-1080,2160 #7f0a0478 app:id/vivo_render_view}
03-26 12:13:25.320  2471  2471 I View    : updateSystemUiVisibility, blackBackground = false, getVisibility() = 8, getWindowVisibility() = 0, viewBounds = Rect(0, 0 - 0, 0), windowBounds = Rect(0, 0 - 0, 0), view = TextureView:com.vivo.common.widget.BlurRenderView{f83c4d2 G.ED..... ......ID 0,0-1080,2160}
03-26 12:13:25.334  2471  2471 V KeyguardDisplayManager: show
03-26 12:13:25.428  1979  1979 I chatty  : uid=1000 system_server expire 76 lines
03-26 12:13:25.457  1979 25807 I chatty  : uid=1000(system) Binder:1979_1C expire 1 line
03-26 12:13:25.537  1979  2958 I chatty  : uid=1000(system) Binder:1979_A expire 12 lines
03-26 12:13:25.538  1979  2290 I chatty  : uid=1000(system) NetdConnector expire 7 lines
03-26 12:13:25.561  1979  2030 I chatty  : uid=1000(system) android.fg expire 1 line
03-26 12:13:26.173  1979  2336 I chatty  : uid=1000(system) ProximityExcept expire 1 line
03-26 12:13:28.068  7247  7782 E DexLoadReporter: Could not create the profile directory: /data/app/com.alibaba.android.rimet-1/lib/arm/oat/libsgmain.so.cur.prof
03-26 12:13:36.439  1333  1493 E NetlinkEvent: NetlinkEvent::FindParam(): Parameter 'INTERFACE' not found
03-26 12:13:36.439  1333  1493 E NetlinkEvent: NetlinkEvent::FindParam(): Parameter 'STATE' not found
03-26 12:13:36.439  1333  1493 E NetlinkEvent: NetlinkEvent::FindParam(): Parameter 'TIME_NS' not found
03-26 12:13:36.439  1333  1493 E NetlinkEvent: NetlinkEvent::FindParam(): Parameter 'UID' not found
03-26 12:13:37.514  7247  7892 E DexLoadReporter: Could not create the profile directory: /data/app/com.alibaba.android.rimet-1/lib/arm/oat/libsgsecuritybody.so.cur.prof
03-26 12:13:37.567  7247  7892 E DexLoadReporter: Could not create the profile directory: /data/app/com.alibaba.android.rimet-1/lib/arm/oat/libsgmisc.so.cur.prof
03-26 12:13:40.479  1979  2283 I chatty  : uid=1000(system) InputReader expire 5 lines
03-26 12:13:40.480  1979  2261 I chatty  : uid=1000(system) WakeupByWho expire 4 lines
03-26 12:13:40.481  1979  2040 I chatty  : uid=1000(system) PowerManagerSer expire 92 lines
03-26 12:13:40.481  1979  2283 I chatty  : uid=1000(system) InputReader expire 2 lines
03-26 12:13:40.482  1979  2382 I chatty  : uid=1000(system) FingerprintWake expire 9 lines
03-26 12:13:40.482  1979  2392 I chatty  : uid=1000(system) PhotonicModulat expire 20 lines
03-26 12:13:40.482  1979  2032 I chatty  : uid=1000(system) android.display expire 9 lines
03-26 12:13:40.486  1979  2386 I chatty  : uid=1000(system) AutobacklightTh expire 2 lines
03-26 12:13:40.490  1979  1995 I chatty  : uid=1000(system) Binder:1979_2 expire 17 lines
03-26 12:13:40.491  1979  2319 I chatty  : uid=1000(system) Binder:1979_4 expire 7 lines
03-26 12:13:40.492  1979  2030 I chatty  : uid=1000(system) android.fg expire 1 line
03-26 12:13:40.498  1979  1979 I chatty  : uid=1000 system_server expire 22 lines
03-26 12:13:40.499  1979  2259 I chatty  : uid=1000(system) VivoPhonePositi expire 2 lines
03-26 12:13:40.507  1979  3806 I chatty  : uid=1000(system) Binder:1979_11 expire 20 lines
03-26 12:13:40.664  1979  2257 I chatty  : uid=1000(system) KeyguardUpdateM expire 25 lines
03-26 12:13:40.666  1979  2389 I chatty  : uid=1000(system) AntiMisoperatio expire 2 lines
03-26 12:13:40.667  1979  5026 I chatty  : uid=1000(system) pool-8-thread-1 expire 1 line
03-26 12:13:40.675  2682  2682 D FtColorManager: getActiveMode mode0
03-26 12:13:40.680  1979  7848 I chatty  : uid=1000(system) Binder:1979_16 expire 2 lines
03-26 12:13:40.681  2471  2471 I View    : updateSystemUiVisibility, blackBackground = false, getVisibility() = 8, getWindowVisibility() = 0, viewBounds = Rect(0, 0 - 0, 0), windowBounds = Rect(0, 0 - 0, 0), view = TextureView:com.vivo.common.widget.BlurRenderView{f83c4d2 G.ED..... ......ID 0,0-1080,2160}
03-26 12:13:40.704  1979  2391 I chatty  : uid=1000(system) FingerprintAnal expire 12 lines
03-26 12:13:40.704  1979  2331 I chatty  : uid=1000(system) TSLcdState expire 3 lines
03-26 12:13:40.778 14894 14924 W ContextImpl: Calling a method in the system process without a qualified user: android.app.ContextImpl.sendBroadcast:970 android.content.ContextWrapper.sendBroadcast:437 com.vivo.contentcatcher.server.specialtreatment.vtouch.VTouch.onTopActivityChanged:69 java.lang.reflect.Method.invoke:-2 com.vivo.contentcatcher.catcher.engine.rx.RxBus$1.a:65 
03-26 12:13:40.792  1979  4538 I chatty  : uid=1000(system) Binder:1979_13 expire 5 lines
03-26 12:13:40.794  2471  2471 I View    : updateSystemUiVisibility, blackBackground = false, getVisibility() = 8, getWindowVisibility() = 0, viewBounds = Rect(0, 0 - 0, 0), windowBounds = Rect(0, 0 - 0, 0), view = TextureView:com.vivo.common.widget.BlurRenderView{f83c4d2 G.ED..... ......ID 0,0-1080,2160}
03-26 12:13:40.794  2471  2471 I View    : updateSystemUiVisibility, blackBackground = false, getVisibility() = 8, getWindowVisibility() = 0, viewBounds = Rect(0, 0 - 0, 0), windowBounds = Rect(0, 0 - 0, 0), view = TextureView:com.vivo.systemui.statusbar.policy.render.SafeBlurRenderView{ba4eacc G.ED..... ......I. 0,0-1080,2160 #7f0a0478 app:id/vivo_render_view}
03-26 12:13:40.798  2471  2471 V KeyguardDisplayManager: hide
03-26 12:13:40.812  1979 25807 I chatty  : uid=1000(system) Binder:1979_1C expire 1 line
03-26 12:13:40.891  1979 27393 I chatty  : uid=1000(system) Binder:1979_1E expire 5 lines
03-26 12:13:40.891  1979  2347 I chatty  : uid=1000(system) FaceDirection expire 2 lines
03-26 12:13:40.897  1979  2011 I chatty  : uid=1000(system) ActivityManager expire 4 lines
03-26 12:13:40.905  2664  2664 W ContextImpl: Calling a method in the system process without a qualified user: android.app.ContextImpl.startService:1480 android.content.ContextWrapper.startService:650 com.vivo.daemonService.lll.onReceive:2827 android.app.LoadedApk$ReceiverDispatcher$Args.lambda$-android_app_LoadedApk$ReceiverDispatcher$Args_53080:1329 android.app.-$Lambda$aS31cHIhRx41653CMnd4gZqshIQ.$m$7:4 
03-26 12:13:40.909  1979  2313 I chatty  : uid=1000(system) VivoLocationUti expire 1 line
03-26 12:13:40.910  1979  2012 I chatty  : uid=1000(system) android.ui expire 15 lines
03-26 12:13:40.933  1979  2011 I chatty  : uid=1000(system) ActivityManager expire 71 lines
03-26 12:13:40.936  1979  3806 I chatty  : uid=1000(system) Binder:1979_11 expire 8 lines
03-26 12:13:40.937  1979  1995 I chatty  : uid=1000(system) Binder:1979_2 expire 1 line
03-26 12:13:40.939  1979  2032 I chatty  : uid=1000(system) android.display expire 3 lines
03-26 12:13:40.962  1979  2040 I chatty  : uid=1000(system) PowerManagerSer expire 15 lines
03-26 12:13:40.982  1979 28301 I chatty  : uid=1000(system) Binder:1979_20 expire 9 lines
03-26 12:13:40.984  1979  2386 I chatty  : uid=1000(system) AutobacklightTh expire 3 lines
03-26 12:13:40.994  1979  2257 I chatty  : uid=1000(system) KeyguardUpdateM expire 30 lines
03-26 12:13:40.997  1979  1979 I chatty  : uid=1000 system_server expire 16 lines
03-26 12:13:40.998  2664  7971 W ContextImpl: Calling a method in the system process without a qualified user: android.app.ContextImpl.sendBroadcast:970 android.content.ContextWrapper.sendBroadcast:437 com.vivo.daemonService.calendar.CalendarService.llll11:197 com.vivo.daemonService.calendar.CalendarService.onHandleIntent:74 android.app.IntentService$ServiceHandler.handleMessage:76 
03-26 12:13:41.004  1979 25807 I chatty  : uid=1000(system) Binder:1979_1C expire 7 lines
03-26 12:13:41.126  1979  2319 I chatty  : uid=1000(system) Binder:1979_4 expire 1 line
03-26 12:13:41.236  1335  1335 I wificond: Enters wifigbk_ageOutHistory
03-26 12:13:41.237  1335  1335 I wificond: Enters wifigbk_ageOutHistory
03-26 12:13:41.846  1335  1335 I wificond: Enters wifigbk_ageOutHistory
03-26 12:13:41.848  1335  1335 I wificond: Enters wifigbk_ageOutHistory
03-26 12:13:42.551  1979  2282 I chatty  : uid=1000(system) InputDispatcher expire 13 lines
03-26 12:13:42.600  2471  2471 I View    : updateSystemUiVisibility, blackBackground = false, getVisibility() = 8, getWindowVisibility() = 0, viewBounds = Rect(0, 0 - 0, 0), windowBounds = Rect(0, 0 - 0, 0), view = TextureView:com.vivo.common.widget.BlurRenderView{f83c4d2 G.ED..... ......ID 0,0-1080,2160}
03-26 12:13:42.600  2471  2471 I View    : updateSystemUiVisibility, blackBackground = false, getVisibility() = 8, getWindowVisibility() = 0, viewBounds = Rect(0, 0 - 0, 0), windowBounds = Rect(0, 0 - 0, 0), view = TextureView:com.vivo.systemui.statusbar.policy.render.SafeBlurRenderView{ba4eacc G.ED..... ......I. 0,0-1080,2160 #7f0a0478 app:id/vivo_render_view}
03-26 12:13:42.645  2471  2471 I View    : updateSystemUiVisibility, blackBackground = true, getVisibility() = 0, getWindowVisibility() = 0, viewBounds = Rect(0, 0 - 1080, 72), windowBounds = Rect(0, 0 - 1080, 72), view = TextureView:com.vivo.systemui.statusbar.policy.render.SafeBlurRenderView{ba4eacc V.ED..... ......ID 0,0-1080,2160 #7f0a0478 app:id/vivo_render_view}
03-26 12:13:42.698  2471  2471 I View    : updateSystemUiVisibility, blackBackground = true, getVisibility() = 0, getWindowVisibility() = 0, viewBounds = Rect(0, 0 - 1080, 2160), windowBounds = Rect(0, 0 - 1080, 2160), view = TextureView:com.vivo.systemui.statusbar.policy.render.SafeBlurRenderView{ba4eacc V.ED..... ......ID 0,0-1080,2160 #7f0a0478 app:id/vivo_render_view}
03-26 12:13:42.771  1979  2336 I chatty  : uid=1000(system) ProximityExcept expire 1 line
03-26 12:13:43.349  2471  2471 I View    : updateSystemUiVisibility, blackBackground = false, getVisibility() = 8, getWindowVisibility() = 0, viewBounds = Rect(0, 0 - 0, 0), windowBounds = Rect(0, 0 - 0, 0), view = TextureView:com.vivo.systemui.statusbar.policy.render.SafeBlurRenderView{ba4eacc G.ED..... ......I. 0,0-1080,2160 #7f0a0478 app:id/vivo_render_view}
03-26 12:13:43.352  2471  2471 I View    : updateSystemUiVisibility, blackBackground = false, getVisibility() = 8, getWindowVisibility() = 0, viewBounds = Rect(0, 0 - 0, 0), windowBounds = Rect(0, 0 - 0, 0), view = TextureView:com.vivo.common.widget.BlurRenderView{f83c4d2 G.ED..... ......ID 0,0-1080,2160}
03-26 12:13:43.352  2471  2471 I View    : updateSystemUiVisibility, blackBackground = false, getVisibility() = 8, getWindowVisibility() = 0, viewBounds = Rect(0, 0 - 0, 0), windowBounds = Rect(0, 0 - 0, 0), view = TextureView:com.vivo.systemui.statusbar.policy.render.SafeBlurRenderView{ba4eacc G.ED..... ......I. 0,0-1080,2160 #7f0a0478 app:id/vivo_render_view}
03-26 12:13:43.501  1979  4538 I chatty  : uid=1000(system) Binder:1979_13 expire 15 lines
03-26 12:13:45.123  2664  1718 W ContextImpl: Calling a method in the system process without a qualified user: android.app.ContextImpl.sendBroadcast:970 android.content.ContextWrapper.sendBroadcast:437 com.vivo.daemonService.IqooSecure.SoftwareLockService.ll11:643 com.vivo.daemonService.IqooSecure.SoftwareLockService.l11:1038 com.vivo.daemonService.IqooSecure.SoftwareLockService.l11:109 
03-26 12:13:45.171  1979  2042 I chatty  : uid=1000(system) WakelockControl expire 1 line
03-26 12:13:45.242  1979  2958 I chatty  : uid=1000(system) Binder:1979_A expire 3 lines
03-26 12:13:45.328  2664  2664 W ContextImpl: Calling a method in the system process without a qualified user: android.app.ContextImpl.sendBroadcast:970 android.content.ContextWrapper.sendBroadcast:437 com.vivo.daemonService.IqooSecure.SoftwareLockService.ll11:643 com.vivo.daemonService.IqooSecure.SoftwareLockService.ll1l1:2570 com.vivo.daemonService.IqooSecure.SoftwareLockService.ll11l:2548 
03-26 12:13:45.331 14894 14924 W ContextImpl: Calling a method in the system process without a qualified user: android.app.ContextImpl.sendBroadcast:970 android.content.ContextWrapper.sendBroadcast:437 com.vivo.contentcatcher.server.specialtreatment.vtouch.VTouch.onTopActivityChanged:69 java.lang.reflect.Method.invoke:-2 com.vivo.contentcatcher.catcher.engine.rx.RxBus$1.a:65 
03-26 12:13:45.438 19354 19354 E SchedPolicy: set_timerslack_ns write failed: Operation not permitted
03-26 12:13:46.041  1979  2333 I chatty  : uid=1000(system) VivoPermission expire 1 line
03-26 12:13:46.234  1333  1493 E NetlinkEvent: NetlinkEvent::FindParam(): Parameter 'INTERFACE' not found
03-26 12:13:46.234  1333  1493 E NetlinkEvent: NetlinkEvent::FindParam(): Parameter 'STATE' not found
03-26 12:13:46.234  1333  1493 E NetlinkEvent: NetlinkEvent::FindParam(): Parameter 'TIME_NS' not found
03-26 12:13:46.234  1333  1493 E NetlinkEvent: NetlinkEvent::FindParam(): Parameter 'UID' not found
03-26 12:13:46.335  1979  3774 I chatty  : uid=1000(system) Binder:1979_E expire 5 lines
03-26 12:13:46.346  1979 27393 I chatty  : uid=1000(system) Binder:1979_1E expire 21 lines
03-26 12:13:46.453  1979  3802 I chatty  : uid=1000(system) Binder:1979_10 expire 89 lines
03-26 12:13:46.476 19354 19354 E SchedPolicy: set_timerslack_ns write failed: Operation not permitted
03-26 12:13:47.053 19354 19354 E SchedPolicy: set_timerslack_ns write failed: Operation not permitted
03-26 12:13:47.802  2664  5054 W ContextImpl: Calling a method in the system process without a qualified user: android.app.ContextImpl.sendBroadcast:970 android.content.ContextWrapper.sendBroadcast:437 com.vivo.daemonService.IqooSecure.SoftwareLockService.ll11:643 com.vivo.daemonService.IqooSecure.SoftwareLockService.l11:1038 com.vivo.daemonService.IqooSecure.SoftwareLockService.l11:109 
03-26 12:13:47.917 19354 19354 D PhoneWindow: DEBUG_ALIENSCREEN:getRotation mRotation=0
03-26 12:13:47.965 14894 14924 W ContextImpl: Calling a method in the system process without a qualified user: android.app.ContextImpl.sendBroadcast:970 android.content.ContextWrapper.sendBroadcast:437 com.vivo.contentcatcher.server.specialtreatment.vtouch.VTouch.onTopActivityChanged:69 java.lang.reflect.Method.invoke:-2 com.vivo.contentcatcher.catcher.engine.rx.RxBus$1.a:65 
03-26 12:13:48.404 19354 19354 I View    : updateSystemUiVisibility, blackBackground = false, getVisibility() = 0, getWindowVisibility() = 0, viewBounds = Rect(0, 0 - 0, 0), windowBounds = Rect(0, 0 - 1080, 2160), view = TextureView:com.tencent.mm.pluginsdk.ui.tools.VideoPlayerTextureView{3f9e0ce VFED..... ......I. 0,0-0,0}
03-26 12:13:48.404 19354 19354 I View    : updateSystemUiVisibility, blackBackground = false, getVisibility() = 0, getWindowVisibility() = 0, viewBounds = Rect(0, 0 - 0, 0), windowBounds = Rect(0, 0 - 1080, 2160), view = TextureView:com.tencent.mm.pluginsdk.ui.tools.VideoPlayerTextureView{3f9e0ce VFED..... ......I. 0,0-0,0}
03-26 12:13:48.404 19354 19354 I View    : updateSystemUiVisibility, blackBackground = false, getVisibility() = 8, getWindowVisibility() = 0, viewBounds = Rect(0, 0 - 0, 0), windowBounds = Rect(0, 0 - 0, 0), view = TextureView:com.tencent.mm.pluginsdk.ui.tools.VideoPlayerTextureView{3f9e0ce GFED..... ......I. 0,0-0,0}
03-26 12:13:48.404 19354 19354 I View    : updateSystemUiVisibility, blackBackground = false, getVisibility() = 8, getWindowVisibility() = 0, viewBounds = Rect(0, 0 - 0, 0), windowBounds = Rect(0, 0 - 0, 0), view = TextureView:com.tencent.mm.pluginsdk.ui.tools.VideoPlayerTextureView{3f9e0ce GFED..... ......I. 0,0-0,0}
03-26 12:13:48.585  2744  8120 W ContextImpl: Calling a method in the system process without a qualified user: android.app.ContextImpl.startService:1480 android.content.ContextWrapper.startService:650 com.vivo.smartmultiwindow.l1l.lllll.lll1ll:503 com.vivo.smartmultiwindow.services.ll111.run:284 java.lang.Thread.run:764 
03-26 12:13:50.969  8124  8124 E ActivityThread: Failed to find provider info for com.tencent.mm.coolassist.debugprovider
03-26 12:13:52.515  1979 27393 I chatty  : uid=1000(system) Binder:1979_1E expire 5 lines
03-26 12:13:52.529  1979 28301 I chatty  : uid=1000(system) Binder:1979_20 expire 19 lines
03-26 12:13:53.190  1979  2386 I chatty  : uid=1000(system) AutobacklightTh expire 8 lines
03-26 12:13:53.199  1979  2313 I chatty  : uid=1000(system) VivoLocationUti expire 1 line
03-26 12:13:53.479  1979  2958 I chatty  : uid=1000(system) Binder:1979_A expire 3 lines
03-26 12:13:53.704  1979  2993 I chatty  : uid=1000(system) Binder:1979_B expire 24 lines
03-26 12:13:53.705  1979  2303 I chatty  : uid=1000(system) ConnectivitySer expire 40 lines
03-26 12:13:53.706  1979  3806 I chatty  : uid=1000(system) Binder:1979_11 expire 1 line
03-26 12:13:53.709  1979 25807 I chatty  : uid=1000(system) Binder:1979_1C expire 10 lines
03-26 12:13:53.854  8297  8297 E ActivityThread: Failed to find provider info for com.tencent.mm.coolassist.debugprovider
03-26 12:13:53.953  1979  1979 I chatty  : uid=1000 system_server expire 16 lines
03-26 12:13:56.483  1979  2011 I chatty  : uid=1000(system) ActivityManager expire 14 lines
03-26 12:13:56.988  1979  2282 I chatty  : uid=1000(system) InputDispatcher expire 41 lines
03-26 12:13:57.505  1979  2012 I chatty  : uid=1000(system) android.ui expire 27 lines
03-26 12:13:57.560 14894 14924 W ContextImpl: Calling a method in the system process without a qualified user: android.app.ContextImpl.sendBroadcast:970 android.content.ContextWrapper.sendBroadcast:437 com.vivo.contentcatcher.server.specialtreatment.vtouch.VTouch.onTopActivityChanged:69 java.lang.reflect.Method.invoke:-2 com.vivo.contentcatcher.catcher.engine.rx.RxBus$1.a:65 
03-26 12:13:57.575 19354 19354 I View    : updateSystemUiVisibility, blackBackground = false, getVisibility() = 8, getWindowVisibility() = 8, viewBounds = Rect(0, 0 - 0, 0), windowBounds = Rect(0, 0 - 0, 0), view = TextureView:com.tencent.mm.pluginsdk.ui.tools.VideoPlayerTextureView{3f9e0ce GFED..... ......I. 0,0-0,0}
03-26 12:13:57.661  2664  2664 W ContextImpl: Calling a method in the system process without a qualified user: android.app.ContextImpl.sendBroadcast:970 android.content.ContextWrapper.sendBroadcast:437 com.vivo.daemonService.IqooSecure.SoftwareLockService.ll11:643 com.vivo.daemonService.IqooSecure.SoftwareLockService.ll1l1:2570 com.vivo.daemonService.IqooSecure.SoftwareLockService.ll11l:2548 
03-26 12:13:58.037  2744  8427 W ContextImpl: Calling a method in the system process without a qualified user: android.app.ContextImpl.stopService:1492 android.content.ContextWrapper.stopService:660 com.vivo.smartmultiwindow.l1l.lllll.llll11:523 com.vivo.smartmultiwindow.services.ll111.run:295 java.lang.Thread.run:764 
03-26 12:13:58.046  1979  4538 I chatty  : uid=1000(system) Binder:1979_13 expire 11 lines
03-26 12:13:59.180  1979  2040 I chatty  : uid=1000(system) PowerManagerSer expire 1 line
03-26 12:13:59.253  1333  1493 E NetlinkEvent: NetlinkEvent::FindParam(): Parameter 'INTERFACE' not found
03-26 12:13:59.253  1333  1493 E NetlinkEvent: NetlinkEvent::FindParam(): Parameter 'STATE' not found
03-26 12:13:59.253  1333  1493 E NetlinkEvent: NetlinkEvent::FindParam(): Parameter 'TIME_NS' not found
03-26 12:13:59.253  1333  1493 E NetlinkEvent: NetlinkEvent::FindParam(): Parameter 'UID' not found
03-26 12:14:00.002  1979  2250 I chatty  : uid=1000(system) AlarmManager expire 7 lines
03-26 12:14:01.248  1335  1335 I wificond: Enters wifigbk_ageOutHistory
03-26 12:14:01.249  1335  1335 I wificond: Enters wifigbk_ageOutHistory
03-26 12:14:03.756  2664  2760 W ContextImpl: Calling a method in the system process without a qualified user: android.app.ContextImpl.sendBroadcast:970 android.content.ContextWrapper.sendBroadcast:437 com.vivo.daemonService.IqooSecure.SoftwareLockService.ll11:643 com.vivo.daemonService.IqooSecure.SoftwareLockService.l11:1038 com.vivo.daemonService.IqooSecure.SoftwareLockService.l11:109 
03-26 12:14:03.830 19354 19354 D PhoneWindow: DEBUG_ALIENSCREEN:getRotation mRotation=0
03-26 12:14:03.859 14894 14924 W ContextImpl: Calling a method in the system process without a qualified user: android.app.ContextImpl.sendBroadcast:970 android.content.ContextWrapper.sendBroadcast:437 com.vivo.contentcatcher.server.specialtreatment.vtouch.VTouch.onTopActivityChanged:69 java.lang.reflect.Method.invoke:-2 com.vivo.contentcatcher.catcher.engine.rx.RxBus$1.a:65 
03-26 12:14:04.371 19354 19354 I View    : updateSystemUiVisibility, blackBackground = false, getVisibility() = 8, getWindowVisibility() = 0, viewBounds = Rect(0, 0 - 0, 0), windowBounds = Rect(0, 0 - 0, 0), view = TextureView:com.tencent.mm.pluginsdk.ui.tools.VideoPlayerTextureView{b7d104d GFED..... ......I. 0,0-0,0}
03-26 12:14:04.371 19354 19354 I View    : updateSystemUiVisibility, blackBackground = false, getVisibility() = 8, getWindowVisibility() = 0, viewBounds = Rect(0, 0 - 0, 0), windowBounds = Rect(0, 0 - 0, 0), view = TextureView:com.tencent.mm.pluginsdk.ui.tools.VideoPlayerTextureView{b7d104d GFED..... ......I. 0,0-0,0}
03-26 12:14:04.376 19354 19354 I View    : updateSystemUiVisibility, blackBackground = false, getVisibility() = 0, getWindowVisibility() = 0, viewBounds = Rect(0, 0 - 0, 0), windowBounds = Rect(0, 0 - 1080, 2160), view = TextureView:com.tencent.mm.pluginsdk.ui.tools.VideoPlayerTextureView{7c59702 VFED..... ......I. 0,0-0,0}
03-26 12:14:04.376 19354 19354 I View    : updateSystemUiVisibility, blackBackground = false, getVisibility() = 0, getWindowVisibility() = 0, viewBounds = Rect(0, 0 - 0, 0), windowBounds = Rect(0, 0 - 1080, 2160), view = TextureView:com.tencent.mm.pluginsdk.ui.tools.VideoPlayerTextureView{7c59702 VFED..... ......I. 0,0-0,0}
03-26 12:14:04.376 19354 19354 I View    : updateSystemUiVisibility, blackBackground = false, getVisibility() = 8, getWindowVisibility() = 0, viewBounds = Rect(0, 0 - 0, 0), windowBounds = Rect(0, 0 - 0, 0), view = TextureView:com.tencent.mm.pluginsdk.ui.tools.VideoPlayerTextureView{7c59702 GFED..... ......I. 0,0-0,0}
03-26 12:14:04.376 19354 19354 I View    : updateSystemUiVisibility, blackBackground = false, getVisibility() = 8, getWindowVisibility() = 0, viewBounds = Rect(0, 0 - 0, 0), windowBounds = Rect(0, 0 - 0, 0), view = TextureView:com.tencent.mm.pluginsdk.ui.tools.VideoPlayerTextureView{7c59702 GFED..... ......I. 0,0-0,0}
03-26 12:14:04.386  1333  1493 E NetlinkEvent: NetlinkEvent::FindParam(): Parameter 'INTERFACE' not found
03-26 12:14:04.386  1333  1493 E NetlinkEvent: NetlinkEvent::FindParam(): Parameter 'STATE' not found
03-26 12:14:04.386  1333  1493 E NetlinkEvent: NetlinkEvent::FindParam(): Parameter 'TIME_NS' not found
03-26 12:14:04.386  1333  1493 E NetlinkEvent: NetlinkEvent::FindParam(): Parameter 'UID' not found
03-26 12:14:04.521  2744  8497 W ContextImpl: Calling a method in the system process without a qualified user: android.app.ContextImpl.startService:1480 android.content.ContextWrapper.startService:650 com.vivo.smartmultiwindow.l1l.lllll.lll1ll:503 com.vivo.smartmultiwindow.services.ll111.run:284 java.lang.Thread.run:764 
03-26 12:14:08.306 14894 14924 W ContextImpl: Calling a method in the system process without a qualified user: android.app.ContextImpl.sendBroadcast:970 android.content.ContextWrapper.sendBroadcast:437 com.vivo.contentcatcher.server.specialtreatment.vtouch.VTouch.onTopActivityChanged:69 java.lang.reflect.Method.invoke:-2 com.vivo.contentcatcher.catcher.engine.rx.RxBus$1.a:65 
03-26 12:14:08.324 19354 19354 I View    : updateSystemUiVisibility, blackBackground = false, getVisibility() = 8, getWindowVisibility() = 8, viewBounds = Rect(0, 0 - 0, 0), windowBounds = Rect(0, 0 - 0, 0), view = TextureView:com.tencent.mm.pluginsdk.ui.tools.VideoPlayerTextureView{7c59702 GFED..... ......I. 0,0-0,0}
03-26 12:14:08.324 19354 19354 I View    : updateSystemUiVisibility, blackBackground = false, getVisibility() = 8, getWindowVisibility() = 8, viewBounds = Rect(0, 0 - 0, 0), windowBounds = Rect(0, 0 - 0, 0), view = TextureView:com.tencent.mm.pluginsdk.ui.tools.VideoPlayerTextureView{b7d104d GFED..... ......I. 0,0-0,0}
03-26 12:14:08.412  2664  2664 W ContextImpl: Calling a method in the system process without a qualified user: android.app.ContextImpl.sendBroadcast:970 android.content.ContextWrapper.sendBroadcast:437 com.vivo.daemonService.IqooSecure.SoftwareLockService.ll11:643 com.vivo.daemonService.IqooSecure.SoftwareLockService.ll1l1:2570 com.vivo.daemonService.IqooSecure.SoftwareLockService.ll11l:2548 
03-26 12:14:08.777  2744  8517 W ContextImpl: Calling a method in the system process without a qualified user: android.app.ContextImpl.stopService:1492 android.content.ContextWrapper.stopService:660 com.vivo.smartmultiwindow.l1l.lllll.llll11:523 com.vivo.smartmultiwindow.services.ll111.run:295 java.lang.Thread.run:764 
03-26 12:14:09.550  1333  1493 E NetlinkEvent: NetlinkEvent::FindParam(): Parameter 'INTERFACE' not found
03-26 12:14:09.550  1333  1493 E NetlinkEvent: NetlinkEvent::FindParam(): Parameter 'STATE' not found
03-26 12:14:09.551  1333  1493 E NetlinkEvent: NetlinkEvent::FindParam(): Parameter 'TIME_NS' not found
03-26 12:14:09.551  1333  1493 E NetlinkEvent: NetlinkEvent::FindParam(): Parameter 'UID' not found
03-26 12:14:09.850  1979  2012 I chatty  : uid=1000(system) android.ui expire 25 lines
03-26 12:14:09.880  1979  3802 I chatty  : uid=1000(system) Binder:1979_10 expire 64 lines
03-26 12:14:09.882  2664  2760 W ContextImpl: Calling a method in the system process without a qualified user: android.app.ContextImpl.sendBroadcast:970 android.content.ContextWrapper.sendBroadcast:437 com.vivo.daemonService.IqooSecure.SoftwareLockService.ll11:643 com.vivo.daemonService.IqooSecure.SoftwareLockService.l11:1038 com.vivo.daemonService.IqooSecure.SoftwareLockService.l11:109 
03-26 12:14:09.943 19354 19354 D PhoneWindow: DEBUG_ALIENSCREEN:getRotation mRotation=0
03-26 12:14:09.960  1979  4538 I chatty  : uid=1000(system) Binder:1979_13 expire 57 lines
03-26 12:14:09.970 14894 14924 W ContextImpl: Calling a method in the system process without a qualified user: android.app.ContextImpl.sendBroadcast:970 android.content.ContextWrapper.sendBroadcast:437 com.vivo.contentcatcher.server.specialtreatment.vtouch.VTouch.onTopActivityChanged:69 java.lang.reflect.Method.invoke:-2 com.vivo.contentcatcher.catcher.engine.rx.RxBus$1.a:65 
03-26 12:14:09.977  1979  2040 I chatty  : uid=1000(system) PowerManagerSer expire 3 lines
03-26 12:14:10.100  1979  2993 I chatty  : uid=1000(system) Binder:1979_B expire 6 lines
03-26 12:14:10.244  1979 28301 I chatty  : uid=1000(system) Binder:1979_20 expire 18 lines
03-26 12:14:10.462 19354 19354 I View    : updateSystemUiVisibility, blackBackground = false, getVisibility() = 8, getWindowVisibility() = 0, viewBounds = Rect(0, 0 - 0, 0), windowBounds = Rect(0, 0 - 0, 0), view = TextureView:com.tencent.mm.pluginsdk.ui.tools.VideoPlayerTextureView{dc27bfd GFED..... ......I. 0,0-0,0}
03-26 12:14:10.462 19354 19354 I View    : updateSystemUiVisibility, blackBackground = false, getVisibility() = 8, getWindowVisibility() = 0, viewBounds = Rect(0, 0 - 0, 0), windowBounds = Rect(0, 0 - 0, 0), view = TextureView:com.tencent.mm.pluginsdk.ui.tools.VideoPlayerTextureView{dc27bfd GFED..... ......I. 0,0-0,0}
03-26 12:14:10.628  2744  8537 W ContextImpl: Calling a method in the system process without a qualified user: android.app.ContextImpl.startService:1480 android.content.ContextWrapper.startService:650 com.vivo.smartmultiwindow.l1l.lllll.lll1ll:503 com.vivo.smartmultiwindow.services.ll111.run:284 java.lang.Thread.run:764 
03-26 12:14:13.091  1979  2282 I chatty  : uid=1000(system) InputDispatcher expire 51 lines
03-26 12:14:13.504 19354 19354 I View    : updateSystemUiVisibility, blackBackground = false, getVisibility() = 8, getWindowVisibility() = 0, viewBounds = Rect(0, 0 - 0, 0), windowBounds = Rect(0, 0 - 0, 0), view = TextureView:com.tencent.mm.pluginsdk.ui.tools.VideoPlayerTextureView{dc27bfd GFED..... ......I. 0,0-0,0}
03-26 12:14:14.295 19354 19354 I View    : updateSystemUiVisibility, blackBackground = false, getVisibility() = 8, getWindowVisibility() = 0, viewBounds = Rect(0, 0 - 0, 0), windowBounds = Rect(0, 0 - 0, 0), view = TextureView:com.tencent.mm.pluginsdk.ui.tools.VideoPlayerTextureView{dc27bfd GFED..... ......I. 0,0-0,0}
03-26 12:14:14.295 19354 19354 I View    : updateSystemUiVisibility, blackBackground = false, getVisibility() = 8, getWindowVisibility() = 0, viewBounds = Rect(0, 0 - 0, 0), windowBounds = Rect(0, 0 - 0, 0), view = TextureView:com.tencent.mm.pluginsdk.ui.tools.VideoPlayerTextureView{dc27bfd GFED..... ......I. 0,0-0,0}
03-26 12:14:14.844  1979 25807 I chatty  : uid=1000(system) Binder:1979_1C expire 24 lines
03-26 12:14:14.867 14894 14924 W ContextImpl: Calling a method in the system process without a qualified user: android.app.ContextImpl.sendBroadcast:970 android.content.ContextWrapper.sendBroadcast:437 com.vivo.contentcatcher.server.specialtreatment.vtouch.VTouch.onTopActivityChanged:69 java.lang.reflect.Method.invoke:-2 com.vivo.contentcatcher.catcher.engine.rx.RxBus$1.a:65 
03-26 12:14:14.883 19354 19354 I View    : updateSystemUiVisibility, blackBackground = false, getVisibility() = 8, getWindowVisibility() = 8, viewBounds = Rect(0, 0 - 0, 0), windowBounds = Rect(0, 0 - 0, 0), view = TextureView:com.tencent.mm.pluginsdk.ui.tools.VideoPlayerTextureView{dc27bfd GFED..... ......I. 0,0-0,0}
03-26 12:14:14.972  2664  2664 W ContextImpl: Calling a method in the system process without a qualified user: android.app.ContextImpl.sendBroadcast:970 android.content.ContextWrapper.sendBroadcast:437 com.vivo.daemonService.IqooSecure.SoftwareLockService.ll11:643 com.vivo.daemonService.IqooSecure.SoftwareLockService.ll1l1:2570 com.vivo.daemonService.IqooSecure.SoftwareLockService.ll11l:2548 
03-26 12:14:15.347  2744  8558 W ContextImpl: Calling a method in the system process without a qualified user: android.app.ContextImpl.stopService:1492 android.content.ContextWrapper.stopService:660 com.vivo.smartmultiwindow.l1l.lllll.llll11:523 com.vivo.smartmultiwindow.services.ll111.run:295 java.lang.Thread.run:764 
03-26 12:14:15.529  1979  2011 I chatty  : uid=1000(system) ActivityManager expire 30 lines
03-26 12:14:17.480  8031  8234 E DexLoadReporter: Could not create the profile directory: /data/app/com.alibaba.android.rimet-1/lib/arm/oat/libsgmain.so.cur.prof
03-26 12:14:18.283  2471  2471 I View    : updateSystemUiVisibility, blackBackground = false, getVisibility() = 8, getWindowVisibility() = 0, viewBounds = Rect(0, 0 - 0, 0), windowBounds = Rect(0, 0 - 0, 0), view = TextureView:com.vivo.common.widget.BlurRenderView{f83c4d2 G.ED..... ......ID 0,0-1080,2160}
03-26 12:14:18.284  2471  2471 I View    : updateSystemUiVisibility, blackBackground = false, getVisibility() = 8, getWindowVisibility() = 0, viewBounds = Rect(0, 0 - 0, 0), windowBounds = Rect(0, 0 - 0, 0), view = TextureView:com.vivo.systemui.statusbar.policy.render.SafeBlurRenderView{ba4eacc G.ED..... ......I. 0,0-1080,2160 #7f0a0478 app:id/vivo_render_view}
03-26 12:14:18.334  2471  2471 I View    : updateSystemUiVisibility, blackBackground = true, getVisibility() = 0, getWindowVisibility() = 0, viewBounds = Rect(0, 0 - 1080, 72), windowBounds = Rect(0, 0 - 1080, 72), view = TextureView:com.vivo.systemui.statusbar.policy.render.SafeBlurRenderView{ba4eacc V.ED..... ......ID 0,0-1080,2160 #7f0a0478 app:id/vivo_render_view}
03-26 12:14:18.373  1979  2032 I chatty  : uid=1000(system) android.display expire 4 lines
03-26 12:14:18.384  2471  2471 I View    : updateSystemUiVisibility, blackBackground = true, getVisibility() = 0, getWindowVisibility() = 0, viewBounds = Rect(0, 0 - 1080, 2160), windowBounds = Rect(0, 0 - 1080, 2160), view = TextureView:com.vivo.systemui.statusbar.policy.render.SafeBlurRenderView{ba4eacc V.ED..... ......ID 0,0-1080,2160 #7f0a0478 app:id/vivo_render_view}
03-26 12:14:18.783  2471  2471 I View    : updateSystemUiVisibility, blackBackground = false, getVisibility() = 8, getWindowVisibility() = 0, viewBounds = Rect(0, 0 - 0, 0), windowBounds = Rect(0, 0 - 0, 0), view = TextureView:com.vivo.systemui.statusbar.policy.render.SafeBlurRenderView{ba4eacc G.ED..... ......I. 0,0-1080,2160 #7f0a0478 app:id/vivo_render_view}
03-26 12:14:18.805  2471  2471 I View    : updateSystemUiVisibility, blackBackground = false, getVisibility() = 8, getWindowVisibility() = 0, viewBounds = Rect(0, 0 - 0, 0), windowBounds = Rect(0, 0 - 0, 0), view = TextureView:com.vivo.common.widget.BlurRenderView{f83c4d2 G.ED..... ......ID 0,0-1080,2160}
03-26 12:14:18.805  2471  2471 I View    : updateSystemUiVisibility, blackBackground = false, getVisibility() = 8, getWindowVisibility() = 0, viewBounds = Rect(0, 0 - 0, 0), windowBounds = Rect(0, 0 - 0, 0), view = TextureView:com.vivo.systemui.statusbar.policy.render.SafeBlurRenderView{ba4eacc G.ED..... ......I. 0,0-1080,2160 #7f0a0478 app:id/vivo_render_view}
03-26 12:14:19.547  8031  8569 E DexLoadReporter: Could not create the profile directory: /data/app/com.alibaba.android.rimet-1/lib/arm/oat/libsgsecuritybody.so.cur.prof
03-26 12:14:19.590  8031  8569 E DexLoadReporter: Could not create the profile directory: /data/app/com.alibaba.android.rimet-1/lib/arm/oat/libsgmisc.so.cur.prof
03-26 12:14:19.764 19354 19354 E SchedPolicy: set_timerslack_ns write failed: Operation not permitted
03-26 12:14:19.901  1333  1493 E NetlinkEvent: NetlinkEvent::FindParam(): Parameter 'INTERFACE' not found
03-26 12:14:19.901  1333  1493 E NetlinkEvent: NetlinkEvent::FindParam(): Parameter 'STATE' not found
03-26 12:14:19.901  1333  1493 E NetlinkEvent: NetlinkEvent::FindParam(): Parameter 'TIME_NS' not found
03-26 12:14:19.901  1333  1493 E NetlinkEvent: NetlinkEvent::FindParam(): Parameter 'UID' not found
03-26 12:14:20.248 19354 19354 E SchedPolicy: set_timerslack_ns write failed: Operation not permitted
03-26 12:14:22.088  1333  1493 E NetlinkEvent: NetlinkEvent::FindParam(): Parameter 'INTERFACE' not found
03-26 12:14:22.088  1333  1493 E NetlinkEvent: NetlinkEvent::FindParam(): Parameter 'STATE' not found
03-26 12:14:22.088  1333  1493 E NetlinkEvent: NetlinkEvent::FindParam(): Parameter 'TIME_NS' not found
03-26 12:14:22.088  1333  1493 E NetlinkEvent: NetlinkEvent::FindParam(): Parameter 'UID' not found
03-26 12:14:23.753  2664  2760 W ContextImpl: Calling a method in the system process without a qualified user: android.app.ContextImpl.sendBroadcast:970 android.content.ContextWrapper.sendBroadcast:437 com.vivo.daemonService.IqooSecure.SoftwareLockService.ll11:643 com.vivo.daemonService.IqooSecure.SoftwareLockService.l11:1038 com.vivo.daemonService.IqooSecure.SoftwareLockService.l11:109 
03-26 12:14:23.818 19354 19354 D PhoneWindow: DEBUG_ALIENSCREEN:getRotation mRotation=0
03-26 12:14:23.848 14894 14924 W ContextImpl: Calling a method in the system process without a qualified user: android.app.ContextImpl.sendBroadcast:970 android.content.ContextWrapper.sendBroadcast:437 com.vivo.contentcatcher.server.specialtreatment.vtouch.VTouch.onTopActivityChanged:69 java.lang.reflect.Method.invoke:-2 com.vivo.contentcatcher.catcher.engine.rx.RxBus$1.a:65 
03-26 12:14:24.492  2744  8619 W ContextImpl: Calling a method in the system process without a qualified user: android.app.ContextImpl.startService:1480 android.content.ContextWrapper.startService:650 com.vivo.smartmultiwindow.l1l.lllll.lll1ll:503 com.vivo.smartmultiwindow.services.ll111.run:284 java.lang.Thread.run:764 
03-26 12:14:27.815 14894 14924 W ContextImpl: Calling a method in the system process without a qualified user: android.app.ContextImpl.sendBroadcast:970 android.content.ContextWrapper.sendBroadcast:437 com.vivo.contentcatcher.server.specialtreatment.vtouch.VTouch.onTopActivityChanged:69 java.lang.reflect.Method.invoke:-2 com.vivo.contentcatcher.catcher.engine.rx.RxBus$1.a:65 
03-26 12:14:27.929  2664  2664 W ContextImpl: Calling a method in the system process without a qualified user: android.app.ContextImpl.sendBroadcast:970 android.content.ContextWrapper.sendBroadcast:437 com.vivo.daemonService.IqooSecure.SoftwareLockService.ll11:643 com.vivo.daemonService.IqooSecure.SoftwareLockService.ll1l1:2570 com.vivo.daemonService.IqooSecure.SoftwareLockService.ll11l:2548 
03-26 12:14:28.276  2744  8632 W ContextImpl: Calling a method in the system process without a qualified user: android.app.ContextImpl.stopService:1492 android.content.ContextWrapper.stopService:660 com.vivo.smartmultiwindow.l1l.lllll.llll11:523 com.vivo.smartmultiwindow.services.ll111.run:295 java.lang.Thread.run:764 
03-26 12:14:30.516  1979  2296 I chatty  : uid=1000(system) WifiStateMachin expire 1 line
03-26 12:14:31.164  1335  1335 I wificond: Enters wifigbk_ageOutHistory
03-26 12:14:31.166  1335  1335 I wificond: Enters wifigbk_ageOutHistory
03-26 12:14:32.834  2471  2471 I View    : updateSystemUiVisibility, blackBackground = false, getVisibility() = 8, getWindowVisibility() = 0, viewBounds = Rect(0, 0 - 0, 0), windowBounds = Rect(0, 0 - 0, 0), view = TextureView:com.vivo.common.widget.BlurRenderView{f83c4d2 G.ED..... ......ID 0,0-1080,2160}
03-26 12:14:32.834  2471  2471 I View    : updateSystemUiVisibility, blackBackground = false, getVisibility() = 8, getWindowVisibility() = 0, viewBounds = Rect(0, 0 - 0, 0), windowBounds = Rect(0, 0 - 0, 0), view = TextureView:com.vivo.systemui.statusbar.policy.render.SafeBlurRenderView{ba4eacc G.ED..... ......I. 0,0-1080,2160 #7f0a0478 app:id/vivo_render_view}
03-26 12:14:32.853  2471  2471 I View    : updateSystemUiVisibility, blackBackground = true, getVisibility() = 0, getWindowVisibility() = 0, viewBounds = Rect(0, 0 - 1080, 72), windowBounds = Rect(0, 0 - 1080, 72), view = TextureView:com.vivo.systemui.statusbar.policy.render.SafeBlurRenderView{ba4eacc V.ED..... ......ID 0,0-1080,2160 #7f0a0478 app:id/vivo_render_view}
03-26 12:14:32.895  2471  2471 I View    : updateSystemUiVisibility, blackBackground = true, getVisibility() = 0, getWindowVisibility() = 0, viewBounds = Rect(0, 0 - 1080, 2160), windowBounds = Rect(0, 0 - 1080, 2160), view = TextureView:com.vivo.systemui.statusbar.policy.render.SafeBlurRenderView{ba4eacc V.ED..... ......ID 0,0-1080,2160 #7f0a0478 app:id/vivo_render_view}
03-26 12:14:33.335  2471  2471 I View    : updateSystemUiVisibility, blackBackground = false, getVisibility() = 8, getWindowVisibility() = 0, viewBounds = Rect(0, 0 - 0, 0), windowBounds = Rect(0, 0 - 0, 0), view = TextureView:com.vivo.systemui.statusbar.policy.render.SafeBlurRenderView{ba4eacc G.ED..... ......I. 0,0-1080,2160 #7f0a0478 app:id/vivo_render_view}
03-26 12:14:33.337  2471  2471 I View    : updateSystemUiVisibility, blackBackground = false, getVisibility() = 8, getWindowVisibility() = 0, viewBounds = Rect(0, 0 - 0, 0), windowBounds = Rect(0, 0 - 0, 0), view = TextureView:com.vivo.common.widget.BlurRenderView{f83c4d2 G.ED..... ......ID 0,0-1080,2160}
03-26 12:14:33.337  2471  2471 I View    : updateSystemUiVisibility, blackBackground = false, getVisibility() = 8, getWindowVisibility() = 0, viewBounds = Rect(0, 0 - 0, 0), windowBounds = Rect(0, 0 - 0, 0), view = TextureView:com.vivo.systemui.statusbar.policy.render.SafeBlurRenderView{ba4eacc G.ED..... ......I. 0,0-1080,2160 #7f0a0478 app:id/vivo_render_view}
03-26 12:14:33.966  1979  2042 I chatty  : uid=1000(system) WakelockControl expire 2 lines
03-26 12:14:33.968 19354 19354 W ViewRootImpl[LauncherUI]: Cancelling event due to no window focus: KeyEvent { action=ACTION_UP, keyCode=KEYCODE_BACK, scanCode=0, metaState=0, flags=0x68, repeatCount=0, eventTime=292165018, downTime=292164965, deviceId=-1, source=0x101 }
03-26 12:14:33.968 19354 19354 I chatty  : uid=10132(com.tencent.mm) identical 5 lines
03-26 12:14:33.968 19354 19354 W ViewRootImpl[LauncherUI]: Cancelling event due to no window focus: KeyEvent { action=ACTION_UP, keyCode=KEYCODE_BACK, scanCode=0, metaState=0, flags=0x68, repeatCount=0, eventTime=292165018, downTime=292164965, deviceId=-1, source=0x101 }
03-26 12:14:33.969  1979  2386 I chatty  : uid=1000(system) AutobacklightTh expire 2 lines
03-26 12:14:33.971  1979  2313 I chatty  : uid=1000(system) VivoLocationUti expire 2 lines
03-26 12:14:33.972 19354 19354 W ViewRootImpl[LauncherUI]: Cancelling event due to no window focus: KeyEvent { action=ACTION_UP, keyCode=KEYCODE_BACK, scanCode=0, metaState=0, flags=0x68, repeatCount=0, eventTime=292165018, downTime=292164965, deviceId=-1, source=0x101 }
03-26 12:14:33.973 19354 19354 W ViewRootImpl[LauncherUI]: Cancelling event due to no window focus: KeyEvent { action=ACTION_UP, keyCode=KEYCODE_BACK, scanCode=0, metaState=0, flags=0x68, repeatCount=0, eventTime=292165018, downTime=292164965, deviceId=-1, source=0x101 }
03-26 12:14:33.976  1979 25807 I chatty  : uid=1000(system) Binder:1979_1C expire 9 lines
03-26 12:14:33.979 14894 14924 W ContextImpl: Calling a method in the system process without a qualified user: android.app.ContextImpl.sendBroadcast:970 android.content.ContextWrapper.sendBroadcast:437 com.vivo.contentcatcher.server.specialtreatment.vtouch.VTouch.onTopActivityChanged:69 java.lang.reflect.Method.invoke:-2 com.vivo.contentcatcher.catcher.engine.rx.RxBus$1.a:65 
03-26 12:14:33.984  1979  3802 I chatty  : uid=1000(system) Binder:1979_10 expire 42 lines
03-26 12:14:33.995  1979  2011 I chatty  : uid=1000(system) ActivityManager expire 38 lines
03-26 12:14:33.996  3810  3810 W ViewRootImpl[Launcher]: Cancelling event due to no window focus: KeyEvent { action=ACTION_UP, keyCode=KEYCODE_BACK, scanCode=0, metaState=0, flags=0x68, repeatCount=0, eventTime=292164971, downTime=292164965, deviceId=-1, source=0x101 }
03-26 12:14:33.996  3810  3810 I chatty  : uid=10033(com.bbk.launcher2) identical 7 lines
03-26 12:14:33.996  3810  3810 W ViewRootImpl[Launcher]: Cancelling event due to no window focus: KeyEvent { action=ACTION_UP, keyCode=KEYCODE_BACK, scanCode=0, metaState=0, flags=0x68, repeatCount=0, eventTime=292164971, downTime=292164965, deviceId=-1, source=0x101 }
03-26 12:14:33.998  1979 11205 I chatty  : uid=1000(system) Binder:1979_17 expire 3 lines
03-26 12:14:34.000  1979  4538 I chatty  : uid=1000(system) Binder:1979_13 expire 2 lines
03-26 12:14:34.059  1979  2012 I chatty  : uid=1000(system) android.ui expire 6 lines
03-26 12:14:34.592  1979 20396 I chatty  : uid=1000(system) Binder:1979_18 expire 50 lines
03-26 12:14:34.604  1979  2993 I chatty  : uid=1000(system) Binder:1979_B expire 21 lines
03-26 12:14:34.787  1979  2282 I chatty  : uid=1000(system) InputDispatcher expire 27 lines
03-26 12:14:34.823  1979  2290 I chatty  : uid=1000(system) NetdConnector expire 4 lines
03-26 12:14:34.829  1979  1979 I chatty  : uid=1000 system_server expire 12 lines
03-26 12:14:34.850  2664  2680 W ContextImpl: Calling a method in the system process without a qualified user: android.app.ContextImpl.sendBroadcast:970 android.content.ContextWrapper.sendBroadcast:437 com.vivo.daemonService.IqooSecure.SoftwareLockService.ll11:643 com.vivo.daemonService.IqooSecure.SoftwareLockService.l11:1038 com.vivo.daemonService.IqooSecure.SoftwareLockService.l11:109 
03-26 12:14:34.858 19354 19354 E SchedPolicy: set_timerslack_ns write failed: Operation not permitted
03-26 12:14:34.872  1979  2319 I chatty  : uid=1000(system) Binder:1979_4 expire 5 lines
03-26 12:14:34.954 14894 14924 W ContextImpl: Calling a method in the system process without a qualified user: android.app.ContextImpl.sendBroadcast:970 android.content.ContextWrapper.sendBroadcast:437 com.vivo.contentcatcher.server.specialtreatment.vtouch.VTouch.onTopActivityChanged:69 java.lang.reflect.Method.invoke:-2 com.vivo.contentcatcher.catcher.engine.rx.RxBus$1.a:65 
03-26 12:14:35.009  1979 27398 I chatty  : uid=1000(system) Binder:1979_1F expire 10 lines
03-26 12:14:35.051 19354 19354 E SchedPolicy: set_timerslack_ns write failed: Operation not permitted
03-26 12:14:35.051  1979  2958 I chatty  : uid=1000(system) Binder:1979_A expire 21 lines
03-26 12:14:35.057  2664  2664 W ContextImpl: Calling a method in the system process without a qualified user: android.app.ContextImpl.sendBroadcast:970 android.content.ContextWrapper.sendBroadcast:437 com.vivo.daemonService.IqooSecure.SoftwareLockService.ll11:643 com.vivo.daemonService.IqooSecure.SoftwareLockService.ll1l1:2570 com.vivo.daemonService.IqooSecure.SoftwareLockService.ll11l:2548 
03-26 12:14:35.360  1979  2010 I chatty  : uid=1000(system) android.bg expire 12 lines
03-26 12:14:35.360  1979  4115 I chatty  : uid=1000(system) IzatProvider expire 3 lines
03-26 12:14:35.375  1979  2614 I chatty  : uid=1000(system) VivoCoreLocatio expire 1 line
03-26 12:14:35.463  1979  2333 I chatty  : uid=1000(system) VivoPermission expire 1 line
03-26 12:14:35.803 19354 19354 E SchedPolicy: set_timerslack_ns write failed: Operation not permitted
03-26 12:14:35.828  1979  2040 I chatty  : uid=1000(system) PowerManagerSer expire 2 lines
03-26 12:14:36.227 19354 19354 E SchedPolicy: set_timerslack_ns write failed: Operation not permitted
03-26 12:14:36.664  1979  3806 I chatty  : uid=1000(system) Binder:1979_11 expire 19 lines
03-26 12:14:36.684  2696  2696 D MccTable: updateMccMncConfiguration mccmnc='' fromServiceState=true
03-26 12:14:36.684  2696  2696 D MccTable: WIFI_COUNTRY_CODE set to 
03-26 12:14:37.277  1333  1493 E NetlinkEvent: NetlinkEvent::FindParam(): Parameter 'INTERFACE' not found
03-26 12:14:37.277  1333  1493 E NetlinkEvent: NetlinkEvent::FindParam(): Parameter 'STATE' not found
03-26 12:14:37.277  1333  1493 E NetlinkEvent: NetlinkEvent::FindParam(): Parameter 'TIME_NS' not found
03-26 12:14:37.277  1333  1493 E NetlinkEvent: NetlinkEvent::FindParam(): Parameter 'UID' not found
