adb server is out of date.  killing...
* daemon started successfully *
--------- beginning of system
03-26 12:02:30.664  1979  2282 I chatty  : uid=1000(system) InputDispatcher expire 48 lines
03-26 12:02:30.724  1979  2011 I chatty  : uid=1000(system) ActivityManager expire 32 lines
03-26 12:02:30.923  1979  3766 I chatty  : uid=1000(system) Binder:1979_C expire 10 lines
03-26 12:02:30.978  1335  1335 E wificond: vivo add tx_good 18180 tx_bad 6 rx_good 36169 tx_retry 2580
03-26 12:02:31.376  1979  2315 I chatty  : uid=1000(system) AudioService expire 6 lines
03-26 12:02:33.038  1979  2993 I chatty  : uid=1000(system) Binder:1979_B expire 20 lines
03-26 12:02:33.928  1979 11205 I chatty  : uid=1000(system) Binder:1979_17 expire 59 lines
03-26 12:02:33.994  1335  1335 E wificond: vivo add tx_good 18185 tx_bad 6 rx_good 36179 tx_retry 2581
03-26 12:02:34.410  1979  2467 I chatty  : uid=1000(system) Binder:1979_5 expire 39 lines
03-26 12:02:34.995  1979  2040 I chatty  : uid=1000(system) PowerManagerSer expire 2 lines
03-26 12:02:37.012  1335  1335 E wificond: vivo add tx_good 18187 tx_bad 6 rx_good 36188 tx_retry 2581
03-26 12:02:38.666  1979  2012 I chatty  : uid=1000(system) android.ui expire 11 lines
03-26 12:02:40.030  1335  1335 E wificond: vivo add tx_good 18189 tx_bad 6 rx_good 36208 tx_retry 2581
03-26 12:02:42.152 19354 19354 I View    : updateSystemUiVisibility, blackBackground = false, getVisibility() = 8, getWindowVisibility() = 0, viewBounds = Rect(0, 0 - 0, 0), windowBounds = Rect(0, 0 - 0, 0), view = TextureView:com.tencent.mm.pluginsdk.ui.tools.VideoPlayerTextureView{18bb333 GFED..... ......I. 0,0-1080,2160}
03-26 12:02:42.240  1979  2293 I chatty  : uid=1000(system) NetworkPolicy expire 2 lines
03-26 12:02:42.252  1979  2290 I chatty  : uid=1000(system) NetdConnector expire 1 line
03-26 12:02:43.036  1335  1335 E wificond: vivo add tx_good 18192 tx_bad 6 rx_good 36217 tx_retry 2583
03-26 12:02:43.543 14894 14924 W ContextImpl: Calling a method in the system process without a qualified user: android.app.ContextImpl.sendBroadcast:970 android.content.ContextWrapper.sendBroadcast:437 com.vivo.contentcatcher.server.specialtreatment.vtouch.VTouch.onTopActivityChanged:69 java.lang.reflect.Method.invoke:-2 com.vivo.contentcatcher.catcher.engine.rx.RxBus$1.a:65 
03-26 12:02:43.562 19354 19354 I View    : updateSystemUiVisibility, blackBackground = false, getVisibility() = 8, getWindowVisibility() = 8, viewBounds = Rect(0, 0 - 0, 0), windowBounds = Rect(0, 0 - 0, 0), view = TextureView:com.tencent.mm.pluginsdk.ui.tools.VideoPlayerTextureView{18bb333 GFED..... ......I. 0,0-1080,2160}
03-26 12:02:43.628  2664  2664 W ContextImpl: Calling a method in the system process without a qualified user: android.app.ContextImpl.sendBroadcast:970 android.content.ContextWrapper.sendBroadcast:437 com.vivo.daemonService.IqooSecure.SoftwareLockService.ll11:643 com.vivo.daemonService.IqooSecure.SoftwareLockService.ll1l1:2570 com.vivo.daemonService.IqooSecure.SoftwareLockService.ll11l:2548 
03-26 12:02:44.002  2744  2341 W ContextImpl: Calling a method in the system process without a qualified user: android.app.ContextImpl.stopService:1492 android.content.ContextWrapper.stopService:660 com.vivo.smartmultiwindow.l1l.lllll.llll11:523 com.vivo.smartmultiwindow.services.ll111.run:295 java.lang.Thread.run:764 
03-26 12:02:46.051  1335  1335 E wificond: vivo add tx_good 18206 tx_bad 6 rx_good 36240 tx_retry 2584
03-26 12:02:49.067  1335  1335 E wificond: vivo add tx_good 18237 tx_bad 6 rx_good 36290 tx_retry 2587
03-26 12:02:52.103  1335  1335 E wificond: vivo add tx_good 18246 tx_bad 6 rx_good 36301 tx_retry 2589
03-26 12:02:55.118  1335  1335 E wificond: vivo add tx_good 18258 tx_bad 6 rx_good 36310 tx_retry 2597
03-26 12:02:58.144  1335  1335 E wificond: vivo add tx_good 18262 tx_bad 6 rx_good 36339 tx_retry 2599
03-26 12:02:58.671  1676  2413 E DexLoadReporter: Could not create the profile directory: /data/app/com.alibaba.android.rimet-1/lib/arm/oat/libsgmain.so.cur.prof
03-26 12:03:00.004  1979  2250 I chatty  : uid=1000(system) AlarmManager expire 5 lines
03-26 12:03:00.161  1979  1979 I chatty  : uid=1000 system_server expire 3 lines
03-26 12:03:00.174  1979 11205 I chatty  : uid=1000(system) Binder:1979_17 expire 27 lines
03-26 12:03:00.185  1979  2993 I chatty  : uid=1000(system) Binder:1979_B expire 53 lines
03-26 12:03:00.792  1676  2446 E DexLoadReporter: Could not create the profile directory: /data/app/com.alibaba.android.rimet-1/lib/arm/oat/libsgsecuritybody.so.cur.prof
03-26 12:03:00.862  1676  2446 E DexLoadReporter: Could not create the profile directory: /data/app/com.alibaba.android.rimet-1/lib/arm/oat/libsgmisc.so.cur.prof
03-26 12:03:01.066  1979  2011 I chatty  : uid=1000(system) ActivityManager expire 42 lines
03-26 12:03:01.075  1979  2467 I chatty  : uid=1000(system) Binder:1979_5 expire 46 lines
03-26 12:03:01.159  1335  1335 E wificond: vivo add tx_good 18269 tx_bad 6 rx_good 36349 tx_retry 2599
03-26 12:03:04.183  1335  1335 E wificond: vivo add tx_good 18269 tx_bad 6 rx_good 36352 tx_retry 2599
03-26 12:03:04.358  1979  2282 I chatty  : uid=1000(system) InputDispatcher expire 103 lines
03-26 12:03:07.200  1335  1335 E wificond: vivo add tx_good 18270 tx_bad 6 rx_good 36378 tx_retry 2599
03-26 12:03:09.113  1979  3905 I chatty  : uid=1000(system) Binder:1979_12 expire 26 lines
03-26 12:03:10.228  1335  1335 E wificond: vivo add tx_good 18272 tx_bad 6 rx_good 36391 tx_retry 2600
03-26 12:03:13.237  1335  1335 E wificond: vivo add tx_good 18276 tx_bad 6 rx_good 36401 tx_retry 2601
03-26 12:03:14.299  1979  2030 I chatty  : uid=1000(system) android.fg expire 1 line
03-26 12:03:16.261  1335  1335 E wificond: vivo add tx_good 18280 tx_bad 6 rx_good 36411 tx_retry 2602
03-26 12:03:19.284  1335  1335 E wificond: vivo add tx_good 18283 tx_bad 6 rx_good 36421 tx_retry 2603
03-26 12:03:22.303  1335  1335 E wificond: vivo add tx_good 18283 tx_bad 6 rx_good 36434 tx_retry 2603
03-26 12:03:22.530  1979  3766 I chatty  : uid=1000(system) Binder:1979_C expire 23 lines
03-26 12:03:25.328  1335  1335 E wificond: vivo add tx_good 18283 tx_bad 6 rx_good 36437 tx_retry 2603
03-26 12:03:28.344  1335  1335 E wificond: vivo add tx_good 18284 tx_bad 6 rx_good 36439 tx_retry 2603
03-26 12:03:31.353  1335  1335 E wificond: vivo add tx_good 18291 tx_bad 6 rx_good 36444 tx_retry 2604
03-26 12:03:34.371  1335  1335 E wificond: vivo add tx_good 18300 tx_bad 6 rx_good 36480 tx_retry 2606
03-26 12:03:37.390  1335  1335 E wificond: vivo add tx_good 18301 tx_bad 6 rx_good 36488 tx_retry 2606
03-26 12:03:40.411  1335  1335 E wificond: vivo add tx_good 18301 tx_bad 6 rx_good 36489 tx_retry 2606
03-26 12:03:43.433  1335  1335 E wificond: vivo add tx_good 18301 tx_bad 6 rx_good 36492 tx_retry 2606
03-26 12:03:46.038  1979  2467 I chatty  : uid=1000(system) Binder:1979_5 expire 30 lines
03-26 12:03:46.038  1979  2993 I chatty  : uid=1000(system) Binder:1979_B expire 35 lines
03-26 12:03:46.457  1335  1335 E wificond: vivo add tx_good 18303 tx_bad 6 rx_good 36498 tx_retry 2606
03-26 12:03:46.643  1979  2011 I chatty  : uid=1000(system) ActivityManager expire 31 lines
03-26 12:03:49.469  1335  1335 E wificond: vivo add tx_good 18306 tx_bad 6 rx_good 36521 tx_retry 2606
03-26 12:03:49.620  1979  2282 I chatty  : uid=1000(system) InputDispatcher expire 82 lines
03-26 12:03:52.489  1335  1335 E wificond: vivo add tx_good 18307 tx_bad 6 rx_good 36534 tx_retry 2606
03-26 12:03:54.583  1979  2030 I chatty  : uid=1000(system) android.fg expire 1 line
03-26 12:03:55.499  1335  1335 E wificond: vivo add tx_good 18309 tx_bad 6 rx_good 36541 tx_retry 2607
03-26 12:03:55.658  1979 11205 I chatty  : uid=1000(system) Binder:1979_17 expire 47 lines
03-26 12:03:58.066  1979  3905 I chatty  : uid=1000(system) Binder:1979_12 expire 19 lines
03-26 12:03:58.519  1335  1335 E wificond: vivo add tx_good 18309 tx_bad 6 rx_good 36547 tx_retry 2607
03-26 12:03:58.636  1979  2040 I chatty  : uid=1000(system) PowerManagerSer expire 2 lines
03-26 12:04:00.002  1979  2250 I chatty  : uid=1000(system) AlarmManager expire 1 line
03-26 12:04:00.196  1979  2293 I chatty  : uid=1000(system) NetworkPolicy expire 4 lines
03-26 12:04:00.209  1979  2290 I chatty  : uid=1000(system) NetdConnector expire 2 lines
03-26 12:04:00.244  1979  1979 I chatty  : uid=1000 system_server expire 1 line
03-26 12:04:00.907  2664  2952 W ContextImpl: Calling a method in the system process without a qualified user: android.app.ContextImpl.sendBroadcast:970 android.content.ContextWrapper.sendBroadcast:437 com.vivo.daemonService.IqooSecure.SoftwareLockService.ll11:643 com.vivo.daemonService.IqooSecure.SoftwareLockService.l11:1038 com.vivo.daemonService.IqooSecure.SoftwareLockService.l11:109 
03-26 12:04:00.982 19354 19354 D PhoneWindow: DEBUG_ALIENSCREEN:getRotation mRotation=0
03-26 12:04:01.013 14894 14924 W ContextImpl: Calling a method in the system process without a qualified user: android.app.ContextImpl.sendBroadcast:970 android.content.ContextWrapper.sendBroadcast:437 com.vivo.contentcatcher.server.specialtreatment.vtouch.VTouch.onTopActivityChanged:69 java.lang.reflect.Method.invoke:-2 com.vivo.contentcatcher.catcher.engine.rx.RxBus$1.a:65 
03-26 12:04:01.158  1979  2012 I chatty  : uid=1000(system) android.ui expire 30 lines
03-26 12:04:01.527  1335  1335 E wificond: vivo add tx_good 18314 tx_bad 6 rx_good 36551 tx_retry 2607
03-26 12:04:01.570 19354 19354 I View    : updateSystemUiVisibility, blackBackground = false, getVisibility() = 8, getWindowVisibility() = 0, viewBounds = Rect(0, 0 - 0, 0), windowBounds = Rect(0, 0 - 0, 0), view = TextureView:com.tencent.mm.pluginsdk.ui.tools.VideoPlayerTextureView{50f5f88 GFED..... ......I. 0,0-0,0}
03-26 12:04:01.571 19354 19354 I View    : updateSystemUiVisibility, blackBackground = false, getVisibility() = 8, getWindowVisibility() = 0, viewBounds = Rect(0, 0 - 0, 0), windowBounds = Rect(0, 0 - 0, 0), view = TextureView:com.tencent.mm.pluginsdk.ui.tools.VideoPlayerTextureView{50f5f88 GFED..... ......I. 0,0-0,0}
03-26 12:04:01.675  2744  2731 W ContextImpl: Calling a method in the system process without a qualified user: android.app.ContextImpl.startService:1480 android.content.ContextWrapper.startService:650 com.vivo.smartmultiwindow.l1l.lllll.lll1ll:503 com.vivo.smartmultiwindow.services.ll111.run:284 java.lang.Thread.run:764 
03-26 12:04:04.550  1335  1335 E wificond: vivo add tx_good 18315 tx_bad 6 rx_good 36553 tx_retry 2607
03-26 12:04:05.179  1979 25808 I chatty  : uid=1000(system) Binder:1979_1D expire 33 lines
03-26 12:04:05.252 14894 14924 W ContextImpl: Calling a method in the system process without a qualified user: android.app.ContextImpl.sendBroadcast:970 android.content.ContextWrapper.sendBroadcast:437 com.vivo.contentcatcher.server.specialtreatment.vtouch.VTouch.onTopActivityChanged:69 java.lang.reflect.Method.invoke:-2 com.vivo.contentcatcher.catcher.engine.rx.RxBus$1.a:65 
03-26 12:04:05.268 19354 19354 I View    : updateSystemUiVisibility, blackBackground = false, getVisibility() = 8, getWindowVisibility() = 8, viewBounds = Rect(0, 0 - 0, 0), windowBounds = Rect(0, 0 - 0, 0), view = TextureView:com.tencent.mm.pluginsdk.ui.tools.VideoPlayerTextureView{50f5f88 GFED..... ......I. 0,0-0,0}
03-26 12:04:05.357  2664  2664 W ContextImpl: Calling a method in the system process without a qualified user: android.app.ContextImpl.sendBroadcast:970 android.content.ContextWrapper.sendBroadcast:437 com.vivo.daemonService.IqooSecure.SoftwareLockService.ll11:643 com.vivo.daemonService.IqooSecure.SoftwareLockService.ll1l1:2570 com.vivo.daemonService.IqooSecure.SoftwareLockService.ll11l:2548 
03-26 12:04:05.712  2744  2746 W ContextImpl: Calling a method in the system process without a qualified user: android.app.ContextImpl.stopService:1492 android.content.ContextWrapper.stopService:660 com.vivo.smartmultiwindow.l1l.lllll.llll11:523 com.vivo.smartmultiwindow.services.ll111.run:295 java.lang.Thread.run:764 
03-26 12:04:07.571  1335  1335 E wificond: vivo add tx_good 18316 tx_bad 6 rx_good 36558 tx_retry 2607
03-26 12:04:10.591  1335  1335 E wificond: vivo add tx_good 18316 tx_bad 6 rx_good 36558 tx_retry 2607
03-26 12:04:13.623  1335  1335 E wificond: vivo add tx_good 18331 tx_bad 6 rx_good 36585 tx_retry 2610
03-26 12:04:16.632  1335  1335 E wificond: vivo add tx_good 18331 tx_bad 6 rx_good 36607 tx_retry 2610
03-26 12:04:19.652  1335  1335 E wificond: vivo add tx_good 18331 tx_bad 6 rx_good 36609 tx_retry 2610
03-26 12:04:22.670  1335  1335 E wificond: vivo add tx_good 18333 tx_bad 6 rx_good 36615 tx_retry 2611
03-26 12:04:23.002  1979  2012 I chatty  : uid=1000(system) android.ui expire 31 lines
03-26 12:04:23.092  1979  2282 I chatty  : uid=1000(system) InputDispatcher expire 72 lines
03-26 12:04:23.173  1979 11205 I chatty  : uid=1000(system) Binder:1979_17 expire 10 lines
03-26 12:04:23.379  1979  2993 I chatty  : uid=1000(system) Binder:1979_B expire 71 lines
03-26 12:04:25.689  1335  1335 E wificond: vivo add tx_good 18333 tx_bad 6 rx_good 36618 tx_retry 2611
03-26 12:04:26.441  1979  2011 I chatty  : uid=1000(system) ActivityManager expire 14 lines
03-26 12:04:26.850  1979  3766 I chatty  : uid=1000(system) Binder:1979_C expire 38 lines
03-26 12:04:28.707  1335  1335 E wificond: vivo add tx_good 18335 tx_bad 6 rx_good 36623 tx_retry 2611
03-26 12:04:29.363  2664  2952 W ContextImpl: Calling a method in the system process without a qualified user: android.app.ContextImpl.sendBroadcast:970 android.content.ContextWrapper.sendBroadcast:437 com.vivo.daemonService.IqooSecure.SoftwareLockService.ll11:643 com.vivo.daemonService.IqooSecure.SoftwareLockService.l11:1038 com.vivo.daemonService.IqooSecure.SoftwareLockService.l11:109 
03-26 12:04:29.428 19354 19354 D PhoneWindow: DEBUG_ALIENSCREEN:getRotation mRotation=0
03-26 12:04:29.455 14894 14924 W ContextImpl: Calling a method in the system process without a qualified user: android.app.ContextImpl.sendBroadcast:970 android.content.ContextWrapper.sendBroadcast:437 com.vivo.contentcatcher.server.specialtreatment.vtouch.VTouch.onTopActivityChanged:69 java.lang.reflect.Method.invoke:-2 com.vivo.contentcatcher.catcher.engine.rx.RxBus$1.a:65 
03-26 12:04:29.980 19354 19354 I View    : updateSystemUiVisibility, blackBackground = false, getVisibility() = 8, getWindowVisibility() = 0, viewBounds = Rect(0, 0 - 0, 0), windowBounds = Rect(0, 0 - 0, 0), view = TextureView:com.tencent.mm.pluginsdk.ui.tools.VideoPlayerTextureView{c3f69a5 GFED..... ......I. 0,0-0,0}
03-26 12:04:29.980 19354 19354 I View    : updateSystemUiVisibility, blackBackground = false, getVisibility() = 8, getWindowVisibility() = 0, viewBounds = Rect(0, 0 - 0, 0), windowBounds = Rect(0, 0 - 0, 0), view = TextureView:com.tencent.mm.pluginsdk.ui.tools.VideoPlayerTextureView{c3f69a5 GFED..... ......I. 0,0-0,0}
03-26 12:04:29.988 19354 19354 I View    : updateSystemUiVisibility, blackBackground = false, getVisibility() = 0, getWindowVisibility() = 0, viewBounds = Rect(0, 0 - 0, 0), windowBounds = Rect(0, 0 - 1080, 2160), view = TextureView:com.tencent.mm.pluginsdk.ui.tools.VideoPlayerTextureView{3ce717a VFED..... ......I. 0,0-0,0}
03-26 12:04:29.988 19354 19354 I View    : updateSystemUiVisibility, blackBackground = false, getVisibility() = 0, getWindowVisibility() = 0, viewBounds = Rect(0, 0 - 0, 0), windowBounds = Rect(0, 0 - 1080, 2160), view = TextureView:com.tencent.mm.pluginsdk.ui.tools.VideoPlayerTextureView{3ce717a VFED..... ......I. 0,0-0,0}
03-26 12:04:29.988 19354 19354 I View    : updateSystemUiVisibility, blackBackground = false, getVisibility() = 8, getWindowVisibility() = 0, viewBounds = Rect(0, 0 - 0, 0), windowBounds = Rect(0, 0 - 0, 0), view = TextureView:com.tencent.mm.pluginsdk.ui.tools.VideoPlayerTextureView{3ce717a GFED..... ......I. 0,0-0,0}
03-26 12:04:29.988 19354 19354 I View    : updateSystemUiVisibility, blackBackground = false, getVisibility() = 8, getWindowVisibility() = 0, viewBounds = Rect(0, 0 - 0, 0), windowBounds = Rect(0, 0 - 0, 0), view = TextureView:com.tencent.mm.pluginsdk.ui.tools.VideoPlayerTextureView{3ce717a GFED..... ......I. 0,0-0,0}
03-26 12:04:30.090  2744  2856 W ContextImpl: Calling a method in the system process without a qualified user: android.app.ContextImpl.startService:1480 android.content.ContextWrapper.startService:650 com.vivo.smartmultiwindow.l1l.lllll.lll1ll:503 com.vivo.smartmultiwindow.services.ll111.run:284 java.lang.Thread.run:764 
03-26 12:04:31.670 19354 19354 I View    : updateSystemUiVisibility, blackBackground = false, getVisibility() = 8, getWindowVisibility() = 0, viewBounds = Rect(0, 0 - 0, 0), windowBounds = Rect(0, 0 - 0, 0), view = TextureView:com.tencent.mm.pluginsdk.ui.tools.VideoPlayerTextureView{c3f69a5 GFED..... ......I. 0,0-0,0}
03-26 12:04:31.715  1335  1335 E wificond: vivo add tx_good 18339 tx_bad 6 rx_good 36628 tx_retry 2611
03-26 12:04:32.185 19354 19354 I View    : updateSystemUiVisibility, blackBackground = false, getVisibility() = 8, getWindowVisibility() = 0, viewBounds = Rect(0, 0 - 0, 0), windowBounds = Rect(0, 0 - 0, 0), view = TextureView:com.tencent.mm.pluginsdk.ui.tools.VideoPlayerTextureView{c3f69a5 GFED..... ......I. 0,0-0,0}
03-26 12:04:32.185 19354 19354 I View    : updateSystemUiVisibility, blackBackground = false, getVisibility() = 8, getWindowVisibility() = 0, viewBounds = Rect(0, 0 - 0, 0), windowBounds = Rect(0, 0 - 0, 0), view = TextureView:com.tencent.mm.pluginsdk.ui.tools.VideoPlayerTextureView{c3f69a5 GFED..... ......I. 0,0-0,0}
03-26 12:04:33.713  1979  2467 I chatty  : uid=1000(system) Binder:1979_5 expire 16 lines
03-26 12:04:34.114 19354 19354 I View    : updateSystemUiVisibility, blackBackground = false, getVisibility() = 8, getWindowVisibility() = 0, viewBounds = Rect(0, 0 - 0, 0), windowBounds = Rect(0, 0 - 0, 0), view = TextureView:com.tencent.mm.pluginsdk.ui.tools.VideoPlayerTextureView{3ce717a GFED..... ......I. 0,0-0,0}
03-26 12:04:34.724 19354 19354 I View    : updateSystemUiVisibility, blackBackground = false, getVisibility() = 8, getWindowVisibility() = 0, viewBounds = Rect(0, 0 - 0, 0), windowBounds = Rect(0, 0 - 0, 0), view = TextureView:com.tencent.mm.pluginsdk.ui.tools.VideoPlayerTextureView{3ce717a GFED..... ......I. 0,0-0,0}
03-26 12:04:34.725 19354 19354 I View    : updateSystemUiVisibility, blackBackground = false, getVisibility() = 8, getWindowVisibility() = 0, viewBounds = Rect(0, 0 - 0, 0), windowBounds = Rect(0, 0 - 0, 0), view = TextureView:com.tencent.mm.pluginsdk.ui.tools.VideoPlayerTextureView{3ce717a GFED..... ......I. 0,0-0,0}
03-26 12:04:34.734  1335  1335 E wificond: vivo add tx_good 18346 tx_bad 6 rx_good 36662 tx_retry 2611
03-26 12:04:37.010 19354 19354 I View    : updateSystemUiVisibility, blackBackground = false, getVisibility() = 8, getWindowVisibility() = 0, viewBounds = Rect(0, 0 - 0, 0), windowBounds = Rect(0, 0 - 0, 0), view = TextureView:com.tencent.mm.pluginsdk.ui.tools.VideoPlayerTextureView{c3f69a5 GFED..... ......I. 0,0-0,0}
03-26 12:04:37.747  1335  1335 E wificond: vivo add tx_good 18346 tx_bad 6 rx_good 36686 tx_retry 2611
03-26 12:04:37.749 19354 19354 I View    : updateSystemUiVisibility, blackBackground = false, getVisibility() = 8, getWindowVisibility() = 0, viewBounds = Rect(0, 0 - 0, 0), windowBounds = Rect(0, 0 - 0, 0), view = TextureView:com.tencent.mm.pluginsdk.ui.tools.VideoPlayerTextureView{c3f69a5 GFED..... ......I. 0,0-0,0}
03-26 12:04:37.749 19354 19354 I View    : updateSystemUiVisibility, blackBackground = false, getVisibility() = 8, getWindowVisibility() = 0, viewBounds = Rect(0, 0 - 0, 0), windowBounds = Rect(0, 0 - 0, 0), view = TextureView:com.tencent.mm.pluginsdk.ui.tools.VideoPlayerTextureView{c3f69a5 GFED..... ......I. 0,0-0,0}
03-26 12:04:38.151  1979  1979 I chatty  : uid=1000 system_server expire 6 lines
03-26 12:04:38.746 14894 14924 W ContextImpl: Calling a method in the system process without a qualified user: android.app.ContextImpl.sendBroadcast:970 android.content.ContextWrapper.sendBroadcast:437 com.vivo.contentcatcher.server.specialtreatment.vtouch.VTouch.onTopActivityChanged:69 java.lang.reflect.Method.invoke:-2 com.vivo.contentcatcher.catcher.engine.rx.RxBus$1.a:65 
03-26 12:04:38.763 19354 19354 I View    : updateSystemUiVisibility, blackBackground = false, getVisibility() = 8, getWindowVisibility() = 8, viewBounds = Rect(0, 0 - 0, 0), windowBounds = Rect(0, 0 - 0, 0), view = TextureView:com.tencent.mm.pluginsdk.ui.tools.VideoPlayerTextureView{3ce717a GFED..... ......I. 0,0-0,0}
03-26 12:04:38.764 19354 19354 I View    : updateSystemUiVisibility, blackBackground = false, getVisibility() = 8, getWindowVisibility() = 8, viewBounds = Rect(0, 0 - 0, 0), windowBounds = Rect(0, 0 - 0, 0), view = TextureView:com.tencent.mm.pluginsdk.ui.tools.VideoPlayerTextureView{c3f69a5 GFED..... ......I. 0,0-0,0}
03-26 12:04:38.831  1979  2250 I chatty  : uid=1000(system) AlarmManager expire 5 lines
03-26 12:04:38.838  2664  2664 W ContextImpl: Calling a method in the system process without a qualified user: android.app.ContextImpl.sendBroadcast:970 android.content.ContextWrapper.sendBroadcast:437 com.vivo.daemonService.IqooSecure.SoftwareLockService.ll11:643 com.vivo.daemonService.IqooSecure.SoftwareLockService.ll1l1:2570 com.vivo.daemonService.IqooSecure.SoftwareLockService.ll11l:2548 
03-26 12:04:39.220  2744  2912 W ContextImpl: Calling a method in the system process without a qualified user: android.app.ContextImpl.stopService:1492 android.content.ContextWrapper.stopService:660 com.vivo.smartmultiwindow.l1l.lllll.llll11:523 com.vivo.smartmultiwindow.services.ll111.run:295 java.lang.Thread.run:764 
03-26 12:04:40.393  1979  2040 I chatty  : uid=1000(system) PowerManagerSer expire 1 line
03-26 12:04:40.765  1335  1335 E wificond: vivo add tx_good 18346 tx_bad 6 rx_good 36691 tx_retry 2611
03-26 12:04:43.314  2664  2952 W ContextImpl: Calling a method in the system process without a qualified user: android.app.ContextImpl.sendBroadcast:970 android.content.ContextWrapper.sendBroadcast:437 com.vivo.daemonService.IqooSecure.SoftwareLockService.ll11:643 com.vivo.daemonService.IqooSecure.SoftwareLockService.l11:1038 com.vivo.daemonService.IqooSecure.SoftwareLockService.l11:109 
03-26 12:04:43.375  1979  3905 I chatty  : uid=1000(system) Binder:1979_12 expire 3 lines
03-26 12:04:43.384 19354 19354 D PhoneWindow: DEBUG_ALIENSCREEN:getRotation mRotation=0
03-26 12:04:43.412 14894 14924 W ContextImpl: Calling a method in the system process without a qualified user: android.app.ContextImpl.sendBroadcast:970 android.content.ContextWrapper.sendBroadcast:437 com.vivo.contentcatcher.server.specialtreatment.vtouch.VTouch.onTopActivityChanged:69 java.lang.reflect.Method.invoke:-2 com.vivo.contentcatcher.catcher.engine.rx.RxBus$1.a:65 
03-26 12:04:43.784  1335  1335 E wificond: vivo add tx_good 18346 tx_bad 6 rx_good 36694 tx_retry 2611
03-26 12:04:44.064  2744  2945 W ContextImpl: Calling a method in the system process without a qualified user: android.app.ContextImpl.startService:1480 android.content.ContextWrapper.startService:650 com.vivo.smartmultiwindow.l1l.lllll.lll1ll:503 com.vivo.smartmultiwindow.services.ll111.run:284 java.lang.Thread.run:764 
03-26 12:04:46.803  1335  1335 E wificond: vivo add tx_good 18346 tx_bad 6 rx_good 36703 tx_retry 2611
03-26 12:04:49.828  1335  1335 E wificond: vivo add tx_good 18346 tx_bad 6 rx_good 36707 tx_retry 2611
03-26 12:04:52.848  1335  1335 E wificond: vivo add tx_good 18346 tx_bad 6 rx_good 36709 tx_retry 2611
03-26 12:04:54.617  1979  2030 I chatty  : uid=1000(system) android.fg expire 1 line
03-26 12:04:54.628 19354 19354 I View    : updateSystemUiVisibility, blackBackground = false, getVisibility() = 8, getWindowVisibility() = 0, viewBounds = Rect(0, 0 - 0, 0), windowBounds = Rect(0, 0 - 0, 0), view = TextureView:com.tencent.mm.pluginsdk.ui.tools.VideoPlayerTextureView{fbda071 GFED..... ......I. 0,0-0,0}
03-26 12:04:54.628 19354 19354 I View    : updateSystemUiVisibility, blackBackground = false, getVisibility() = 8, getWindowVisibility() = 0, viewBounds = Rect(0, 0 - 0, 0), windowBounds = Rect(0, 0 - 0, 0), view = TextureView:com.tencent.mm.pluginsdk.ui.tools.VideoPlayerTextureView{fbda071 GFED..... ......I. 0,0-0,0}
03-26 12:04:55.865  1335  1335 E wificond: vivo add tx_good 18346 tx_bad 6 rx_good 36737 tx_retry 2611
03-26 12:04:57.535 19354 19354 I View    : updateSystemUiVisibility, blackBackground = false, getVisibility() = 8, getWindowVisibility() = 0, viewBounds = Rect(0, 0 - 0, 0), windowBounds = Rect(0, 0 - 0, 0), view = TextureView:com.tencent.mm.pluginsdk.ui.tools.VideoPlayerTextureView{fbda071 GFED..... ......I. 0,0-0,0}
03-26 12:04:58.497 19354 19354 I View    : updateSystemUiVisibility, blackBackground = false, getVisibility() = 8, getWindowVisibility() = 0, viewBounds = Rect(0, 0 - 0, 0), windowBounds = Rect(0, 0 - 0, 0), view = TextureView:com.tencent.mm.pluginsdk.ui.tools.VideoPlayerTextureView{fbda071 GFED..... ......I. 0,0-0,0}
03-26 12:04:58.498 19354 19354 I View    : updateSystemUiVisibility, blackBackground = false, getVisibility() = 8, getWindowVisibility() = 0, viewBounds = Rect(0, 0 - 0, 0), windowBounds = Rect(0, 0 - 0, 0), view = TextureView:com.tencent.mm.pluginsdk.ui.tools.VideoPlayerTextureView{fbda071 GFED..... ......I. 0,0-0,0}
03-26 12:04:58.877  1335  1335 E wificond: vivo add tx_good 18346 tx_bad 6 rx_good 36766 tx_retry 2611
03-26 12:05:01.511 19354 19354 I View    : updateSystemUiVisibility, blackBackground = false, getVisibility() = 8, getWindowVisibility() = 0, viewBounds = Rect(0, 0 - 0, 0), windowBounds = Rect(0, 0 - 0, 0), view = TextureView:com.tencent.mm.pluginsdk.ui.tools.VideoPlayerTextureView{7513f92 GFED..... ......I. 0,0-0,0}
03-26 12:05:01.511 19354 19354 I View    : updateSystemUiVisibility, blackBackground = false, getVisibility() = 8, getWindowVisibility() = 0, viewBounds = Rect(0, 0 - 0, 0), windowBounds = Rect(0, 0 - 0, 0), view = TextureView:com.tencent.mm.pluginsdk.ui.tools.VideoPlayerTextureView{7513f92 GFED..... ......I. 0,0-0,0}
03-26 12:05:01.900  1335  1335 E wificond: vivo add tx_good 18346 tx_bad 6 rx_good 36767 tx_retry 2611
03-26 12:05:02.615 19354 19354 I View    : updateSystemUiVisibility, blackBackground = false, getVisibility() = 8, getWindowVisibility() = 0, viewBounds = Rect(0, 0 - 0, 0), windowBounds = Rect(0, 0 - 0, 0), view = TextureView:com.tencent.mm.pluginsdk.ui.tools.VideoPlayerTextureView{fbda071 GFED..... ......I. 0,0-0,0}
03-26 12:05:04.181  1979  3766 I chatty  : uid=1000(system) Binder:1979_C expire 24 lines
03-26 12:05:04.215 14894 14924 W ContextImpl: Calling a method in the system process without a qualified user: android.app.ContextImpl.sendBroadcast:970 android.content.ContextWrapper.sendBroadcast:437 com.vivo.contentcatcher.server.specialtreatment.vtouch.VTouch.onTopActivityChanged:69 java.lang.reflect.Method.invoke:-2 com.vivo.contentcatcher.catcher.engine.rx.RxBus$1.a:65 
03-26 12:05:04.216  1979  2467 I chatty  : uid=1000(system) Binder:1979_5 expire 4 lines
03-26 12:05:04.232 19354 19354 I View    : updateSystemUiVisibility, blackBackground = false, getVisibility() = 8, getWindowVisibility() = 8, viewBounds = Rect(0, 0 - 0, 0), windowBounds = Rect(0, 0 - 0, 0), view = TextureView:com.tencent.mm.pluginsdk.ui.tools.VideoPlayerTextureView{7513f92 GFED..... ......I. 0,0-0,0}
03-26 12:05:04.318  2664  2664 W ContextImpl: Calling a method in the system process without a qualified user: android.app.ContextImpl.sendBroadcast:970 android.content.ContextWrapper.sendBroadcast:437 com.vivo.daemonService.IqooSecure.SoftwareLockService.ll11:643 com.vivo.daemonService.IqooSecure.SoftwareLockService.ll1l1:2570 com.vivo.daemonService.IqooSecure.SoftwareLockService.ll11l:2548 
03-26 12:05:04.324  1979  2993 I chatty  : uid=1000(system) Binder:1979_B expire 62 lines
03-26 12:05:04.424  1979  2011 I chatty  : uid=1000(system) ActivityManager expire 74 lines
03-26 12:05:04.693  2744  3019 W ContextImpl: Calling a method in the system process without a qualified user: android.app.ContextImpl.stopService:1492 android.content.ContextWrapper.stopService:660 com.vivo.smartmultiwindow.l1l.lllll.llll11:523 com.vivo.smartmultiwindow.services.ll111.run:295 java.lang.Thread.run:764 
03-26 12:05:04.729  1979 25808 I chatty  : uid=1000(system) Binder:1979_1D expire 42 lines
03-26 12:05:04.878  1979  3905 I chatty  : uid=1000(system) Binder:1979_12 expire 31 lines
03-26 12:05:04.917  1335  1335 E wificond: vivo add tx_good 18348 tx_bad 6 rx_good 36773 tx_retry 2611
03-26 12:05:05.026  1979  2282 I chatty  : uid=1000(system) InputDispatcher expire 25 lines
03-26 12:05:05.885  1979  2040 I chatty  : uid=1000(system) PowerManagerSer expire 1 line
03-26 12:05:07.921  1335  1335 E wificond: vivo add tx_good 18359 tx_bad 6 rx_good 36795 tx_retry 2612
03-26 12:05:08.130 19354 19354 E SchedPolicy: set_timerslack_ns write failed: Operation not permitted
03-26 12:05:08.555 19354 19354 E SchedPolicy: set_timerslack_ns write failed: Operation not permitted
03-26 12:05:10.960  1335  1335 E wificond: vivo add tx_good 18361 tx_bad 6 rx_good 36799 tx_retry 2612
03-26 12:05:12.298  2664  2976 W ContextImpl: Calling a method in the system process without a qualified user: android.app.ContextImpl.sendBroadcast:970 android.content.ContextWrapper.sendBroadcast:437 com.vivo.daemonService.IqooSecure.SoftwareLockService.ll11:643 com.vivo.daemonService.IqooSecure.SoftwareLockService.l11:1038 com.vivo.daemonService.IqooSecure.SoftwareLockService.l11:109 
03-26 12:05:12.370 19354 19354 D PhoneWindow: DEBUG_ALIENSCREEN:getRotation mRotation=0
03-26 12:05:12.397 14894 14924 W ContextImpl: Calling a method in the system process without a qualified user: android.app.ContextImpl.sendBroadcast:970 android.content.ContextWrapper.sendBroadcast:437 com.vivo.contentcatcher.server.specialtreatment.vtouch.VTouch.onTopActivityChanged:69 java.lang.reflect.Method.invoke:-2 com.vivo.contentcatcher.catcher.engine.rx.RxBus$1.a:65 
03-26 12:05:12.490  1979  2012 I chatty  : uid=1000(system) android.ui expire 6 lines
03-26 12:05:13.017  2744  3060 W ContextImpl: Calling a method in the system process without a qualified user: android.app.ContextImpl.startService:1480 android.content.ContextWrapper.startService:650 com.vivo.smartmultiwindow.l1l.lllll.lll1ll:503 com.vivo.smartmultiwindow.services.ll111.run:284 java.lang.Thread.run:764 
03-26 12:05:13.969  1335  1335 E wificond: vivo add tx_good 18379 tx_bad 6 rx_good 36814 tx_retry 2615
03-26 12:05:14.275 14894 14924 W ContextImpl: Calling a method in the system process without a qualified user: android.app.ContextImpl.sendBroadcast:970 android.content.ContextWrapper.sendBroadcast:437 com.vivo.contentcatcher.server.specialtreatment.vtouch.VTouch.onTopActivityChanged:69 java.lang.reflect.Method.invoke:-2 com.vivo.contentcatcher.catcher.engine.rx.RxBus$1.a:65 
03-26 12:05:14.377  2664  2664 W ContextImpl: Calling a method in the system process without a qualified user: android.app.ContextImpl.sendBroadcast:970 android.content.ContextWrapper.sendBroadcast:437 com.vivo.daemonService.IqooSecure.SoftwareLockService.ll11:643 com.vivo.daemonService.IqooSecure.SoftwareLockService.ll1l1:2570 com.vivo.daemonService.IqooSecure.SoftwareLockService.ll11l:2548 
03-26 12:05:14.726  2664  2976 W ContextImpl: Calling a method in the system process without a qualified user: android.app.ContextImpl.sendBroadcast:970 android.content.ContextWrapper.sendBroadcast:437 com.vivo.daemonService.IqooSecure.SoftwareLockService.ll11:643 com.vivo.daemonService.IqooSecure.SoftwareLockService.l11:1038 com.vivo.daemonService.IqooSecure.SoftwareLockService.l11:109 
03-26 12:05:14.738  2744  3073 W ContextImpl: Calling a method in the system process without a qualified user: android.app.ContextImpl.stopService:1492 android.content.ContextWrapper.stopService:660 com.vivo.smartmultiwindow.l1l.lllll.llll11:523 com.vivo.smartmultiwindow.services.ll111.run:295 java.lang.Thread.run:764 
03-26 12:05:14.783 19354 19354 D PhoneWindow: DEBUG_ALIENSCREEN:getRotation mRotation=0
03-26 12:05:14.810 14894 14924 W ContextImpl: Calling a method in the system process without a qualified user: android.app.ContextImpl.sendBroadcast:970 android.content.ContextWrapper.sendBroadcast:437 com.vivo.contentcatcher.server.specialtreatment.vtouch.VTouch.onTopActivityChanged:69 java.lang.reflect.Method.invoke:-2 com.vivo.contentcatcher.catcher.engine.rx.RxBus$1.a:65 
03-26 12:05:15.433  2744  3089 W ContextImpl: Calling a method in the system process without a qualified user: android.app.ContextImpl.startService:1480 android.content.ContextWrapper.startService:650 com.vivo.smartmultiwindow.l1l.lllll.lll1ll:503 com.vivo.smartmultiwindow.services.ll111.run:284 java.lang.Thread.run:764 
03-26 12:05:15.805 14894 14924 W ContextImpl: Calling a method in the system process without a qualified user: android.app.ContextImpl.sendBroadcast:970 android.content.ContextWrapper.sendBroadcast:437 com.vivo.contentcatcher.server.specialtreatment.vtouch.VTouch.onTopActivityChanged:69 java.lang.reflect.Method.invoke:-2 com.vivo.contentcatcher.catcher.engine.rx.RxBus$1.a:65 
03-26 12:05:15.923  2664  2664 W ContextImpl: Calling a method in the system process without a qualified user: android.app.ContextImpl.sendBroadcast:970 android.content.ContextWrapper.sendBroadcast:437 com.vivo.daemonService.IqooSecure.SoftwareLockService.ll11:643 com.vivo.daemonService.IqooSecure.SoftwareLockService.ll1l1:2570 com.vivo.daemonService.IqooSecure.SoftwareLockService.ll11l:2548 
03-26 12:05:16.289  2744  3102 W ContextImpl: Calling a method in the system process without a qualified user: android.app.ContextImpl.stopService:1492 android.content.ContextWrapper.stopService:660 com.vivo.smartmultiwindow.l1l.lllll.llll11:523 com.vivo.smartmultiwindow.services.ll111.run:295 java.lang.Thread.run:764 
03-26 12:05:16.380  1979  2386 I chatty  : uid=1000(system) AutobacklightTh expire 1 line
03-26 12:05:16.381  1979  2042 I chatty  : uid=1000(system) WakelockControl expire 1 line
03-26 12:05:16.390  1979  2313 I chatty  : uid=1000(system) VivoLocationUti expire 1 line
03-26 12:05:16.398  1979  3806 I chatty  : uid=1000(system) Binder:1979_11 expire 2 lines
03-26 12:05:16.403 14894 14924 W ContextImpl: Calling a method in the system process without a qualified user: android.app.ContextImpl.sendBroadcast:970 android.content.ContextWrapper.sendBroadcast:437 com.vivo.contentcatcher.server.specialtreatment.vtouch.VTouch.onTopActivityChanged:69 java.lang.reflect.Method.invoke:-2 com.vivo.contentcatcher.catcher.engine.rx.RxBus$1.a:65 
03-26 12:05:16.419  1979  3774 I chatty  : uid=1000(system) Binder:1979_E expire 12 lines
03-26 12:05:16.467  1979  2011 I chatty  : uid=1000(system) ActivityManager expire 14 lines
03-26 12:05:16.493  1979  2012 I chatty  : uid=1000(system) android.ui expire 22 lines
03-26 12:05:16.753  1979  2319 I chatty  : uid=1000(system) Binder:1979_4 expire 17 lines
03-26 12:05:17.000  1335  1335 E wificond: vivo add tx_good 18381 tx_bad 6 rx_good 36824 tx_retry 2615
03-26 12:05:17.222  1979 25808 I chatty  : uid=1000(system) Binder:1979_1D expire 27 lines
03-26 12:05:17.307 19354 19354 E SchedPolicy: set_timerslack_ns write failed: Operation not permitted
03-26 12:05:17.330  1979  1979 I chatty  : uid=1000 system_server expire 14 lines
03-26 12:05:17.341  1979 11205 I chatty  : uid=1000(system) Binder:1979_17 expire 8 lines
03-26 12:05:17.356  1979  6068 I chatty  : uid=1000(system) Binder:1979_15 expire 1 line
03-26 12:05:17.369  1979  2313 I chatty  : uid=1000(system) VivoLocationUti expire 3 lines
03-26 12:05:17.417  1979  2010 I chatty  : uid=1000(system) android.bg expire 12 lines
03-26 12:05:17.417  1979  4115 I chatty  : uid=1000(system) IzatProvider expire 5 lines
03-26 12:05:17.438  1979  3806 I chatty  : uid=1000(system) Binder:1979_11 expire 1 line
03-26 12:05:17.439  1979  2614 I chatty  : uid=1000(system) VivoCoreLocatio expire 1 line
03-26 12:05:17.485  1979  2282 I chatty  : uid=1000(system) InputDispatcher expire 38 lines
03-26 12:05:18.299  1979  2040 I chatty  : uid=1000(system) PowerManagerSer expire 1 line
03-26 12:05:19.123  1335  1335 I wificond: Enters wifigbk_ageOutHistory
03-26 12:05:19.126  1335  1335 I wificond: Enters wifigbk_ageOutHistory
03-26 12:05:20.010  1335  1335 E wificond: vivo add tx_good 18424 tx_bad 6 rx_good 36863 tx_retry 2620
03-26 12:05:22.975  1979  2224 I chatty  : uid=1000(system) android.anim expire 2 lines
03-26 12:05:22.999  1979  2386 I chatty  : uid=1000(system) AutobacklightTh expire 2 lines
03-26 12:05:22.999  1979  2042 I chatty  : uid=1000(system) WakelockControl expire 2 lines
03-26 12:05:23.030  1335  1335 E wificond: vivo add tx_good 18431 tx_bad 6 rx_good 36871 tx_retry 2621
03-26 12:05:23.067  1979  2715 I chatty  : uid=1000(system) Binder:1979_9 expire 3 lines
03-26 12:05:23.067  1979  2303 I chatty  : uid=1000(system) ConnectivitySer expire 23 lines
03-26 12:05:23.072 14894 14924 W ContextImpl: Calling a method in the system process without a qualified user: android.app.ContextImpl.sendBroadcast:970 android.content.ContextWrapper.sendBroadcast:437 com.vivo.contentcatcher.server.specialtreatment.vtouch.VTouch.onTopActivityChanged:69 java.lang.reflect.Method.invoke:-2 com.vivo.contentcatcher.catcher.engine.rx.RxBus$1.a:65 
03-26 12:05:23.204  1979  7848 I chatty  : uid=1000(system) Binder:1979_16 expire 7 lines
03-26 12:05:25.234  1979 27393 I chatty  : uid=1000(system) Binder:1979_1E expire 33 lines
03-26 12:05:25.783  4437  4437 D PhoneWindow: DEBUG_ALIENSCREEN:getRotation mRotation=0
03-26 12:05:25.894 14894 14924 W ContextImpl: Calling a method in the system process without a qualified user: android.app.ContextImpl.sendBroadcast:970 android.content.ContextWrapper.sendBroadcast:437 com.vivo.contentcatcher.server.specialtreatment.vtouch.VTouch.onTopActivityChanged:69 java.lang.reflect.Method.invoke:-2 com.vivo.contentcatcher.catcher.engine.rx.RxBus$1.a:65 
03-26 12:05:25.895  1979  3797 I chatty  : uid=1000(system) Binder:1979_F expire 24 lines
03-26 12:05:26.047  1335  1335 E wificond: vivo add tx_good 18431 tx_bad 6 rx_good 36873 tx_retry 2621
03-26 12:05:28.828  3275  3275 I FtBuild : getRomVersion mRomVer=4.0
03-26 12:05:28.878  3275  3275 D PhoneWindow: DEBUG_ALIENSCREEN:getRotation mRotation=0
03-26 12:05:29.041 14894 14924 W ContextImpl: Calling a method in the system process without a qualified user: android.app.ContextImpl.sendBroadcast:970 android.content.ContextWrapper.sendBroadcast:437 com.vivo.contentcatcher.server.specialtreatment.vtouch.VTouch.onTopActivityChanged:69 java.lang.reflect.Method.invoke:-2 com.vivo.contentcatcher.catcher.engine.rx.RxBus$1.a:65 
03-26 12:05:29.051  1335  1335 E wificond: vivo add tx_good 18470 tx_bad 6 rx_good 36905 tx_retry 2625
03-26 12:05:29.170  1979  2467 I chatty  : uid=1000(system) Binder:1979_5 expire 1 line
03-26 12:05:29.663  1979  2250 I chatty  : uid=1000(system) AlarmManager expire 1 line
03-26 12:05:32.065  1335  1335 E wificond: vivo add tx_good 18541 tx_bad 6 rx_good 36972 tx_retry 2630
03-26 12:05:34.792  1979  4966 I chatty  : uid=1000(system) Binder:1979_14 expire 23 lines
03-26 12:05:35.074  1335  1335 E wificond: vivo add tx_good 18549 tx_bad 6 rx_good 36985 tx_retry 2632
03-26 12:05:37.294  3275  3275 D PhoneWindow: DEBUG_ALIENSCREEN:getRotation mRotation=0
03-26 12:05:37.329 14894 14924 W ContextImpl: Calling a method in the system process without a qualified user: android.app.ContextImpl.sendBroadcast:970 android.content.ContextWrapper.sendBroadcast:437 com.vivo.contentcatcher.server.specialtreatment.vtouch.VTouch.onTopActivityChanged:69 java.lang.reflect.Method.invoke:-2 com.vivo.contentcatcher.catcher.engine.rx.RxBus$1.a:65 
03-26 12:05:37.334  3275  3275 D PhoneWindow: DEBUG_ALIENSCREEN:getRotation mRotation=0
03-26 12:05:37.657  1979 27393 I chatty  : uid=1000(system) Binder:1979_1E expire 24 lines
03-26 12:05:38.093  1335  1335 E wificond: vivo add tx_good 18551 tx_bad 6 rx_good 36991 tx_retry 2633
03-26 12:05:38.328  1979  2012 I chatty  : uid=1000(system) android.ui expire 34 lines
03-26 12:05:38.405  1979  2011 I chatty  : uid=1000(system) ActivityManager expire 13 lines
03-26 12:05:41.108  1335  1335 E wificond: vivo add tx_good 18552 tx_bad 6 rx_good 37010 tx_retry 2633
03-26 12:05:44.129  1335  1335 E wificond: vivo add tx_good 18552 tx_bad 6 rx_good 37016 tx_retry 2633
03-26 12:05:45.708  1979  2250 I chatty  : uid=1000(system) AlarmManager expire 4 lines
03-26 12:05:45.740  1979  1979 I chatty  : uid=1000 system_server expire 4 lines
03-26 12:05:46.262  1979 25808 I chatty  : uid=1000(system) Binder:1979_1D expire 27 lines
03-26 12:05:47.048  1979  2282 I chatty  : uid=1000(system) InputDispatcher expire 43 lines
03-26 12:05:47.149  1335  1335 E wificond: vivo add tx_good 18553 tx_bad 6 rx_good 37028 tx_retry 2633
03-26 12:05:47.291  1979  7848 I chatty  : uid=1000(system) Binder:1979_16 expire 8 lines
03-26 12:05:47.314 14894 14924 W ContextImpl: Calling a method in the system process without a qualified user: android.app.ContextImpl.sendBroadcast:970 android.content.ContextWrapper.sendBroadcast:437 com.vivo.contentcatcher.server.specialtreatment.vtouch.VTouch.onTopActivityChanged:69 java.lang.reflect.Method.invoke:-2 com.vivo.contentcatcher.catcher.engine.rx.RxBus$1.a:65 
03-26 12:05:47.352  1979  3797 I chatty  : uid=1000(system) Binder:1979_F expire 6 lines
03-26 12:05:49.232  1979  2040 I chatty  : uid=1000(system) PowerManagerSer expire 2 lines
03-26 12:05:50.170  1335  1335 E wificond: vivo add tx_good 18555 tx_bad 6 rx_good 37031 tx_retry 2633
03-26 12:05:53.195  1335  1335 E wificond: vivo add tx_good 18555 tx_bad 6 rx_good 37037 tx_retry 2633
03-26 12:05:54.697  1979  2030 I chatty  : uid=1000(system) android.fg expire 1 line
03-26 12:05:55.369  3275  3275 D PhoneWindow: DEBUG_ALIENSCREEN:getRotation mRotation=0
03-26 12:05:55.412 14894 14924 W ContextImpl: Calling a method in the system process without a qualified user: android.app.ContextImpl.sendBroadcast:970 android.content.ContextWrapper.sendBroadcast:437 com.vivo.contentcatcher.server.specialtreatment.vtouch.VTouch.onTopActivityChanged:69 java.lang.reflect.Method.invoke:-2 com.vivo.contentcatcher.catcher.engine.rx.RxBus$1.a:65 
03-26 12:05:56.219  1335  1335 E wificond: vivo add tx_good 18567 tx_bad 6 rx_good 37057 tx_retry 2633
03-26 12:05:57.561  3275  3275 D PhoneWindow: DEBUG_ALIENSCREEN:getRotation mRotation=0
03-26 12:05:59.245  1335  1335 E wificond: vivo add tx_good 18568 tx_bad 6 rx_good 37094 tx_retry 2633
03-26 12:05:59.733  1979  2224 I chatty  : uid=1000(system) android.anim expire 3 lines
03-26 12:05:59.734  1979  2389 I chatty  : uid=1000(system) AntiMisoperatio expire 1 line
03-26 12:05:59.870  1979  2015 I chatty  : uid=1000(system) FileObserver expire 2 lines
03-26 12:05:59.900  1979 25807 I chatty  : uid=1000(system) Binder:1979_1C expire 5 lines
03-26 12:05:59.999 14894 14924 W ContextImpl: Calling a method in the system process without a qualified user: android.app.ContextImpl.sendBroadcast:970 android.content.ContextWrapper.sendBroadcast:437 com.vivo.contentcatcher.server.specialtreatment.vtouch.VTouch.onTopActivityChanged:69 java.lang.reflect.Method.invoke:-2 com.vivo.contentcatcher.catcher.engine.rx.RxBus$1.a:65 
03-26 12:06:01.473  1979  2386 I chatty  : uid=1000(system) AutobacklightTh expire 3 lines
03-26 12:06:01.474  1979  2042 I chatty  : uid=1000(system) WakelockControl expire 3 lines
03-26 12:06:01.487 14894 14924 W ContextImpl: Calling a method in the system process without a qualified user: android.app.ContextImpl.sendBroadcast:970 android.content.ContextWrapper.sendBroadcast:437 com.vivo.contentcatcher.server.specialtreatment.vtouch.VTouch.onTopActivityChanged:69 java.lang.reflect.Method.invoke:-2 com.vivo.contentcatcher.catcher.engine.rx.RxBus$1.a:65 
03-26 12:06:01.487  1979  2313 I chatty  : uid=1000(system) VivoLocationUti expire 1 line
03-26 12:06:01.488  1979  3806 I chatty  : uid=1000(system) Binder:1979_11 expire 3 lines
03-26 12:06:01.833  1979  2993 I chatty  : uid=1000(system) Binder:1979_B expire 6 lines
03-26 12:06:02.273  1335  1335 E wificond: vivo add tx_good 18571 tx_bad 6 rx_good 37105 tx_retry 2633
03-26 12:06:02.471  1979  2715 I chatty  : uid=1000(system) Binder:1979_9 expire 2 lines
03-26 12:06:02.490  1979  2303 I chatty  : uid=1000(system) ConnectivitySer expire 23 lines
03-26 12:06:02.493 14894 14924 W ContextImpl: Calling a method in the system process without a qualified user: android.app.ContextImpl.sendBroadcast:970 android.content.ContextWrapper.sendBroadcast:437 com.vivo.contentcatcher.server.specialtreatment.vtouch.VTouch.onTopActivityChanged:69 java.lang.reflect.Method.invoke:-2 com.vivo.contentcatcher.catcher.engine.rx.RxBus$1.a:65 
03-26 12:06:02.510  4437  4437 W ViewRootImpl[Settings]: Dropping event due to no window focus: KeyEvent { action=ACTION_DOWN, keyCode=KEYCODE_BACK, scanCode=0, metaState=0, flags=0x48, repeatCount=0, eventTime=291708322, downTime=291708322, deviceId=-1, source=0x101 }
03-26 12:06:02.532  1979  3905 I chatty  : uid=1000(system) Binder:1979_12 expire 1 line
03-26 12:06:02.605  1979  2467 I chatty  : uid=1000(system) Binder:1979_5 expire 4 lines
03-26 12:06:02.805 14894 14924 W ContextImpl: Calling a method in the system process without a qualified user: android.app.ContextImpl.sendBroadcast:970 android.content.ContextWrapper.sendBroadcast:437 com.vivo.contentcatcher.server.specialtreatment.vtouch.VTouch.onTopActivityChanged:69 java.lang.reflect.Method.invoke:-2 com.vivo.contentcatcher.catcher.engine.rx.RxBus$1.a:65 
03-26 12:06:02.805  1979  3766 I chatty  : uid=1000(system) Binder:1979_C expire 3 lines
03-26 12:06:03.453  1979  2032 I chatty  : uid=1000(system) android.display expire 2 lines
03-26 12:06:03.603  1979 22767 I chatty  : uid=1000(system) Binder:1979_1A expire 15 lines
03-26 12:06:03.889  1979  2319 I chatty  : uid=1000(system) Binder:1979_4 expire 16 lines
03-26 12:06:03.979 14894 14924 W ContextImpl: Calling a method in the system process without a qualified user: android.app.ContextImpl.sendBroadcast:970 android.content.ContextWrapper.sendBroadcast:437 com.vivo.contentcatcher.server.specialtreatment.vtouch.VTouch.onTopActivityChanged:69 java.lang.reflect.Method.invoke:-2 com.vivo.contentcatcher.catcher.engine.rx.RxBus$1.a:65 
03-26 12:06:05.293  1335  1335 E wificond: vivo add tx_good 18581 tx_bad 6 rx_good 37117 tx_retry 2634
03-26 12:06:06.394  1979  2282 I chatty  : uid=1000(system) InputDispatcher expire 6 lines
03-26 12:06:06.472  1979  2012 I chatty  : uid=1000(system) android.ui expire 16 lines
03-26 12:06:06.558  1979  1979 I chatty  : uid=1000 system_server expire 17 lines
03-26 12:06:06.558  1979  2389 I chatty  : uid=1000(system) AntiMisoperatio expire 3 lines
03-26 12:06:06.560  1979  2040 I chatty  : uid=1000(system) PowerManagerSer expire 15 lines
03-26 12:06:06.599  1979  2715 I chatty  : uid=1000(system) Binder:1979_9 expire 23 lines
03-26 12:06:06.609  1979 25808 I chatty  : uid=1000(system) Binder:1979_1D expire 30 lines
03-26 12:06:06.661  1979  2011 I chatty  : uid=1000(system) ActivityManager expire 43 lines
03-26 12:06:06.755  1979  3905 I chatty  : uid=1000(system) Binder:1979_12 expire 16 lines
03-26 12:06:06.781  1979  2386 I chatty  : uid=1000(system) AutobacklightTh expire 2 lines
03-26 12:06:06.782  1979  2042 I chatty  : uid=1000(system) WakelockControl expire 2 lines
03-26 12:06:06.794 18550 18550 D PhoneWindow: DEBUG_ALIENSCREEN:getRotation mRotation=0
03-26 12:06:06.894  1979  7848 I chatty  : uid=1000(system) Binder:1979_16 expire 18 lines
03-26 12:06:06.924  1979  2032 I chatty  : uid=1000(system) android.display expire 4 lines
03-26 12:06:06.925  1979  2257 I chatty  : uid=1000(system) KeyguardUpdateM expire 4 lines
03-26 12:06:06.927 14894 14924 W ContextImpl: Calling a method in the system process without a qualified user: android.app.ContextImpl.sendBroadcast:970 android.content.ContextWrapper.sendBroadcast:437 com.vivo.contentcatcher.server.specialtreatment.vtouch.VTouch.onTopActivityChanged:69 java.lang.reflect.Method.invoke:-2 com.vivo.contentcatcher.catcher.engine.rx.RxBus$1.a:65 
03-26 12:06:06.930 18550 18550 I View    : updateSystemUiVisibility, blackBackground = false, getVisibility() = 0, getWindowVisibility() = 0, viewBounds = Rect(0, 0 - 0, 0), windowBounds = Rect(0, 72 - 0, 0), view = TextureView:com.vivo.common.widget.BlurRenderView{953de38 V.ED..... ......ID 0,0-0,0 #7f0c009d app:id/gpuBlurView}
03-26 12:06:06.930 18550 18550 I View    : updateSystemUiVisibility, blackBackground = false, getVisibility() = 0, getWindowVisibility() = 0, viewBounds = Rect(0, 0 - 0, 0), windowBounds = Rect(0, 72 - 0, 0), view = TextureView:com.vivo.common.widget.BlurRenderView{953de38 V.ED..... ......ID 0,0-0,0 #7f0c009d app:id/gpuBlurView}
03-26 12:06:06.932  1979  3806 I chatty  : uid=1000(system) Binder:1979_11 expire 2 lines
03-26 12:06:06.964 18550 18550 I View    : updateSystemUiVisibility, blackBackground = true, getVisibility() = 0, getWindowVisibility() = 0, viewBounds = Rect(0, 0 - 1080, 2160), windowBounds = Rect(0, 0 - 1080, 2160), view = TextureView:com.vivo.common.widget.BlurRenderView{953de38 V.ED..... ......ID 0,0-1080,2160 #7f0c009d app:id/gpuBlurView}
03-26 12:06:06.986  2696  2696 I TelecomFramework: TelephonyConnectionService: notifyCreateConnectionComplete TC@19: CS.crCoC->H.CS.crCoC@AGQ
03-26 12:06:07.031  1979  2224 I chatty  : uid=1000(system) android.anim expire 3 lines
03-26 12:06:07.154  1979  2315 I chatty  : uid=1000(system) AudioService expire 1 line
03-26 12:06:07.868  1979  2290 I chatty  : uid=1000(system) NetdConnector expire 1 line
03-26 12:06:08.307  1335  1335 E wificond: vivo add tx_good 18581 tx_bad 6 rx_good 37121 tx_retry 2634
03-26 12:06:08.627  1979  2283 I chatty  : uid=1000(system) InputReader expire 14 lines
