03-26 12:20:52.501  1979  2319 I chatty  : uid=1000(system) Binder:1979_4 expire 12 lines
03-26 12:20:53.419  1979  3766 I chatty  : uid=1000(system) Binder:1979_C expire 33 lines
03-26 12:21:06.785  1979  2290 I chatty  : uid=1000(system) NetdConnector expire 32 lines
03-26 12:21:09.974  1979  1994 I chatty  : uid=1000(system) Binder:1979_1 expire 71 lines
03-26 12:21:10.087  1979  1979 I chatty  : uid=1000 system_server expire 31 lines
03-26 12:21:10.108  1979  2386 I chatty  : uid=1000(system) AutobacklightTh expire 2 lines
03-26 12:21:16.873  1333  1493 E NetlinkEvent: NetlinkEvent::FindParam(): Parameter 'INTERFACE' not found
03-26 12:21:16.874  1333  1493 E NetlinkEvent: NetlinkEvent::FindParam(): Parameter 'STATE' not found
03-26 12:21:16.874  1333  1493 E NetlinkEvent: NetlinkEvent::FindParam(): Parameter 'TIME_NS' not found
03-26 12:21:16.874  1333  1493 E NetlinkEvent: NetlinkEvent::FindParam(): Parameter 'UID' not found
03-26 12:21:41.946  1979  2715 I chatty  : uid=1000(system) Binder:1979_9 expire 14 lines
03-26 12:21:41.954  1979  3802 I chatty  : uid=1000(system) Binder:1979_10 expire 29 lines
03-26 12:21:42.050  1333  1493 E NetlinkEvent: NetlinkEvent::FindParam(): Parameter 'INTERFACE' not found
03-26 12:21:42.050  1333  1493 E NetlinkEvent: NetlinkEvent::FindParam(): Parameter 'STATE' not found
03-26 12:21:42.050  1333  1493 E NetlinkEvent: NetlinkEvent::FindParam(): Parameter 'TIME_NS' not found
03-26 12:21:42.050  1333  1493 E NetlinkEvent: NetlinkEvent::FindParam(): Parameter 'UID' not found
03-26 12:22:03.727  1979  2030 I chatty  : uid=1000(system) android.fg expire 1 line
03-26 12:22:03.855  1333  1493 E NetlinkEvent: NetlinkEvent::FindParam(): Parameter 'INTERFACE' not found
03-26 12:22:03.855  1333  1493 E NetlinkEvent: NetlinkEvent::FindParam(): Parameter 'STATE' not found
03-26 12:22:03.855  1333  1493 E NetlinkEvent: NetlinkEvent::FindParam(): Parameter 'TIME_NS' not found
03-26 12:22:03.855  1333  1493 E NetlinkEvent: NetlinkEvent::FindParam(): Parameter 'UID' not found
03-26 12:22:04.493  1979  2250 I chatty  : uid=1000(system) AlarmManager expire 4 lines
03-26 12:22:04.498  1335  1335 I wificond: Pno scan started
03-26 12:22:04.662  1979  2293 I chatty  : uid=1000(system) NetworkPolicy expire 8 lines
03-26 12:22:06.363  1979  2010 I chatty  : uid=1000(system) android.bg expire 1 line
03-26 12:23:23.889  1333  1493 E NetlinkEvent: NetlinkEvent::FindParam(): Parameter 'INTERFACE' not found
03-26 12:23:23.889  1333  1493 E NetlinkEvent: NetlinkEvent::FindParam(): Parameter 'STATE' not found
03-26 12:23:23.889  1333  1493 E NetlinkEvent: NetlinkEvent::FindParam(): Parameter 'TIME_NS' not found
03-26 12:23:23.889  1333  1493 E NetlinkEvent: NetlinkEvent::FindParam(): Parameter 'UID' not found
03-26 12:24:22.742  1333  1493 E NetlinkEvent: NetlinkEvent::FindParam(): Parameter 'INTERFACE' not found
03-26 12:24:22.742  1333  1493 E NetlinkEvent: NetlinkEvent::FindParam(): Parameter 'STATE' not found
03-26 12:24:22.742  1333  1493 E NetlinkEvent: NetlinkEvent::FindParam(): Parameter 'TIME_NS' not found
03-26 12:24:22.742  1333  1493 E NetlinkEvent: NetlinkEvent::FindParam(): Parameter 'UID' not found
03-26 12:24:39.485  1333  1493 E NetlinkEvent: NetlinkEvent::FindParam(): Parameter 'INTERFACE' not found
03-26 12:24:39.485  1333  1493 E NetlinkEvent: NetlinkEvent::FindParam(): Parameter 'STATE' not found
03-26 12:24:39.485  1333  1493 E NetlinkEvent: NetlinkEvent::FindParam(): Parameter 'TIME_NS' not found
03-26 12:24:39.485  1333  1493 E NetlinkEvent: NetlinkEvent::FindParam(): Parameter 'UID' not found
03-26 12:25:40.265  1333  1493 E NetlinkEvent: NetlinkEvent::FindParam(): Parameter 'INTERFACE' not found
03-26 12:25:40.266  1333  1493 E NetlinkEvent: NetlinkEvent::FindParam(): Parameter 'STATE' not found
03-26 12:25:40.266  1333  1493 E NetlinkEvent: NetlinkEvent::FindParam(): Parameter 'TIME_NS' not found
03-26 12:25:40.266  1333  1493 E NetlinkEvent: NetlinkEvent::FindParam(): Parameter 'UID' not found
03-26 12:25:41.656  1979  2715 I chatty  : uid=1000(system) Binder:1979_9 expire 16 lines
03-26 12:25:41.748  1979  2011 I chatty  : uid=1000(system) ActivityManager expire 19 lines
03-26 12:25:43.731  1979  2319 I chatty  : uid=1000(system) Binder:1979_4 expire 54 lines
03-26 12:25:54.277  1979  2290 I chatty  : uid=1000(system) NetdConnector expire 8 lines
03-26 12:25:54.390  1333  1493 E NetlinkEvent: NetlinkEvent::FindParam(): Parameter 'INTERFACE' not found
03-26 12:25:54.390  1333  1493 E NetlinkEvent: NetlinkEvent::FindParam(): Parameter 'STATE' not found
03-26 12:25:54.390  1333  1493 E NetlinkEvent: NetlinkEvent::FindParam(): Parameter 'TIME_NS' not found
03-26 12:25:54.390  1333  1493 E NetlinkEvent: NetlinkEvent::FindParam(): Parameter 'UID' not found
03-26 12:25:58.840  1333  1493 E NetlinkEvent: NetlinkEvent::FindParam(): Parameter 'INTERFACE' not found
03-26 12:25:58.840  1333  1493 E NetlinkEvent: NetlinkEvent::FindParam(): Parameter 'STATE' not found
03-26 12:25:58.840  1333  1493 E NetlinkEvent: NetlinkEvent::FindParam(): Parameter 'TIME_NS' not found
03-26 12:25:58.840  1333  1493 E NetlinkEvent: NetlinkEvent::FindParam(): Parameter 'UID' not found
03-26 12:26:00.152  1979  2250 I chatty  : uid=1000(system) AlarmManager expire 3 lines
03-26 12:26:00.275  1979  1979 I chatty  : uid=1000 system_server expire 17 lines
03-26 12:26:00.316  1979  1994 I chatty  : uid=1000(system) Binder:1979_1 expire 89 lines
03-26 12:26:00.319  1979  3766 I chatty  : uid=1000(system) Binder:1979_C expire 35 lines
03-26 12:26:01.933  1979  2386 I chatty  : uid=1000(system) AutobacklightTh expire 2 lines
03-26 12:26:01.949  1979  2313 I chatty  : uid=1000(system) VivoLocationUti expire 2 lines
03-26 12:26:02.450  1979  3802 I chatty  : uid=1000(system) Binder:1979_10 expire 14 lines
03-26 12:26:04.010  1333  1493 E NetlinkEvent: NetlinkEvent::FindParam(): Parameter 'INTERFACE' not found
03-26 12:26:04.010  1333  1493 E NetlinkEvent: NetlinkEvent::FindParam(): Parameter 'STATE' not found
03-26 12:26:04.010  1333  1493 E NetlinkEvent: NetlinkEvent::FindParam(): Parameter 'TIME_NS' not found
03-26 12:26:04.010  1333  1493 E NetlinkEvent: NetlinkEvent::FindParam(): Parameter 'UID' not found
03-26 12:26:09.150  1333  1493 E NetlinkEvent: NetlinkEvent::FindParam(): Parameter 'INTERFACE' not found
03-26 12:26:09.151  1333  1493 E NetlinkEvent: NetlinkEvent::FindParam(): Parameter 'STATE' not found
03-26 12:26:09.151  1333  1493 E NetlinkEvent: NetlinkEvent::FindParam(): Parameter 'TIME_NS' not found
03-26 12:26:09.151  1333  1493 E NetlinkEvent: NetlinkEvent::FindParam(): Parameter 'UID' not found
03-26 12:26:19.399  1333  1493 E NetlinkEvent: NetlinkEvent::FindParam(): Parameter 'INTERFACE' not found
03-26 12:26:19.400  1333  1493 E NetlinkEvent: NetlinkEvent::FindParam(): Parameter 'STATE' not found
03-26 12:26:19.400  1333  1493 E NetlinkEvent: NetlinkEvent::FindParam(): Parameter 'TIME_NS' not found
03-26 12:26:19.400  1333  1493 E NetlinkEvent: NetlinkEvent::FindParam(): Parameter 'UID' not found
03-26 12:26:24.577  1333  1493 E NetlinkEvent: NetlinkEvent::FindParam(): Parameter 'INTERFACE' not found
03-26 12:26:24.577  1333  1493 E NetlinkEvent: NetlinkEvent::FindParam(): Parameter 'STATE' not found
03-26 12:26:24.577  1333  1493 E NetlinkEvent: NetlinkEvent::FindParam(): Parameter 'TIME_NS' not found
03-26 12:26:24.577  1333  1493 E NetlinkEvent: NetlinkEvent::FindParam(): Parameter 'UID' not found
03-26 12:26:29.738  1333  1493 E NetlinkEvent: NetlinkEvent::FindParam(): Parameter 'INTERFACE' not found
03-26 12:26:29.738  1333  1493 E NetlinkEvent: NetlinkEvent::FindParam(): Parameter 'STATE' not found
03-26 12:26:29.738  1333  1493 E NetlinkEvent: NetlinkEvent::FindParam(): Parameter 'TIME_NS' not found
03-26 12:26:29.738  1333  1493 E NetlinkEvent: NetlinkEvent::FindParam(): Parameter 'UID' not found
03-26 12:26:32.047  1333  1493 E NetlinkEvent: NetlinkEvent::FindParam(): Parameter 'INTERFACE' not found
03-26 12:26:32.047  1333  1493 E NetlinkEvent: NetlinkEvent::FindParam(): Parameter 'STATE' not found
03-26 12:26:32.047  1333  1493 E NetlinkEvent: NetlinkEvent::FindParam(): Parameter 'TIME_NS' not found
03-26 12:26:32.047  1333  1493 E NetlinkEvent: NetlinkEvent::FindParam(): Parameter 'UID' not found
03-26 12:26:37.019  1333  1493 E NetlinkEvent: NetlinkEvent::FindParam(): Parameter 'INTERFACE' not found
03-26 12:26:37.019  1333  1493 E NetlinkEvent: NetlinkEvent::FindParam(): Parameter 'STATE' not found
03-26 12:26:37.019  1333  1493 E NetlinkEvent: NetlinkEvent::FindParam(): Parameter 'TIME_NS' not found
03-26 12:26:37.019  1333  1493 E NetlinkEvent: NetlinkEvent::FindParam(): Parameter 'UID' not found
03-26 12:27:10.116  1333  1493 E NetlinkEvent: NetlinkEvent::FindParam(): Parameter 'INTERFACE' not found
03-26 12:27:10.116  1333  1493 E NetlinkEvent: NetlinkEvent::FindParam(): Parameter 'STATE' not found
03-26 12:27:10.116  1333  1493 E NetlinkEvent: NetlinkEvent::FindParam(): Parameter 'TIME_NS' not found
03-26 12:27:10.116  1333  1493 E NetlinkEvent: NetlinkEvent::FindParam(): Parameter 'UID' not found
03-26 12:27:58.910  1979  2257 I chatty  : uid=1000(system) KeyguardUpdateM expire 26 lines
03-26 12:27:58.910  1979  2389 I chatty  : uid=1000(system) AntiMisoperatio expire 3 lines
03-26 12:27:58.912  1979  2336 I chatty  : uid=1000(system) ProximityExcept expire 1 line
03-26 12:27:58.912  1979  1979 I chatty  : uid=1000 system_server expire 48 lines
03-26 12:27:58.962  1979  2290 I chatty  : uid=1000(system) NetdConnector expire 7 lines
03-26 12:27:58.965  1979  2319 I chatty  : uid=1000(system) Binder:1979_4 expire 13 lines
03-26 12:27:58.973  1979  3766 I chatty  : uid=1000(system) Binder:1979_C expire 4 lines
03-26 12:27:59.054  1333  1493 E NetlinkEvent: NetlinkEvent::FindParam(): Parameter 'INTERFACE' not found
03-26 12:27:59.054  1333  1493 E NetlinkEvent: NetlinkEvent::FindParam(): Parameter 'STATE' not found
03-26 12:27:59.054  1333  1493 E NetlinkEvent: NetlinkEvent::FindParam(): Parameter 'TIME_NS' not found
03-26 12:27:59.054  1333  1493 E NetlinkEvent: NetlinkEvent::FindParam(): Parameter 'UID' not found
03-26 12:27:59.152  1979  2283 I chatty  : uid=1000(system) InputReader expire 7 lines
03-26 12:27:59.153  1979  2261 I chatty  : uid=1000(system) WakeupByWho expire 4 lines
03-26 12:27:59.154  1979  2040 I chatty  : uid=1000(system) PowerManagerSer expire 58 lines
03-26 12:27:59.155  1979  2382 I chatty  : uid=1000(system) FingerprintWake expire 9 lines
03-26 12:27:59.155  1979  2392 I chatty  : uid=1000(system) PhotonicModulat expire 20 lines
03-26 12:27:59.160  1979  2386 I chatty  : uid=1000(system) AutobacklightTh expire 2 lines
03-26 12:27:59.160  1979  2032 I chatty  : uid=1000(system) android.display expire 1 line
03-26 12:27:59.168  1979  3771 I chatty  : uid=1000(system) Binder:1979_D expire 1 line
03-26 12:27:59.170  1979  2715 I chatty  : uid=1000(system) Binder:1979_9 expire 8 lines
03-26 12:27:59.170  1979  2259 I chatty  : uid=1000(system) VivoPhonePositi expire 2 lines
03-26 12:27:59.171  1979  1994 I chatty  : uid=1000(system) Binder:1979_1 expire 9 lines
03-26 12:27:59.172  1979  2250 I chatty  : uid=1000(system) AlarmManager expire 5 lines
03-26 12:27:59.177  1979  3802 I chatty  : uid=1000(system) Binder:1979_10 expire 12 lines
03-26 12:27:59.181  1979  2030 I chatty  : uid=1000(system) android.fg expire 1 line
03-26 12:27:59.184  1979  2010 I chatty  : uid=1000(system) android.bg expire 9 lines
03-26 12:27:59.247  1979  2293 I chatty  : uid=1000(system) NetworkPolicy expire 6 lines
03-26 12:27:59.344  1979  5026 I chatty  : uid=1000(system) pool-8-thread-1 expire 1 line
03-26 12:27:59.353  2682  2682 D FtColorManager: getActiveMode mode0
03-26 12:27:59.357  1979  2011 I chatty  : uid=1000(system) ActivityManager expire 1 line
03-26 12:27:59.385  1335  1335 I wificond: Pno scan stopped
03-26 12:27:59.394  1979  2331 I chatty  : uid=1000(system) TSLcdState expire 2 lines
03-26 12:27:59.395  1979  2391 I chatty  : uid=1000(system) FingerprintAnal expire 12 lines
03-26 12:27:59.395  1979  2040 I chatty  : uid=1000(system) PowerManagerSer expire 71 lines
03-26 12:27:59.397  1979  2331 I chatty  : uid=1000(system) TSLcdState expire 1 line
03-26 12:27:59.401  2471  2471 I View    : updateSystemUiVisibility, blackBackground = false, getVisibility() = 8, getWindowVisibility() = 0, viewBounds = Rect(0, 0 - 0, 0), windowBounds = Rect(0, 0 - 0, 0), view = TextureView:com.vivo.common.widget.BlurRenderView{f83c4d2 G.ED..... ......ID 0,0-1080,2160}
03-26 12:27:59.404  1979  2715 I chatty  : uid=1000(system) Binder:1979_9 expire 4 lines
03-26 12:27:59.414  1979  2319 I chatty  : uid=1000(system) Binder:1979_4 expire 19 lines
03-26 12:27:59.421  1979  2032 I chatty  : uid=1000(system) android.display expire 9 lines
03-26 12:27:59.432  1979  3806 I chatty  : uid=1000(system) Binder:1979_11 expire 4 lines
03-26 12:27:59.470  1979 25807 I chatty  : uid=1000(system) Binder:1979_1C expire 5 lines
03-26 12:27:59.503  2471  2471 I View    : updateSystemUiVisibility, blackBackground = false, getVisibility() = 8, getWindowVisibility() = 0, viewBounds = Rect(0, 0 - 0, 0), windowBounds = Rect(0, 0 - 0, 0), view = TextureView:com.vivo.common.widget.BlurRenderView{f83c4d2 G.ED..... ......ID 0,0-1080,2160}
03-26 12:27:59.503  2471  2471 I View    : updateSystemUiVisibility, blackBackground = false, getVisibility() = 8, getWindowVisibility() = 0, viewBounds = Rect(0, 0 - 0, 0), windowBounds = Rect(0, 0 - 0, 0), view = TextureView:com.vivo.systemui.statusbar.policy.render.SafeBlurRenderView{ba4eacc G.ED..... ......I. 0,0-1080,2160 #7f0a0478 app:id/vivo_render_view}
03-26 12:27:59.519  2471  2471 V KeyguardDisplayManager: hide
03-26 12:27:59.520  1979 21765 I chatty  : uid=1000(system) Binder:1979_19 expire 24 lines
03-26 12:27:59.529 19354 19354 E SchedPolicy: set_timerslack_ns write failed: Operation not permitted
03-26 12:27:59.529  1979  3774 I chatty  : uid=1000(system) Binder:1979_E expire 3 lines
03-26 12:27:59.530 14894 14924 W ContextImpl: Calling a method in the system process without a qualified user: android.app.ContextImpl.sendBroadcast:970 android.content.ContextWrapper.sendBroadcast:437 com.vivo.contentcatcher.server.specialtreatment.vtouch.VTouch.onTopActivityChanged:69 java.lang.reflect.Method.invoke:-2 com.vivo.contentcatcher.catcher.engine.rx.RxBus$1.a:65 
03-26 12:27:59.530  1979 27393 I chatty  : uid=1000(system) Binder:1979_1E expire 31 lines
03-26 12:27:59.535  1979  2011 I chatty  : uid=1000(system) ActivityManager expire 3 lines
03-26 12:27:59.576  1979  2257 I chatty  : uid=1000(system) KeyguardUpdateM expire 36 lines
03-26 12:27:59.582  1979  2012 I chatty  : uid=1000(system) android.ui expire 15 lines
03-26 12:27:59.623  1979  2347 I chatty  : uid=1000(system) FaceDirection expire 2 lines
03-26 12:27:59.685  1979  2313 I chatty  : uid=1000(system) VivoLocationUti expire 1 line
03-26 12:27:59.686  2664  2664 W ContextImpl: Calling a method in the system process without a qualified user: android.app.ContextImpl.startService:1480 android.content.ContextWrapper.startService:650 com.vivo.daemonService.lll.onReceive:2827 android.app.LoadedApk$ReceiverDispatcher$Args.lambda$-android_app_LoadedApk$ReceiverDispatcher$Args_53080:1329 android.app.-$Lambda$aS31cHIhRx41653CMnd4gZqshIQ.$m$7:4 
03-26 12:27:59.686  2664  3177 W ContextImpl: Calling a method in the system process without a qualified user: android.app.ContextImpl.sendBroadcast:970 android.content.ContextWrapper.sendBroadcast:437 com.vivo.daemonService.IqooSecure.SoftwareLockService.ll11:643 com.vivo.daemonService.IqooSecure.SoftwareLockService.lll1ll:2271 com.vivo.daemonService.IqooSecure.SoftwareLockService.l1l1l:109 
03-26 12:27:59.718  1979  3771 I chatty  : uid=1000(system) Binder:1979_D expire 1 line
03-26 12:27:59.780  1335  1335 I wificond: Enters wifigbk_ageOutHistory
03-26 12:27:59.780  1335  1335 I wificond: Enters wifigbk_ageOutHistory
03-26 12:27:59.835  1979  1979 I chatty  : uid=1000 system_server expire 31 lines
03-26 12:27:59.842  2664  9979 W ContextImpl: Calling a method in the system process without a qualified user: android.app.ContextImpl.sendBroadcast:970 android.content.ContextWrapper.sendBroadcast:437 com.vivo.daemonService.calendar.CalendarService.llll11:197 com.vivo.daemonService.calendar.CalendarService.onHandleIntent:74 android.app.IntentService$ServiceHandler.handleMessage:76 
03-26 12:27:59.885  2664  3177 W ContextImpl: Calling a method in the system process without a qualified user: android.app.ContextImpl.sendBroadcast:970 android.content.ContextWrapper.sendBroadcast:437 com.vivo.daemonService.IqooSecure.SoftwareLockService.ll11:643 com.vivo.daemonService.IqooSecure.SoftwareLockService.lll1ll:2271 com.vivo.daemonService.IqooSecure.SoftwareLockService.l1l1l:109 
03-26 12:28:00.000  1979  2250 I chatty  : uid=1000(system) AlarmManager expire 1 line
03-26 12:28:00.044  1979  2282 I chatty  : uid=1000(system) InputDispatcher expire 7 lines
03-26 12:28:00.190  9927  9927 E ActivityThread: Failed to find provider info for com.tencent.mm.coolassist.debugprovider
03-26 12:28:00.227 14894 14924 W ContextImpl: Calling a method in the system process without a qualified user: android.app.ContextImpl.sendBroadcast:970 android.content.ContextWrapper.sendBroadcast:437 com.vivo.contentcatcher.server.specialtreatment.vtouch.VTouch.onTopActivityChanged:69 java.lang.reflect.Method.invoke:-2 com.vivo.contentcatcher.catcher.engine.rx.RxBus$1.a:65 
03-26 12:28:00.330  1335  1335 I wificond: Enters wifigbk_ageOutHistory
03-26 12:28:00.331  1335  1335 I wificond: Enters wifigbk_ageOutHistory
03-26 12:28:00.343  2664  2664 W ContextImpl: Calling a method in the system process without a qualified user: android.app.ContextImpl.sendBroadcast:970 android.content.ContextWrapper.sendBroadcast:437 com.vivo.daemonService.IqooSecure.SoftwareLockService.ll11:643 com.vivo.daemonService.IqooSecure.SoftwareLockService.ll1l1:2570 com.vivo.daemonService.IqooSecure.SoftwareLockService.ll11l:2548 
03-26 12:28:01.308 19354 19354 E SchedPolicy: set_timerslack_ns write failed: Operation not permitted
03-26 12:28:01.791 10075 10075 E ActivityThread: Failed to find provider info for com.tencent.mm.coolassist.debugprovider
03-26 12:28:01.822 10089 10089 E ActivityThread: Failed to find provider info for com.tencent.mm.coolassist.debugprovider
03-26 12:28:01.848 19354 19354 E SchedPolicy: set_timerslack_ns write failed: Operation not permitted
03-26 12:28:01.931  1979  1979 I chatty  : uid=1000 system_server expire 19 lines
03-26 12:28:02.063  1979  2319 I chatty  : uid=1000(system) Binder:1979_4 expire 12 lines
03-26 12:28:02.142  1979  2012 I chatty  : uid=1000(system) android.ui expire 3 lines
03-26 12:28:02.194  1979 21765 I chatty  : uid=1000(system) Binder:1979_19 expire 9 lines
03-26 12:28:02.251  1979 27393 I chatty  : uid=1000(system) Binder:1979_1E expire 29 lines
03-26 12:28:02.345  1979  2257 I chatty  : uid=1000(system) KeyguardUpdateM expire 5 lines
03-26 12:28:02.403  1979  2303 I chatty  : uid=1000(system) ConnectivitySer expire 76 lines
03-26 12:28:02.561  9927  9927 I FtBuild : getRomVersion mRomVer=4.0
03-26 12:28:02.933 19354 19354 E SchedPolicy: set_timerslack_ns write failed: Operation not permitted
03-26 12:28:02.994  1979 25807 I chatty  : uid=1000(system) Binder:1979_1C expire 21 lines
03-26 12:28:03.005  1979  2011 I chatty  : uid=1000(system) ActivityManager expire 62 lines
03-26 12:28:03.066  1979  2386 I chatty  : uid=1000(system) AutobacklightTh expire 4 lines
03-26 12:28:03.163  1979  3771 I chatty  : uid=1000(system) Binder:1979_D expire 4 lines
03-26 12:28:03.431 19354 19354 E SchedPolicy: set_timerslack_ns write failed: Operation not permitted
03-26 12:28:03.776  1979  3774 I chatty  : uid=1000(system) Binder:1979_E expire 2 lines
03-26 12:28:03.904  1979  2715 I chatty  : uid=1000(system) Binder:1979_9 expire 7 lines
03-26 12:28:04.197  1979  2040 I chatty  : uid=1000(system) PowerManagerSer expire 2 lines
03-26 12:28:05.130  1333  1493 E NetlinkEvent: NetlinkEvent::FindParam(): Parameter 'INTERFACE' not found
03-26 12:28:05.130  1333  1493 E NetlinkEvent: NetlinkEvent::FindParam(): Parameter 'STATE' not found
03-26 12:28:05.130  1333  1493 E NetlinkEvent: NetlinkEvent::FindParam(): Parameter 'TIME_NS' not found
03-26 12:28:05.130  1333  1493 E NetlinkEvent: NetlinkEvent::FindParam(): Parameter 'UID' not found
03-26 12:28:05.186  1979  2715 I chatty  : uid=1000(system) Binder:1979_9 expire 51 lines
03-26 12:28:05.191  1979 27393 I chatty  : uid=1000(system) Binder:1979_1E expire 8 lines
03-26 12:28:05.205  1979  2012 I chatty  : uid=1000(system) android.ui expire 46 lines
03-26 12:28:05.220  2664  2760 W ContextImpl: Calling a method in the system process without a qualified user: android.app.ContextImpl.sendBroadcast:970 android.content.ContextWrapper.sendBroadcast:437 com.vivo.daemonService.IqooSecure.SoftwareLockService.ll11:643 com.vivo.daemonService.IqooSecure.SoftwareLockService.l11:1038 com.vivo.daemonService.IqooSecure.SoftwareLockService.l11:109 
03-26 12:28:05.290 19354 19354 D PhoneWindow: DEBUG_ALIENSCREEN:getRotation mRotation=0
03-26 12:28:05.338 14894 14924 W ContextImpl: Calling a method in the system process without a qualified user: android.app.ContextImpl.sendBroadcast:970 android.content.ContextWrapper.sendBroadcast:437 com.vivo.contentcatcher.server.specialtreatment.vtouch.VTouch.onTopActivityChanged:69 java.lang.reflect.Method.invoke:-2 com.vivo.contentcatcher.catcher.engine.rx.RxBus$1.a:65 
03-26 12:28:05.942  2744 10401 W ContextImpl: Calling a method in the system process without a qualified user: android.app.ContextImpl.startService:1480 android.content.ContextWrapper.startService:650 com.vivo.smartmultiwindow.l1l.lllll.lll1ll:503 com.vivo.smartmultiwindow.services.ll111.run:284 java.lang.Thread.run:764 
03-26 12:28:05.943  1979 25807 I chatty  : uid=1000(system) Binder:1979_1C expire 13 lines
03-26 12:28:06.500  1979  2011 I chatty  : uid=1000(system) ActivityManager expire 18 lines
03-26 12:28:06.512  1979  3771 I chatty  : uid=1000(system) Binder:1979_D expire 24 lines
03-26 12:28:07.253 10405 10405 E ActivityThread: Failed to find provider info for com.tencent.mm.coolassist.debugprovider
03-26 12:28:07.443  1979  1979 I chatty  : uid=1000 system_server expire 14 lines
03-26 12:28:09.284  1979  2293 I chatty  : uid=1000(system) NetworkPolicy expire 6 lines
03-26 12:28:09.296  1979  2290 I chatty  : uid=1000(system) NetdConnector expire 3 lines
03-26 12:28:10.084  1979  2282 I chatty  : uid=1000(system) InputDispatcher expire 71 lines
03-26 12:28:10.315  1333  1493 E NetlinkEvent: NetlinkEvent::FindParam(): Parameter 'INTERFACE' not found
03-26 12:28:10.315  1333  1493 E NetlinkEvent: NetlinkEvent::FindParam(): Parameter 'STATE' not found
03-26 12:28:10.315  1333  1493 E NetlinkEvent: NetlinkEvent::FindParam(): Parameter 'TIME_NS' not found
03-26 12:28:10.315  1333  1493 E NetlinkEvent: NetlinkEvent::FindParam(): Parameter 'UID' not found
03-26 12:28:15.471  1333  1493 E NetlinkEvent: NetlinkEvent::FindParam(): Parameter 'INTERFACE' not found
03-26 12:28:15.471  1333  1493 E NetlinkEvent: NetlinkEvent::FindParam(): Parameter 'STATE' not found
03-26 12:28:15.471  1333  1493 E NetlinkEvent: NetlinkEvent::FindParam(): Parameter 'TIME_NS' not found
03-26 12:28:15.471  1333  1493 E NetlinkEvent: NetlinkEvent::FindParam(): Parameter 'UID' not found
03-26 12:28:16.672  1979  3774 I chatty  : uid=1000(system) Binder:1979_E expire 32 lines
03-26 12:28:19.930  1335  1335 I wificond: Enters wifigbk_ageOutHistory
03-26 12:28:19.934  1335  1335 I wificond: Enters wifigbk_ageOutHistory
03-26 12:28:22.614 10357 10505 E DexLoadReporter: Could not create the profile directory: /data/app/com.alibaba.android.rimet-1/lib/arm/oat/libsgmain.so.cur.prof
03-26 12:28:24.692 10357 10541 E DexLoadReporter: Could not create the profile directory: /data/app/com.alibaba.android.rimet-1/lib/arm/oat/libsgsecuritybody.so.cur.prof
03-26 12:28:24.729 10357 10541 E DexLoadReporter: Could not create the profile directory: /data/app/com.alibaba.android.rimet-1/lib/arm/oat/libsgmisc.so.cur.prof
03-26 12:28:26.535 14894 14924 W ContextImpl: Calling a method in the system process without a qualified user: android.app.ContextImpl.sendBroadcast:970 android.content.ContextWrapper.sendBroadcast:437 com.vivo.contentcatcher.server.specialtreatment.vtouch.VTouch.onTopActivityChanged:69 java.lang.reflect.Method.invoke:-2 com.vivo.contentcatcher.catcher.engine.rx.RxBus$1.a:65 
03-26 12:28:26.625  2664  2664 W ContextImpl: Calling a method in the system process without a qualified user: android.app.ContextImpl.sendBroadcast:970 android.content.ContextWrapper.sendBroadcast:437 com.vivo.daemonService.IqooSecure.SoftwareLockService.ll11:643 com.vivo.daemonService.IqooSecure.SoftwareLockService.ll1l1:2570 com.vivo.daemonService.IqooSecure.SoftwareLockService.ll11l:2548 
03-26 12:28:27.009  2744 10559 W ContextImpl: Calling a method in the system process without a qualified user: android.app.ContextImpl.stopService:1492 android.content.ContextWrapper.stopService:660 com.vivo.smartmultiwindow.l1l.lllll.llll11:523 com.vivo.smartmultiwindow.services.ll111.run:295 java.lang.Thread.run:764 
03-26 12:28:29.370  1333  1493 E NetlinkEvent: NetlinkEvent::FindParam(): Parameter 'INTERFACE' not found
03-26 12:28:29.370  1333  1493 E NetlinkEvent: NetlinkEvent::FindParam(): Parameter 'STATE' not found
03-26 12:28:29.370  1333  1493 E NetlinkEvent: NetlinkEvent::FindParam(): Parameter 'TIME_NS' not found
03-26 12:28:29.370  1333  1493 E NetlinkEvent: NetlinkEvent::FindParam(): Parameter 'UID' not found
03-26 12:28:37.288  1333  1493 E NetlinkEvent: NetlinkEvent::FindParam(): Parameter 'INTERFACE' not found
03-26 12:28:37.288  1333  1493 E NetlinkEvent: NetlinkEvent::FindParam(): Parameter 'STATE' not found
03-26 12:28:37.288  1333  1493 E NetlinkEvent: NetlinkEvent::FindParam(): Parameter 'TIME_NS' not found
03-26 12:28:37.288  1333  1493 E NetlinkEvent: NetlinkEvent::FindParam(): Parameter 'UID' not found
03-26 12:28:39.221  1979  2012 I chatty  : uid=1000(system) android.ui expire 51 lines
03-26 12:28:39.287  1979  2282 I chatty  : uid=1000(system) InputDispatcher expire 35 lines
03-26 12:28:39.402  1979  2250 I chatty  : uid=1000(system) AlarmManager expire 5 lines
03-26 12:28:39.407  1979  2296 I chatty  : uid=1000(system) WifiStateMachin expire 1 line
03-26 12:28:40.035  1335  1335 I wificond: Enters wifigbk_ageOutHistory
03-26 12:28:40.038  1335  1335 I wificond: Enters wifigbk_ageOutHistory
03-26 12:28:41.252  1979  2715 I chatty  : uid=1000(system) Binder:1979_9 expire 7 lines
03-26 12:28:43.076  1333  1493 E NetlinkEvent: NetlinkEvent::FindParam(): Parameter 'INTERFACE' not found
03-26 12:28:43.076  1333  1493 E NetlinkEvent: NetlinkEvent::FindParam(): Parameter 'STATE' not found
03-26 12:28:43.076  1333  1493 E NetlinkEvent: NetlinkEvent::FindParam(): Parameter 'TIME_NS' not found
03-26 12:28:43.076  1333  1493 E NetlinkEvent: NetlinkEvent::FindParam(): Parameter 'UID' not found
03-26 12:28:44.237  1979 25807 I chatty  : uid=1000(system) Binder:1979_1C expire 33 lines
03-26 12:28:45.026  1979  2011 I chatty  : uid=1000(system) ActivityManager expire 40 lines
03-26 12:28:58.167  1979  2290 I chatty  : uid=1000(system) NetdConnector expire 1 line
03-26 12:28:58.248  1979  2386 I chatty  : uid=1000(system) AutobacklightTh expire 1 line
03-26 12:28:58.248  1979  2042 I chatty  : uid=1000(system) WakelockControl expire 1 line
03-26 12:28:58.253  1979  2313 I chatty  : uid=1000(system) VivoLocationUti expire 2 lines
03-26 12:28:58.280  1979  3771 I chatty  : uid=1000(system) Binder:1979_D expire 7 lines
03-26 12:28:58.283 14894 14924 W ContextImpl: Calling a method in the system process without a qualified user: android.app.ContextImpl.sendBroadcast:970 android.content.ContextWrapper.sendBroadcast:437 com.vivo.contentcatcher.server.specialtreatment.vtouch.VTouch.onTopActivityChanged:69 java.lang.reflect.Method.invoke:-2 com.vivo.contentcatcher.catcher.engine.rx.RxBus$1.a:65 
03-26 12:28:58.304  1979  3802 I chatty  : uid=1000(system) Binder:1979_10 expire 8 lines
03-26 12:28:58.312  1979  4966 I chatty  : uid=1000(system) Binder:1979_14 expire 4 lines
03-26 12:28:59.284  1979  1979 I chatty  : uid=1000 system_server expire 6 lines
03-26 12:28:59.293  1979  2319 I chatty  : uid=1000(system) Binder:1979_4 expire 3 lines
03-26 12:28:59.362  1979  1994 I chatty  : uid=1000(system) Binder:1979_1 expire 3 lines
03-26 12:28:59.368 19354 19354 E SchedPolicy: set_timerslack_ns write failed: Operation not permitted
03-26 12:28:59.449  1979  3905 I chatty  : uid=1000(system) Binder:1979_12 expire 5 lines
03-26 12:28:59.730  1979  2010 I chatty  : uid=1000(system) android.bg expire 10 lines
03-26 12:28:59.731  1979  4115 I chatty  : uid=1000(system) IzatProvider expire 2 lines
03-26 12:28:59.764  1979  2614 I chatty  : uid=1000(system) VivoCoreLocatio expire 1 line
03-26 12:28:59.904  1979  2283 I chatty  : uid=1000(system) InputReader expire 21 lines
03-26 12:29:00.011  1335  1335 I wificond: Enters wifigbk_ageOutHistory
03-26 12:29:00.025  1335  1335 I wificond: Enters wifigbk_ageOutHistory
03-26 12:29:00.027  1979  2040 I chatty  : uid=1000(system) PowerManagerSer expire 10 lines
03-26 12:29:00.050  1979  2389 I chatty  : uid=1000(system) AntiMisoperatio expire 3 lines
03-26 12:29:00.051  1979  5026 I chatty  : uid=1000(system) pool-8-thread-1 expire 1 line
03-26 12:29:00.063  1979  6068 I chatty  : uid=1000(system) Binder:1979_15 expire 1 line
03-26 12:29:00.070  1979  2257 I chatty  : uid=1000(system) KeyguardUpdateM expire 43 lines
03-26 12:29:00.071  1979  1979 I chatty  : uid=1000 system_server expire 56 lines
03-26 12:29:00.082  1979  6068 I chatty  : uid=1000(system) Binder:1979_15 expire 20 lines
03-26 12:29:00.082  1979  3771 I chatty  : uid=1000(system) Binder:1979_D expire 26 lines
03-26 12:29:00.083  1979  2010 I chatty  : uid=1000(system) android.bg expire 6 lines
03-26 12:29:00.084  1979  4115 I chatty  : uid=1000(system) IzatProvider expire 3 lines
03-26 12:29:00.101  1979  2040 I chatty  : uid=1000(system) PowerManagerSer expire 24 lines
03-26 12:29:00.101  1979  2392 I chatty  : uid=1000(system) PhotonicModulat expire 18 lines
03-26 12:29:00.101  1979  2386 I chatty  : uid=1000(system) AutobacklightTh expire 3 lines
03-26 12:29:00.121  1979  2331 I chatty  : uid=1000(system) TSLcdState expire 18 lines
03-26 12:29:00.149  1979  3802 I chatty  : uid=1000(system) Binder:1979_10 expire 11 lines
03-26 12:29:00.210  1979  2347 I chatty  : uid=1000(system) FaceDirection expire 2 lines
03-26 12:29:00.214  1979  2011 I chatty  : uid=1000(system) ActivityManager expire 4 lines
03-26 12:29:00.224  1979  2032 I chatty  : uid=1000(system) android.display expire 4 lines
03-26 12:29:00.238  1979  3905 I chatty  : uid=1000(system) Binder:1979_12 expire 6 lines
03-26 12:29:00.258  2471  2471 I View    : updateSystemUiVisibility, blackBackground = false, getVisibility() = 8, getWindowVisibility() = 0, viewBounds = Rect(0, 0 - 0, 0), windowBounds = Rect(0, 0 - 0, 0), view = TextureView:com.vivo.common.widget.BlurRenderView{f83c4d2 G.ED..... ......ID 0,0-1080,2160}
03-26 12:29:00.258  2471  2471 I View    : updateSystemUiVisibility, blackBackground = false, getVisibility() = 8, getWindowVisibility() = 0, viewBounds = Rect(0, 0 - 0, 0), windowBounds = Rect(0, 0 - 0, 0), view = TextureView:com.vivo.systemui.statusbar.policy.render.SafeBlurRenderView{ba4eacc G.ED..... ......I. 0,0-1080,2160 #7f0a0478 app:id/vivo_render_view}
03-26 12:29:00.266  2471  2471 I View    : updateSystemUiVisibility, blackBackground = false, getVisibility() = 8, getWindowVisibility() = 0, viewBounds = Rect(0, 0 - 0, 0), windowBounds = Rect(0, 0 - 0, 0), view = TextureView:com.vivo.common.widget.BlurRenderView{f83c4d2 G.ED..... ......ID 0,0-1080,2160}
03-26 12:29:00.277  1979  2715 I chatty  : uid=1000(system) Binder:1979_9 expire 4 lines
03-26 12:29:00.283  2471  2471 V KeyguardDisplayManager: show
03-26 12:29:00.537  1979  2030 I chatty  : uid=1000(system) android.fg expire 1 line
03-26 12:29:00.616  1979  2290 I chatty  : uid=1000(system) NetdConnector expire 5 lines
03-26 12:29:00.666  1979  1994 I chatty  : uid=1000(system) Binder:1979_1 expire 7 lines
03-26 12:29:00.674  1979  2319 I chatty  : uid=1000(system) Binder:1979_4 expire 1 line
03-26 12:29:00.785  1979  2614 I chatty  : uid=1000(system) VivoCoreLocatio expire 1 line
03-26 12:29:06.353  1979  2389 I chatty  : uid=1000(system) AntiMisoperatio expire 4 lines
03-26 12:29:08.343  1333  1493 E NetlinkEvent: NetlinkEvent::FindParam(): Parameter 'INTERFACE' not found
03-26 12:29:08.343  1333  1493 E NetlinkEvent: NetlinkEvent::FindParam(): Parameter 'STATE' not found
03-26 12:29:08.343  1333  1493 E NetlinkEvent: NetlinkEvent::FindParam(): Parameter 'TIME_NS' not found
03-26 12:29:08.343  1333  1493 E NetlinkEvent: NetlinkEvent::FindParam(): Parameter 'UID' not found
03-26 12:29:09.689  1979  2011 I chatty  : uid=1000(system) ActivityManager expire 5 lines
03-26 12:29:09.845  1979  3771 I chatty  : uid=1000(system) Binder:1979_D expire 2 lines
03-26 12:29:17.681  1979  2250 I chatty  : uid=1000(system) AlarmManager expire 4 lines
03-26 12:29:17.690  1979  2715 I chatty  : uid=1000(system) Binder:1979_9 expire 10 lines
03-26 12:29:17.709  1979  1979 I chatty  : uid=1000 system_server expire 47 lines
03-26 12:29:21.762  1979  2290 I chatty  : uid=1000(system) NetdConnector expire 6 lines
03-26 12:29:33.215  1979  3802 I chatty  : uid=1000(system) Binder:1979_10 expire 8 lines
03-26 12:29:33.221  1333  1493 E NetlinkEvent: NetlinkEvent::FindParam(): Parameter 'INTERFACE' not found
03-26 12:29:33.221  1333  1493 E NetlinkEvent: NetlinkEvent::FindParam(): Parameter 'STATE' not found
03-26 12:29:33.221  1333  1493 E NetlinkEvent: NetlinkEvent::FindParam(): Parameter 'TIME_NS' not found
03-26 12:29:33.221  1333  1493 E NetlinkEvent: NetlinkEvent::FindParam(): Parameter 'UID' not found
03-26 12:29:42.296  1979  2030 I chatty  : uid=1000(system) android.fg expire 2 lines
03-26 12:29:57.396  1333  1493 E NetlinkEvent: NetlinkEvent::FindParam(): Parameter 'INTERFACE' not found
03-26 12:29:57.396  1333  1493 E NetlinkEvent: NetlinkEvent::FindParam(): Parameter 'STATE' not found
03-26 12:29:57.396  1333  1493 E NetlinkEvent: NetlinkEvent::FindParam(): Parameter 'TIME_NS' not found
03-26 12:29:57.396  1333  1493 E NetlinkEvent: NetlinkEvent::FindParam(): Parameter 'UID' not found
03-26 12:30:04.789  1335  1335 I wificond: Pno scan started
03-26 12:30:05.068  1979  2257 I chatty  : uid=1000(system) KeyguardUpdateM expire 27 lines
03-26 12:30:05.069  1979  2336 I chatty  : uid=1000(system) ProximityExcept expire 1 line
03-26 12:30:05.588  1979  2283 I chatty  : uid=1000(system) InputReader expire 7 lines
03-26 12:30:05.589  1979  2261 I chatty  : uid=1000(system) WakeupByWho expire 4 lines
03-26 12:30:05.591  1979  2040 I chatty  : uid=1000(system) PowerManagerSer expire 62 lines
03-26 12:30:05.592  1979  2382 I chatty  : uid=1000(system) FingerprintWake expire 9 lines
03-26 12:30:05.593  1979  2392 I chatty  : uid=1000(system) PhotonicModulat expire 20 lines
03-26 12:30:05.593  1979  2386 I chatty  : uid=1000(system) AutobacklightTh expire 2 lines
03-26 12:30:05.593  1979  2032 I chatty  : uid=1000(system) android.display expire 2 lines
03-26 12:30:05.601  1979  6068 I chatty  : uid=1000(system) Binder:1979_15 expire 27 lines
03-26 12:30:05.606  1979  4966 I chatty  : uid=1000(system) Binder:1979_14 expire 2 lines
03-26 12:30:05.608  1979  2259 I chatty  : uid=1000(system) VivoPhonePositi expire 2 lines
03-26 12:30:05.633  1979  1994 I chatty  : uid=1000(system) Binder:1979_1 expire 6 lines
03-26 12:30:05.772  1979  5026 I chatty  : uid=1000(system) pool-8-thread-1 expire 1 line
03-26 12:30:05.780  2682  2682 D FtColorManager: getActiveMode mode0
03-26 12:30:05.786  1979 27393 I chatty  : uid=1000(system) Binder:1979_1E expire 1 line
03-26 12:30:05.788  2471  2471 I View    : updateSystemUiVisibility, blackBackground = false, getVisibility() = 8, getWindowVisibility() = 0, viewBounds = Rect(0, 0 - 0, 0), windowBounds = Rect(0, 0 - 0, 0), view = TextureView:com.vivo.common.widget.BlurRenderView{f83c4d2 G.ED..... ......ID 0,0-1080,2160}
03-26 12:30:05.809  1979  2331 I chatty  : uid=1000(system) TSLcdState expire 3 lines
03-26 12:30:05.810  1979  2391 I chatty  : uid=1000(system) FingerprintAnal expire 12 lines
03-26 12:30:05.818  1335  1335 I wificond: Pno scan stopped
03-26 12:30:05.840  1979  2032 I chatty  : uid=1000(system) android.display expire 8 lines
03-26 12:30:05.842  1979  2012 I chatty  : uid=1000(system) android.ui expire 9 lines
03-26 12:30:05.853  1979 27393 I chatty  : uid=1000(system) Binder:1979_1E expire 8 lines
03-26 12:30:05.858  1979  2319 I chatty  : uid=1000(system) Binder:1979_4 expire 7 lines
03-26 12:30:05.864  1979  6068 I chatty  : uid=1000(system) Binder:1979_15 expire 8 lines
03-26 12:30:05.872  1979  2040 I chatty  : uid=1000(system) PowerManagerSer expire 82 lines
03-26 12:30:05.880 14894 14924 W ContextImpl: Calling a method in the system process without a qualified user: android.app.ContextImpl.sendBroadcast:970 android.content.ContextWrapper.sendBroadcast:437 com.vivo.contentcatcher.server.specialtreatment.vtouch.VTouch.onTopActivityChanged:69 java.lang.reflect.Method.invoke:-2 com.vivo.contentcatcher.catcher.engine.rx.RxBus$1.a:65 
03-26 12:30:05.898  2471  2471 I View    : updateSystemUiVisibility, blackBackground = false, getVisibility() = 8, getWindowVisibility() = 0, viewBounds = Rect(0, 0 - 0, 0), windowBounds = Rect(0, 0 - 0, 0), view = TextureView:com.vivo.common.widget.BlurRenderView{f83c4d2 G.ED..... ......ID 0,0-1080,2160}
03-26 12:30:05.898  2471  2471 I View    : updateSystemUiVisibility, blackBackground = false, getVisibility() = 8, getWindowVisibility() = 0, viewBounds = Rect(0, 0 - 0, 0), windowBounds = Rect(0, 0 - 0, 0), view = TextureView:com.vivo.systemui.statusbar.policy.render.SafeBlurRenderView{ba4eacc G.ED..... ......I. 0,0-1080,2160 #7f0a0478 app:id/vivo_render_view}
03-26 12:30:05.902  1979  2715 I chatty  : uid=1000(system) Binder:1979_9 expire 7 lines
03-26 12:30:05.904  2471  2471 V KeyguardDisplayManager: hide
03-26 12:30:05.905  1979  3806 I chatty  : uid=1000(system) Binder:1979_11 expire 4 lines
03-26 12:30:05.969  1979  2257 I chatty  : uid=1000(system) KeyguardUpdateM expire 31 lines
03-26 12:30:05.977  1979 25807 I chatty  : uid=1000(system) Binder:1979_1C expire 5 lines
03-26 12:30:05.978  1979  2347 I chatty  : uid=1000(system) FaceDirection expire 2 lines
03-26 12:30:05.995  1979  4966 I chatty  : uid=1000(system) Binder:1979_14 expire 4 lines
03-26 12:30:05.998  1979  2011 I chatty  : uid=1000(system) ActivityManager expire 56 lines
03-26 12:30:06.004  2664  2664 W ContextImpl: Calling a method in the system process without a qualified user: android.app.ContextImpl.startService:1480 android.content.ContextWrapper.startService:650 com.vivo.daemonService.lll.onReceive:2827 android.app.LoadedApk$ReceiverDispatcher$Args.lambda$-android_app_LoadedApk$ReceiverDispatcher$Args_53080:1329 android.app.-$Lambda$aS31cHIhRx41653CMnd4gZqshIQ.$m$7:4 
03-26 12:30:06.006  1979  2313 I chatty  : uid=1000(system) VivoLocationUti expire 2 lines
03-26 12:30:06.008  1979  1994 I chatty  : uid=1000(system) Binder:1979_1 expire 3 lines
03-26 12:30:06.090  1979  2386 I chatty  : uid=1000(system) AutobacklightTh expire 2 lines
03-26 12:30:06.105  1979  3905 I chatty  : uid=1000(system) Binder:1979_12 expire 6 lines
03-26 12:30:06.150  2664 10839 W ContextImpl: Calling a method in the system process without a qualified user: android.app.ContextImpl.sendBroadcast:970 android.content.ContextWrapper.sendBroadcast:437 com.vivo.daemonService.calendar.CalendarService.llll11:197 com.vivo.daemonService.calendar.CalendarService.onHandleIntent:74 android.app.IntentService$ServiceHandler.handleMessage:76 
03-26 12:30:06.154  1979  1979 I chatty  : uid=1000 system_server expire 5 lines
03-26 12:30:06.339  1335  1335 I wificond: Enters wifigbk_ageOutHistory
03-26 12:30:06.339  1335  1335 I wificond: Enters wifigbk_ageOutHistory
03-26 12:30:07.126  1335  1335 I wificond: Enters wifigbk_ageOutHistory
03-26 12:30:07.129  1335  1335 I wificond: Enters wifigbk_ageOutHistory
03-26 12:30:07.476  1979  2010 I chatty  : uid=1000(system) android.bg expire 15 lines
03-26 12:30:07.477  1979  4115 I chatty  : uid=1000(system) IzatProvider expire 5 lines
03-26 12:30:07.494  1979  2614 I chatty  : uid=1000(system) VivoCoreLocatio expire 1 line
03-26 12:30:07.727  1979  2715 I chatty  : uid=1000(system) Binder:1979_9 expire 1 line
03-26 12:30:07.734  1979  2040 I chatty  : uid=1000(system) PowerManagerSer expire 18 lines
03-26 12:30:08.619  1979  3905 I chatty  : uid=1000(system) Binder:1979_12 expire 18 lines
03-26 12:30:08.774  1979  2257 I chatty  : uid=1000(system) KeyguardUpdateM expire 5 lines
03-26 12:30:11.337  1979  2282 I chatty  : uid=1000(system) InputDispatcher expire 24 lines
03-26 12:30:11.403  1979  2012 I chatty  : uid=1000(system) android.ui expire 20 lines
03-26 12:30:11.416  1979  2011 I chatty  : uid=1000(system) ActivityManager expire 17 lines
03-26 12:30:11.428  1979  1979 I chatty  : uid=1000 system_server expire 2 lines
03-26 12:30:11.457  1979  3806 I chatty  : uid=1000(system) Binder:1979_11 expire 15 lines
03-26 12:30:11.631  1979 27393 I chatty  : uid=1000(system) Binder:1979_1E expire 20 lines
03-26 12:30:12.203  2664  2680 W ContextImpl: Calling a method in the system process without a qualified user: android.app.ContextImpl.sendBroadcast:970 android.content.ContextWrapper.sendBroadcast:437 com.vivo.daemonService.IqooSecure.SoftwareLockService.ll11:643 com.vivo.daemonService.IqooSecure.SoftwareLockService.l11:1038 com.vivo.daemonService.IqooSecure.SoftwareLockService.l11:109 
03-26 12:30:12.251  1979  2042 I chatty  : uid=1000(system) WakelockControl expire 2 lines
03-26 12:30:12.252  1979  2386 I chatty  : uid=1000(system) AutobacklightTh expire 2 lines
03-26 12:30:12.283  1979  1994 I chatty  : uid=1000(system) Binder:1979_1 expire 3 lines
03-26 12:30:12.308 14894 14924 W ContextImpl: Calling a method in the system process without a qualified user: android.app.ContextImpl.sendBroadcast:970 android.content.ContextWrapper.sendBroadcast:437 com.vivo.contentcatcher.server.specialtreatment.vtouch.VTouch.onTopActivityChanged:69 java.lang.reflect.Method.invoke:-2 com.vivo.contentcatcher.catcher.engine.rx.RxBus$1.a:65 
03-26 12:30:12.364 19354 19354 E SchedPolicy: set_timerslack_ns write failed: Operation not permitted
03-26 12:30:12.402  1979 25808 I chatty  : uid=1000(system) Binder:1979_1D expire 15 lines
03-26 12:30:12.408  2664  2664 W ContextImpl: Calling a method in the system process without a qualified user: android.app.ContextImpl.sendBroadcast:970 android.content.ContextWrapper.sendBroadcast:437 com.vivo.daemonService.IqooSecure.SoftwareLockService.ll11:643 com.vivo.daemonService.IqooSecure.SoftwareLockService.ll1l1:2570 com.vivo.daemonService.IqooSecure.SoftwareLockService.ll11l:2548 
03-26 12:30:12.775  1979  2333 I chatty  : uid=1000(system) VivoPermission expire 1 line
03-26 12:30:13.237  1979  6068 I chatty  : uid=1000(system) Binder:1979_15 expire 27 lines
03-26 12:30:13.291  1979  3802 I chatty  : uid=1000(system) Binder:1979_10 expire 43 lines
03-26 12:30:17.714  2664  2680 W ContextImpl: Calling a method in the system process without a qualified user: android.app.ContextImpl.sendBroadcast:970 android.content.ContextWrapper.sendBroadcast:437 com.vivo.daemonService.IqooSecure.SoftwareLockService.ll11:643 com.vivo.daemonService.IqooSecure.SoftwareLockService.l11:1038 com.vivo.daemonService.IqooSecure.SoftwareLockService.l11:109 
03-26 12:30:17.778  1979 20396 I chatty  : uid=1000(system) Binder:1979_18 expire 3 lines
03-26 12:30:17.791 19354 19354 D PhoneWindow: DEBUG_ALIENSCREEN:getRotation mRotation=0
03-26 12:30:17.834 19354 19354 D PhoneWindow: DEBUG_ALIENSCREEN:getRotation mRotation=0
03-26 12:30:17.861 14894 14924 W ContextImpl: Calling a method in the system process without a qualified user: android.app.ContextImpl.sendBroadcast:970 android.content.ContextWrapper.sendBroadcast:437 com.vivo.contentcatcher.server.specialtreatment.vtouch.VTouch.onTopActivityChanged:69 java.lang.reflect.Method.invoke:-2 com.vivo.contentcatcher.catcher.engine.rx.RxBus$1.a:65 
03-26 12:30:19.234  2664  2680 W ContextImpl: Calling a method in the system process without a qualified user: android.app.ContextImpl.sendBroadcast:970 android.content.ContextWrapper.sendBroadcast:437 com.vivo.daemonService.IqooSecure.SoftwareLockService.ll11:643 com.vivo.daemonService.IqooSecure.SoftwareLockService.l11:1038 com.vivo.daemonService.IqooSecure.SoftwareLockService.l11:109 
03-26 12:30:19.295 19354 19354 D PhoneWindow: DEBUG_ALIENSCREEN:getRotation mRotation=0
03-26 12:30:19.316  1979  2319 I chatty  : uid=1000(system) Binder:1979_4 expire 22 lines
03-26 12:30:19.328 14894 14924 W ContextImpl: Calling a method in the system process without a qualified user: android.app.ContextImpl.sendBroadcast:970 android.content.ContextWrapper.sendBroadcast:437 com.vivo.contentcatcher.server.specialtreatment.vtouch.VTouch.onTopActivityChanged:69 java.lang.reflect.Method.invoke:-2 com.vivo.contentcatcher.catcher.engine.rx.RxBus$1.a:65 
03-26 12:30:20.385 14894 14924 W ContextImpl: Calling a method in the system process without a qualified user: android.app.ContextImpl.sendBroadcast:970 android.content.ContextWrapper.sendBroadcast:437 com.vivo.contentcatcher.server.specialtreatment.vtouch.VTouch.onTopActivityChanged:69 java.lang.reflect.Method.invoke:-2 com.vivo.contentcatcher.catcher.engine.rx.RxBus$1.a:65 
03-26 12:30:20.403 19354 19354 W ViewRootImpl[SettingsUI]: Dropping event due to no window focus: KeyEvent { action=ACTION_DOWN, keyCode=KEYCODE_BACK, scanCode=0, metaState=0, flags=0x48, repeatCount=0, eventTime=292582624, downTime=292582624, deviceId=-1, source=0x101 }
03-26 12:30:20.531  2664  2664 W ContextImpl: Calling a method in the system process without a qualified user: android.app.ContextImpl.sendBroadcast:970 android.content.ContextWrapper.sendBroadcast:437 com.vivo.daemonService.IqooSecure.SoftwareLockService.ll11:643 com.vivo.daemonService.IqooSecure.SoftwareLockService.ll1l1:2570 com.vivo.daemonService.IqooSecure.SoftwareLockService.ll11l:2548 
03-26 12:30:20.639 14894 14924 W ContextImpl: Calling a method in the system process without a qualified user: android.app.ContextImpl.sendBroadcast:970 android.content.ContextWrapper.sendBroadcast:437 com.vivo.contentcatcher.server.specialtreatment.vtouch.VTouch.onTopActivityChanged:69 java.lang.reflect.Method.invoke:-2 com.vivo.contentcatcher.catcher.engine.rx.RxBus$1.a:65 
03-26 12:30:20.726 19354 19354 W ViewRootImpl[LauncherUI]: Dropping event due to no window focus: KeyEvent { action=ACTION_DOWN, keyCode=KEYCODE_BACK, scanCode=0, metaState=0, flags=0x48, repeatCount=0, eventTime=292582968, downTime=292582968, deviceId=-1, source=0x101 }
03-26 12:30:20.782 19354 19354 W ViewRootImpl[LauncherUI]: Cancelling event due to no window focus: KeyEvent { action=ACTION_UP, keyCode=KEYCODE_BACK, scanCode=0, metaState=0, flags=0x68, repeatCount=0, eventTime=292583060, downTime=292582968, deviceId=-1, source=0x101 }
03-26 12:30:20.782 19354 19354 I chatty  : uid=10132(com.tencent.mm) identical 6 lines
03-26 12:30:20.782 19354 19354 W ViewRootImpl[LauncherUI]: Cancelling event due to no window focus: KeyEvent { action=ACTION_UP, keyCode=KEYCODE_BACK, scanCode=0, metaState=0, flags=0x68, repeatCount=0, eventTime=292583060, downTime=292582968, deviceId=-1, source=0x101 }
03-26 12:30:20.797  2664  2664 W ContextImpl: Calling a method in the system process without a qualified user: android.app.ContextImpl.sendBroadcast:970 android.content.ContextWrapper.sendBroadcast:437 com.vivo.daemonService.IqooSecure.SoftwareLockService.ll11:643 com.vivo.daemonService.IqooSecure.SoftwareLockService.ll1l1:2570 com.vivo.daemonService.IqooSecure.SoftwareLockService.ll11l:2548 
03-26 12:30:21.068 19354 19354 W ViewRootImpl[LauncherUI]: Cancelling event due to no window focus: KeyEvent { action=ACTION_UP, keyCode=KEYCODE_BACK, scanCode=0, metaState=0, flags=0x68, repeatCount=0, eventTime=292583298, downTime=292583290, deviceId=-1, source=0x101 }
03-26 12:30:21.068 19354 19354 W ViewRootImpl[LauncherUI]: Cancelling event due to no window focus: KeyEvent { action=ACTION_UP, keyCode=KEYCODE_BACK, scanCode=0, metaState=0, flags=0x68, repeatCount=0, eventTime=292583298, downTime=292583290, deviceId=-1, source=0x101 }
03-26 12:30:21.071  1979  2313 I chatty  : uid=1000(system) VivoLocationUti expire 1 line
03-26 12:30:21.077  1979 25807 I chatty  : uid=1000(system) Binder:1979_1C expire 2 lines
03-26 12:30:21.080 14894 14924 W ContextImpl: Calling a method in the system process without a qualified user: android.app.ContextImpl.sendBroadcast:970 android.content.ContextWrapper.sendBroadcast:437 com.vivo.contentcatcher.server.specialtreatment.vtouch.VTouch.onTopActivityChanged:69 java.lang.reflect.Method.invoke:-2 com.vivo.contentcatcher.catcher.engine.rx.RxBus$1.a:65 
03-26 12:30:21.081  1979 21765 I chatty  : uid=1000(system) Binder:1979_19 expire 22 lines
03-26 12:30:21.095 19354 19354 W ViewRootImpl[LauncherUI]: Cancelling event due to no window focus: KeyEvent { action=ACTION_UP, keyCode=KEYCODE_BACK, scanCode=0, metaState=0, flags=0x68, repeatCount=0, eventTime=292583298, downTime=292583290, deviceId=-1, source=0x101 }
03-26 12:30:21.096 19354 19354 W ViewRootImpl[LauncherUI]: Cancelling event due to no window focus: KeyEvent { action=ACTION_UP, keyCode=KEYCODE_BACK, scanCode=0, metaState=0, flags=0x68, repeatCount=0, eventTime=292583298, downTime=292583290, deviceId=-1, source=0x101 }
